Archive member included to satisfy reference by file (symbol)

/usr/lib/arm-none-eabi/newlib/thumb/v7-m/nofp/libc.a(lib_a-atof.o)
                              build_ak-base-kit-stm32l151-application/WString.o (atof)
/usr/lib/arm-none-eabi/newlib/thumb/v7-m/nofp/libc.a(lib_a-atol.o)
                              build_ak-base-kit-stm32l151-application/WString.o (atol)
/usr/lib/arm-none-eabi/newlib/thumb/v7-m/nofp/libc.a(lib_a-isspace.o)
                              build_ak-base-kit-stm32l151-application/WString.o (isspace)
/usr/lib/arm-none-eabi/newlib/thumb/v7-m/nofp/libc.a(lib_a-malloc.o)
                              build_ak-base-kit-stm32l151-application/message.o (malloc)
/usr/lib/arm-none-eabi/newlib/thumb/v7-m/nofp/libc.a(lib_a-mallocr.o)
                              /usr/lib/arm-none-eabi/newlib/thumb/v7-m/nofp/libc.a(lib_a-malloc.o) (_malloc_r)
/usr/lib/arm-none-eabi/newlib/thumb/v7-m/nofp/libc.a(lib_a-memcmp.o)
                              build_ak-base-kit-stm32l151-application/task_fw.o (memcmp)
/usr/lib/arm-none-eabi/newlib/thumb/v7-m/nofp/libc.a(lib_a-memcpy.o)
                              build_ak-base-kit-stm32l151-application/message.o (memcpy)
/usr/lib/arm-none-eabi/newlib/thumb/v7-m/nofp/libc.a(lib_a-memmove.o)
                              build_ak-base-kit-stm32l151-application/WString.o (memmove)
/usr/lib/arm-none-eabi/newlib/thumb/v7-m/nofp/libc.a(lib_a-memset.o)
                              build_ak-base-kit-stm32l151-application/task.o (memset)
/usr/lib/arm-none-eabi/newlib/thumb/v7-m/nofp/libc.a(lib_a-mlock.o)
                              /usr/lib/arm-none-eabi/newlib/thumb/v7-m/nofp/libc.a(lib_a-mallocr.o) (__malloc_lock)
/usr/lib/arm-none-eabi/newlib/thumb/v7-m/nofp/libc.a(lib_a-rand.o)
                              build_ak-base-kit-stm32l151-application/WMath.o (srand)
/usr/lib/arm-none-eabi/newlib/thumb/v7-m/nofp/libc.a(lib_a-realloc.o)
                              build_ak-base-kit-stm32l151-application/WString.o (realloc)
/usr/lib/arm-none-eabi/newlib/thumb/v7-m/nofp/libc.a(lib_a-reallocr.o)
                              /usr/lib/arm-none-eabi/newlib/thumb/v7-m/nofp/libc.a(lib_a-realloc.o) (_realloc_r)
/usr/lib/arm-none-eabi/newlib/thumb/v7-m/nofp/libc.a(lib_a-sbrkr.o)
                              /usr/lib/arm-none-eabi/newlib/thumb/v7-m/nofp/libc.a(lib_a-mallocr.o) (_sbrk_r)
/usr/lib/arm-none-eabi/newlib/thumb/v7-m/nofp/libc.a(lib_a-strcat.o)
                              build_ak-base-kit-stm32l151-application/dtostrf.o (strcat)
/usr/lib/arm-none-eabi/newlib/thumb/v7-m/nofp/libc.a(lib_a-strchr.o)
                              build_ak-base-kit-stm32l151-application/WString.o (strchr)
/usr/lib/arm-none-eabi/newlib/thumb/v7-m/nofp/libc.a(lib_a-strcmp.o)
                              build_ak-base-kit-stm32l151-application/cmd_line.o (strcmp)
/usr/lib/arm-none-eabi/newlib/thumb/v7-m/nofp/libc.a(lib_a-strcpy.o)
                              build_ak-base-kit-stm32l151-application/sys_dbg.o (strcpy)
/usr/lib/arm-none-eabi/newlib/thumb/v7-m/nofp/libc.a(lib_a-strlen-stub.o)
                              build_ak-base-kit-stm32l151-application/xprintf.o (strlen)
/usr/lib/arm-none-eabi/newlib/thumb/v7-m/nofp/libc.a(lib_a-strncmp.o)
                              build_ak-base-kit-stm32l151-application/WString.o (strncmp)
/usr/lib/arm-none-eabi/newlib/thumb/v7-m/nofp/libc.a(lib_a-strncpy.o)
                              build_ak-base-kit-stm32l151-application/WString.o (strncpy)
/usr/lib/arm-none-eabi/newlib/thumb/v7-m/nofp/libc.a(lib_a-strrchr.o)
                              build_ak-base-kit-stm32l151-application/WString.o (strrchr)
/usr/lib/arm-none-eabi/newlib/thumb/v7-m/nofp/libc.a(lib_a-strstr.o)
                              build_ak-base-kit-stm32l151-application/WString.o (strstr)
/usr/lib/arm-none-eabi/newlib/thumb/v7-m/nofp/libc.a(lib_a-strtod.o)
                              /usr/lib/arm-none-eabi/newlib/thumb/v7-m/nofp/libc.a(lib_a-atof.o) (strtod)
/usr/lib/arm-none-eabi/newlib/thumb/v7-m/nofp/libc.a(lib_a-strtol.o)
                              /usr/lib/arm-none-eabi/newlib/thumb/v7-m/nofp/libc.a(lib_a-atol.o) (_strtol_r)
/usr/lib/arm-none-eabi/newlib/thumb/v7-m/nofp/libc.a(lib_a-tolower.o)
                              build_ak-base-kit-stm32l151-application/WString.o (tolower)
/usr/lib/arm-none-eabi/newlib/thumb/v7-m/nofp/libc.a(lib_a-toupper.o)
                              build_ak-base-kit-stm32l151-application/WString.o (toupper)
/usr/lib/arm-none-eabi/newlib/thumb/v7-m/nofp/libc.a(lib_a-ctype_.o)
                              /usr/lib/arm-none-eabi/newlib/thumb/v7-m/nofp/libc.a(lib_a-isspace.o) (_ctype_)
/usr/lib/arm-none-eabi/newlib/thumb/v7-m/nofp/libc.a(lib_a-errno.o)
                              /usr/lib/arm-none-eabi/newlib/thumb/v7-m/nofp/libc.a(lib_a-strtol.o) (__errno)
/usr/lib/arm-none-eabi/newlib/thumb/v7-m/nofp/libc.a(lib_a-freer.o)
                              /usr/lib/arm-none-eabi/newlib/thumb/v7-m/nofp/libc.a(lib_a-malloc.o) (_free_r)
[...]
Memory Configuration

Name             Origin             Length             Attributes
BSF              0x0000000008002000 0x0000000000001000 xr
FLASH            0x0000000008003000 0x000000000001d000 xr
SRAM             0x0000000020000000 0x0000000000004000 xrw
*default*        0x0000000000000000 0xffffffffffffffff

Linker script and memory map

                0x0000000000000800                HEAP_SIZE = 0x800

.start_boot_share_data_flash
                0x0000000008002000        0x0
                0x0000000008002000                _start_boot_share_data_flash = .

.start_flash    0x0000000008003000        0x0
                0x0000000008003000                _start_flash = .

.isr_vector     0x0000000008003000       0xf4
                0x0000000008003000                _isr_vector = .
 *(.isr_vector)
 .isr_vector    0x0000000008003000       0xf4 build_ak-base-kit-stm32l151-application/system.o
                0x0000000008003000                isr_vector
                0x00000000080030f4                . = ALIGN (0x4)

.text           0x00000000080030f8     0xd774
                0x00000000080030f8                . = ALIGN (0x4)
 *(.text)
 .text          0x00000000080030f8       0x20 /usr/lib/arm-none-eabi/newlib/thumb/v7-m/nofp/libc.a(lib_a-malloc.o)
                0x00000000080030f8                malloc
                0x0000000008003108                free
 .text          0x0000000008003118      0x54c /usr/lib/arm-none-eabi/newlib/thumb/v7-m/nofp/libc.a(lib_a-mallocr.o)
                0x0000000008003118                _malloc_r
 .text          0x0000000008003664       0x68 /usr/lib/arm-none-eabi/newlib/thumb/v7-m/nofp/libc.a(lib_a-memcmp.o)
                0x0000000008003664                memcmp
 .text          0x00000000080036cc       0xec /usr/lib/arm-none-eabi/newlib/thumb/v7-m/nofp/libc.a(lib_a-memcpy.o)
                0x00000000080036cc                memcpy
 .text          0x00000000080037b8       0xa4 /usr/lib/arm-none-eabi/newlib/thumb/v7-m/nofp/libc.a(lib_a-memset.o)
                0x00000000080037b8                memset
 .text          0x000000000800385c        0x8 /usr/lib/arm-none-eabi/newlib/thumb/v7-m/nofp/libc.a(lib_a-mlock.o)
                0x000000000800385c                __malloc_lock
                0x0000000008003860                __malloc_unlock
 .text          0x0000000008003864       0x48 /usr/lib/arm-none-eabi/newlib/thumb/v7-m/nofp/libc.a(lib_a-rand.o)
                0x0000000008003864                srand
                0x0000000008003874                rand
 .text          0x00000000080038ac       0x24 /usr/lib/arm-none-eabi/newlib/thumb/v7-m/nofp/libc.a(lib_a-sbrkr.o)
                0x00000000080038ac                _sbrk_r
 .text          0x00000000080038d0      0x1bc /usr/lib/arm-none-eabi/newlib/thumb/v7-m/nofp/libc.a(lib_a-strcmp.o)
                0x00000000080038d0                strcmp
 .text          0x0000000008003a8c       0xbc /usr/lib/arm-none-eabi/newlib/thumb/v7-m/nofp/libc.a(lib_a-strcpy.o)
                0x0000000008003a8c                strcpy
 .text          0x0000000008003b48       0x5c /usr/lib/arm-none-eabi/newlib/thumb/v7-m/nofp/libc.a(lib_a-strlen-stub.o)
                0x0000000008003b48                strlen
 .text          0x0000000008003ba4      0x190 /usr/lib/arm-none-eabi/newlib/thumb/v7-m/nofp/libc.a(lib_a-strtol.o)
                0x0000000008003cc4                _strtol_r
                0x0000000008003cdc                strtol_l
                0x0000000008003d08                strtol
 .text          0x0000000008003d34        0xc /usr/lib/arm-none-eabi/newlib/thumb/v7-m/nofp/libc.a(lib_a-errno.o)
                0x0000000008003d34                __errno
 .text          0x0000000008003d40      0x2a0 /usr/lib/arm-none-eabi/newlib/thumb/v7-m/nofp/libc.a(lib_a-freer.o)
                0x0000000008003d40                _malloc_trim_r
                0x0000000008003de0                _free_r
 .text          0x0000000008003fe0       0x10 /usr/lib/arm-none-eabi/newlib/thumb/v7-m/nofp/libc.a(lib_a-abort.o)
                0x0000000008003fe0                abort
 .text          0x0000000008003ff0      0x1a0 /usr/lib/arm-none-eabi/newlib/thumb/v7-m/nofp/libc.a(lib_a-fflush.o)
                0x0000000008003ff0                __sflush_r
                0x0000000008004114                _fflush_r
                0x0000000008004140                fflush
 .text          0x0000000008004190      0x214 /usr/lib/arm-none-eabi/newlib/thumb/v7-m/nofp/libc.a(lib_a-findfp.o)
                0x0000000008004194                _cleanup_r
                0x0000000008004278                __sfmoreglue
                0x00000000080042a8                __sfp
                0x0000000008004350                _cleanup
                0x0000000008004364                __sinit
                0x000000000800436c                __sfp_lock_acquire
                0x0000000008004370                __sfp_lock_release
                0x0000000008004374                __sinit_lock_acquire
                0x0000000008004378                __sinit_lock_release
                0x000000000800437c                __fp_lock_all
                0x0000000008004390                __fp_unlock_all
 .text          0x00000000080043a4       0x88 /usr/lib/arm-none-eabi/newlib/thumb/v7-m/nofp/libc.a(lib_a-fwalk.o)
                0x00000000080043a4                _fwalk
                0x00000000080043e4                _fwalk_reent
 .text          0x000000000800442c      0x28c /usr/lib/arm-none-eabi/newlib/thumb/v7-m/nofp/libc.a(lib_a-signal.o)
                0x000000000800442c                _init_signal_r
                0x000000000800445c                _signal_r
                0x00000000080044a8                _raise_r
                0x0000000008004500                __sigtramp_r
                0x0000000008004568                raise
                0x00000000080045c4                signal
                0x0000000008004618                _init_signal
                0x0000000008004650                __sigtramp
 .text          0x00000000080046b8       0x2c /usr/lib/arm-none-eabi/newlib/thumb/v7-m/nofp/libc.a(lib_a-signalr.o)
                0x00000000080046b8                _kill_r
                0x00000000080046e0                _getpid_r
 .text          0x00000000080046e4       0x90 /usr/lib/arm-none-eabi/newlib/thumb/v7-m/nofp/libc.a(lib_a-stdio.o)
                0x00000000080046e4                __sread
                0x0000000008004708                __seofread
                0x000000000800470c                __swrite
                0x000000000800474c                __sseek
                0x000000000800476c                __sclose
 .text          0x0000000008004774       0x2c /usr/lib/arm-none-eabi/newlib/thumb/v7-m/nofp/libc.a(lib_a-writer.o)
                0x0000000008004774                _write_r
 .text          0x00000000080047a0       0x24 /usr/lib/arm-none-eabi/newlib/thumb/v7-m/nofp/libc.a(lib_a-closer.o)
                0x00000000080047a0                _close_r
 .text          0x00000000080047c4       0xd4 /usr/lib/arm-none-eabi/newlib/thumb/v7-m/nofp/libc.a(lib_a-fclose.o)
                0x0000000008004828                _fclose_r
                0x000000000800485c                fclose
 .text          0x0000000008004898       0x2c /usr/lib/arm-none-eabi/newlib/thumb/v7-m/nofp/libc.a(lib_a-lseekr.o)
                0x0000000008004898                _lseek_r
 .text          0x00000000080048c4       0x2c /usr/lib/arm-none-eabi/newlib/thumb/v7-m/nofp/libc.a(lib_a-readr.o)
                0x00000000080048c4                _read_r
 .text          0x00000000080048f0      0x310 /usr/lib/arm-none-eabi/newlib/thumb/v7-m/nofp/libm.a(lib_a-s_atan.o)
                0x00000000080048f0                atan
 .text          0x0000000008004c00        0x8 /usr/lib/arm-none-eabi/newlib/thumb/v7-m/nofp/libm.a(lib_a-s_fabs.o)
                0x0000000008004c00                fabs
 .text          0x0000000008004c08      0x378 /usr/lib/gcc/arm-none-eabi/10.3.1/thumb/v7-m/nofp/libgcc.a(_arm_addsubdf3.o)
                0x0000000008004c08                __aeabi_drsub
                0x0000000008004c10                __aeabi_dsub
                0x0000000008004c10                __subdf3
                0x0000000008004c14                __adddf3
                0x0000000008004c14                __aeabi_dadd
                0x0000000008004e8c                __aeabi_ui2d
                0x0000000008004e8c                __floatunsidf
                0x0000000008004eac                __floatsidf
                0x0000000008004eac                __aeabi_i2d
                0x0000000008004ed0                __extendsfdf2
                0x0000000008004ed0                __aeabi_f2d
                0x0000000008004f14                __aeabi_ul2d
                0x0000000008004f14                __floatundidf
                0x0000000008004f24                __floatdidf
                0x0000000008004f24                __aeabi_l2d
 .text          0x0000000008004f80      0x424 /usr/lib/gcc/arm-none-eabi/10.3.1/thumb/v7-m/nofp/libgcc.a(_arm_muldivdf3.o)
                0x0000000008004f80                __aeabi_dmul
                0x0000000008004f80                __muldf3
                0x00000000080051d4                __aeabi_ddiv
                0x00000000080051d4                __divdf3
 .text          0x00000000080053a4      0x110 /usr/lib/gcc/arm-none-eabi/10.3.1/thumb/v7-m/nofp/libgcc.a(_arm_cmpdf2.o)
                0x00000000080053a4                __gtdf2
                0x00000000080053a4                __gedf2
                0x00000000080053ac                __ltdf2
                0x00000000080053ac                __ledf2
                0x00000000080053b4                __cmpdf2
                0x00000000080053b4                __eqdf2
                0x00000000080053b4                __nedf2
                0x0000000008005430                __aeabi_cdrcmple
                0x0000000008005440                __aeabi_cdcmple
                0x0000000008005440                __aeabi_cdcmpeq
                0x0000000008005450                __aeabi_dcmpeq
                0x0000000008005464                __aeabi_dcmplt
                0x0000000008005478                __aeabi_dcmple
                0x000000000800548c                __aeabi_dcmpge
                0x00000000080054a0                __aeabi_dcmpgt
 .text          0x00000000080054b4       0x2c /usr/lib/gcc/arm-none-eabi/10.3.1/thumb/v7-m/nofp/libgcc.a(_arm_unorddf2.o)
                0x00000000080054b4                __aeabi_dcmpun
                0x00000000080054b4                __unorddf2
 .text          0x00000000080054e0       0x50 /usr/lib/gcc/arm-none-eabi/10.3.1/thumb/v7-m/nofp/libgcc.a(_arm_fixdfsi.o)
                0x00000000080054e0                __fixdfsi
                0x00000000080054e0                __aeabi_d2iz
 .text          0x0000000008005530       0x30 /usr/lib/gcc/arm-none-eabi/10.3.1/thumb/v7-m/nofp/libgcc.a(_aeabi_uldivmod.o)
                0x0000000008005530                __aeabi_uldivmod
 .text          0x0000000008005560      0x2d4 /usr/lib/gcc/arm-none-eabi/10.3.1/thumb/v7-m/nofp/libgcc.a(_udivmoddi4.o)
                0x0000000008005560                __udivmoddi4
 .text          0x0000000008005834        0x4 /usr/lib/gcc/arm-none-eabi/10.3.1/thumb/v7-m/nofp/libgcc.a(_dvmd_tls.o)
                0x0000000008005834                __aeabi_ldiv0
                0x0000000008005834                __aeabi_idiv0
 .text          0x0000000008005838      0x70c /usr/lib/arm-none-eabi/newlib/thumb/v7-m/nofp/librdpmon.a(syscalls.o)
                0x0000000008005838                initialise_monitor_handles
                0x00000000080058cc                _has_ext_exit_extended
                0x00000000080058e4                _has_ext_stdout_stderr
                0x00000000080058fc                _swiread
                0x0000000008005918                _read
                0x0000000008005988                _swilseek
                0x0000000008005a34                _lseek
                0x0000000008005a38                _swiwrite
                0x0000000008005a54                _write
                0x0000000008005ae4                _swiclose
                0x0000000008005b00                _close
                0x0000000008005b7c                _getpid
                0x0000000008005bd4                _swistat
                0x0000000008005c40                _fstat
                0x0000000008005c5c                _stat
                0x0000000008005c98                _swiopen
                0x0000000008005d44                _open
                0x0000000008005d58                _get_semihosting_exts
                0x0000000008005e34                _link
                0x0000000008005e48                _unlink
                0x0000000008005e68                _gettimeofday
                0x0000000008005e98                _clock
                0x0000000008005ea0                _times
                0x0000000008005eb8                _isatty
                0x0000000008005f0c                _system
                0x0000000008005f28                _rename
 .text          0x0000000008005f44       0x14 /usr/lib/arm-none-eabi/newlib/thumb/v7-m/nofp/librdpmon.a(_exit.o)
                0x0000000008005f44                _exit
 .text          0x0000000008005f58        0x8 /usr/lib/arm-none-eabi/newlib/thumb/v7-m/nofp/librdpmon.a(_kill.o)
                0x0000000008005f58                _kill
                0x0000000008005f5c                _kill_shared
 *(.text*)
 .text.fsm_dispatch
                0x0000000008005f60        0x6 build_ak-base-kit-stm32l151-application/fsm.o
                0x0000000008005f60                fsm_dispatch
 *fill*         0x0000000008005f66        0x2 
 .text.task_create
                0x0000000008005f68       0x3c build_ak-base-kit-stm32l151-application/task.o
                0x0000000008005f68                task_create
 .text.task_polling_create
                0x0000000008005fa4       0x34 build_ak-base-kit-stm32l151-application/task.o
                0x0000000008005fa4                task_polling_create
 .text.task_post
                0x0000000008005fd8       0x84 build_ak-base-kit-stm32l151-application/task.o
                0x0000000008005fd8                task_post
 .text.task_remove_msg
                0x000000000800605c       0xb4 build_ak-base-kit-stm32l151-application/task.o
                0x000000000800605c                task_remove_msg
 .text.task_post_pure_msg
                0x0000000008006110       0x18 build_ak-base-kit-stm32l151-application/task.o
                0x0000000008006110                task_post_pure_msg
 .text.task_post_common_msg
                0x0000000008006128       0x2a build_ak-base-kit-stm32l151-application/task.o
                0x0000000008006128                task_post_common_msg
 *fill*         0x0000000008006152        0x2 
 .text.task_entry_interrupt
                0x0000000008006154       0x1c build_ak-base-kit-stm32l151-application/task.o
                0x0000000008006154                task_entry_interrupt
 .text.task_exit_interrupt
                0x0000000008006170       0x24 build_ak-base-kit-stm32l151-application/task.o
                0x0000000008006170                task_exit_interrupt
 .text.task_init
                0x0000000008006194       0x40 build_ak-base-kit-stm32l151-application/task.o
                0x0000000008006194                task_init
 .text.task_polling_run
                0x00000000080061d4       0x30 build_ak-base-kit-stm32l151-application/task.o
                0x00000000080061d4                task_polling_run
 .text.task_run
                0x0000000008006204      0x138 build_ak-base-kit-stm32l151-application/task.o
                0x0000000008006204                task_run
 .text.get_current_task_id
                0x000000000800633c        0xc build_ak-base-kit-stm32l151-application/task.o
                0x000000000800633c                get_current_task_id
 .text.get_current_task_info
                0x0000000008006348        0x8 build_ak-base-kit-stm32l151-application/task.o
                0x0000000008006348                get_current_task_info
 .text.get_current_active_object
                0x0000000008006350        0x8 build_ak-base-kit-stm32l151-application/task.o
                0x0000000008006350                get_current_active_object
 .text.timer_remove_msg
                0x0000000008006358       0x64 build_ak-base-kit-stm32l151-application/timer.o
 .text.task_timer_tick
                0x00000000080063bc       0x7c build_ak-base-kit-stm32l151-application/timer.o
                0x00000000080063bc                task_timer_tick
 .text.timer_init
                0x0000000008006438       0x6c build_ak-base-kit-stm32l151-application/timer.o
                0x0000000008006438                timer_init
 .text.timer_tick
                0x00000000080064a4       0x38 build_ak-base-kit-stm32l151-application/timer.o
                0x00000000080064a4                timer_tick
 .text.timer_set
                0x00000000080064dc       0x98 build_ak-base-kit-stm32l151-application/timer.o
                0x00000000080064dc                timer_set
 .text.timer_remove_attr
                0x0000000008006574       0x18 build_ak-base-kit-stm32l151-application/timer.o
                0x0000000008006574                timer_remove_attr
 .text.free_common_msg
                0x000000000800658c       0x28 build_ak-base-kit-stm32l151-application/message.o
 .text.free_pure_msg
                0x00000000080065b4       0x28 build_ak-base-kit-stm32l151-application/message.o
 .text.free_dynamic_msg
                0x00000000080065dc       0x30 build_ak-base-kit-stm32l151-application/message.o
 .text.msg_init
                0x000000000800660c      0x100 build_ak-base-kit-stm32l151-application/message.o
                0x000000000800660c                msg_init
 .text.msg_force_free
                0x000000000800670c       0x44 build_ak-base-kit-stm32l151-application/message.o
                0x000000000800670c                msg_force_free
 .text.msg_inc_ref_count
                0x0000000008006750       0x2c build_ak-base-kit-stm32l151-application/message.o
                0x0000000008006750                msg_inc_ref_count
 .text.msg_dec_ref_count
                0x000000000800677c       0x28 build_ak-base-kit-stm32l151-application/message.o
                0x000000000800677c                msg_dec_ref_count
 .text.msg_free
                0x00000000080067a4       0x58 build_ak-base-kit-stm32l151-application/message.o
                0x00000000080067a4                msg_free
 .text.ak_malloc
                0x00000000080067fc       0x50 build_ak-base-kit-stm32l151-application/message.o
                0x00000000080067fc                ak_malloc
 .text.ak_free  0x000000000800684c        0x4 build_ak-base-kit-stm32l151-application/message.o
                0x000000000800684c                ak_free
 .text.get_pure_msg
                0x0000000008006850       0x5c build_ak-base-kit-stm32l151-application/message.o
                0x0000000008006850                get_pure_msg
 .text.get_common_msg
                0x00000000080068ac       0x60 build_ak-base-kit-stm32l151-application/message.o
                0x00000000080068ac                get_common_msg
 .text.set_data_common_msg
                0x000000000800690c       0x4c build_ak-base-kit-stm32l151-application/message.o
                0x000000000800690c                set_data_common_msg
 .text.get_data_common_msg
                0x0000000008006958       0x28 build_ak-base-kit-stm32l151-application/message.o
                0x0000000008006958                get_data_common_msg
 .text.get_data_len_common_msg
                0x0000000008006980       0x28 build_ak-base-kit-stm32l151-application/message.o
                0x0000000008006980                get_data_len_common_msg
 .text.get_dynamic_msg
                0x00000000080069a8       0x64 build_ak-base-kit-stm32l151-application/message.o
                0x00000000080069a8                get_dynamic_msg
 .text.set_data_dynamic_msg
                0x0000000008006a0c       0x3c build_ak-base-kit-stm32l151-application/message.o
                0x0000000008006a0c                set_data_dynamic_msg
 .text.get_data_dynamic_msg
                0x0000000008006a48       0x28 build_ak-base-kit-stm32l151-application/message.o
                0x0000000008006a48                get_data_dynamic_msg
 .text.get_data_len_dynamic_msg
                0x0000000008006a70        0x4 build_ak-base-kit-stm32l151-application/message.o
                0x0000000008006a70                get_data_len_dynamic_msg
 .text.log_queue_init
                0x0000000008006a74       0x2e build_ak-base-kit-stm32l151-application/log_queue.o
                0x0000000008006a74                log_queue_init
 .text.log_queue_len
                0x0000000008006aa2        0x4 build_ak-base-kit-stm32l151-application/log_queue.o
                0x0000000008006aa2                log_queue_len
 .text.log_queue_put
                0x0000000008006aa6       0x5c build_ak-base-kit-stm32l151-application/log_queue.o
                0x0000000008006aa6                log_queue_put
 .text.log_queue_get
                0x0000000008006b02       0x30 build_ak-base-kit-stm32l151-application/log_queue.o
                0x0000000008006b02                log_queue_get
 .text.fifo_init
                0x0000000008006b32       0x12 build_ak-base-kit-stm32l151-application/fifo.o
                0x0000000008006b32                fifo_init
 .text.fifo_availble
                0x0000000008006b44        0x4 build_ak-base-kit-stm32l151-application/fifo.o
                0x0000000008006b44                fifo_availble
 .text.fifo_is_full
                0x0000000008006b48        0xc build_ak-base-kit-stm32l151-application/fifo.o
                0x0000000008006b48                fifo_is_full
 .text.fifo_put
                0x0000000008006b54       0x54 build_ak-base-kit-stm32l151-application/fifo.o
                0x0000000008006b54                fifo_put
 .text.fifo_get
                0x0000000008006ba8       0x50 build_ak-base-kit-stm32l151-application/fifo.o
                0x0000000008006ba8                fifo_get
 .text.ring_buffer_char_init
                0x0000000008006bf8        0xc build_ak-base-kit-stm32l151-application/ring_buffer.o
                0x0000000008006bf8                ring_buffer_char_init
 .text.ring_buffer_char_is_empty
                0x0000000008006c04        0xa build_ak-base-kit-stm32l151-application/ring_buffer.o
                0x0000000008006c04                ring_buffer_char_is_empty
 .text.ring_buffer_char_put
                0x0000000008006c0e       0x36 build_ak-base-kit-stm32l151-application/ring_buffer.o
                0x0000000008006c0e                ring_buffer_char_put
 .text.ring_buffer_char_get
                0x0000000008006c44       0x26 build_ak-base-kit-stm32l151-application/ring_buffer.o
                0x0000000008006c44                ring_buffer_char_get
 .text.mem_read
                0x0000000008006c6a       0x18 build_ak-base-kit-stm32l151-application/utils.o
                0x0000000008006c6a                mem_read
 .text.mem_write
                0x0000000008006c82       0x1a build_ak-base-kit-stm32l151-application/utils.o
                0x0000000008006c82                mem_write
 *fill*         0x0000000008006c9c        0x4 
 .text.ilog10   0x0000000008006ca0       0xd8 build_ak-base-kit-stm32l151-application/xprintf.o
 .text.i10x     0x0000000008006d78       0x78 build_ak-base-kit-stm32l151-application/xprintf.o
 .text.xfputc   0x0000000008006df0       0x30 build_ak-base-kit-stm32l151-application/xprintf.o
                0x0000000008006df0                xfputc
 .text.xputc    0x0000000008006e20       0x10 build_ak-base-kit-stm32l151-application/xprintf.o
                0x0000000008006e20                xputc
 .text.xvfprintf
                0x0000000008006e30      0x580 build_ak-base-kit-stm32l151-application/xprintf.o
 .text.xprintf  0x00000000080073b0       0x24 build_ak-base-kit-stm32l151-application/xprintf.o
                0x00000000080073b0                xprintf
 .text.cmd_line_parser
                0x00000000080073d4       0x7c build_ak-base-kit-stm32l151-application/cmd_line.o
                0x00000000080073d4                cmd_line_parser
 .text.button_init
                0x0000000008007450       0x34 build_ak-base-kit-stm32l151-application/button.o
                0x0000000008007450                button_init
 .text.button_enable
                0x0000000008007484        0x6 build_ak-base-kit-stm32l151-application/button.o
                0x0000000008007484                button_enable
 .text.button_timer_polling
                0x000000000800748a       0x76 build_ak-base-kit-stm32l151-application/button.o
                0x000000000800748a                button_timer_polling
 .text.flash_wait_to_idle
                0x0000000008007500       0x32 build_ak-base-kit-stm32l151-application/flash.o
 .text.flash_set_write_enable.constprop.0
                0x0000000008007532       0x14 build_ak-base-kit-stm32l151-application/flash.o
 .text.flash_is_connected
                0x0000000008007546       0x22 build_ak-base-kit-stm32l151-application/flash.o
                0x0000000008007546                flash_is_connected
 .text.flash_read
                0x0000000008007568       0x5e build_ak-base-kit-stm32l151-application/flash.o
                0x0000000008007568                flash_read
 .text.flash_write
                0x00000000080075c6       0x6c build_ak-base-kit-stm32l151-application/flash.o
                0x00000000080075c6                flash_write
 .text.flash_erase_sector
                0x0000000008007632       0x48 build_ak-base-kit-stm32l151-application/flash.o
                0x0000000008007632                flash_erase_sector
 .text.flash_erase_block_64k
                0x000000000800767a       0x46 build_ak-base-kit-stm32l151-application/flash.o
                0x000000000800767a                flash_erase_block_64k
 .text.led_init
                0x00000000080076c0       0x20 build_ak-base-kit-stm32l151-application/led.o
                0x00000000080076c0                led_init
 .text.led_on   0x00000000080076e0        0xc build_ak-base-kit-stm32l151-application/led.o
                0x00000000080076e0                led_on
 .text.led_off  0x00000000080076ec        0xc build_ak-base-kit-stm32l151-application/led.o
                0x00000000080076ec                led_off
 .text.led_toggle
                0x00000000080076f8       0x12 build_ak-base-kit-stm32l151-application/led.o
                0x00000000080076f8                led_toggle
 *fill*         0x000000000800770a        0x2 
 .text.BUZZER_Init
                0x000000000800770c       0xe0 build_ak-base-kit-stm32l151-application/buzzer.o
                0x000000000800770c                BUZZER_Init
 .text.BUZZER_Disable
                0x00000000080077ec       0x38 build_ak-base-kit-stm32l151-application/buzzer.o
                0x00000000080077ec                BUZZER_Disable
 .text.BUZZER_Enable
                0x0000000008007824       0x84 build_ak-base-kit-stm32l151-application/buzzer.o
                0x0000000008007824                BUZZER_Enable
 .text.buzzer_irq
                0x00000000080078a8       0x98 build_ak-base-kit-stm32l151-application/buzzer.o
                0x00000000080078a8                buzzer_irq
 .text.BUZZER_PlayTones
                0x0000000008007940       0x2c build_ak-base-kit-stm32l151-application/buzzer.o
                0x0000000008007940                BUZZER_PlayTones
 .text.BUZZER_Sleep
                0x000000000800796c       0x14 build_ak-base-kit-stm32l151-application/buzzer.o
                0x000000000800796c                BUZZER_Sleep
 .text.sys_dbg_cpu_dump
                0x0000000008007980       0x4c build_ak-base-kit-stm32l151-application/sys_dbg.o
                0x0000000008007980                sys_dbg_cpu_dump
 .text.sys_dbg_stack_space_dump
                0x00000000080079cc       0x30 build_ak-base-kit-stm32l151-application/sys_dbg.o
                0x00000000080079cc                sys_dbg_stack_space_dump
 .text.sys_dbg_fatal
                0x00000000080079fc      0x3cc build_ak-base-kit-stm32l151-application/sys_dbg.o
                0x00000000080079fc                sys_dbg_fatal
 .text.sys_boot_init
                0x0000000008007dc8       0x14 build_ak-base-kit-stm32l151-application/sys_boot.o
                0x0000000008007dc8                sys_boot_init
 .text.sys_boot_get
                0x0000000008007ddc        0xc build_ak-base-kit-stm32l151-application/sys_boot.o
                0x0000000008007ddc                sys_boot_get
 .text.sys_boot_set
                0x0000000008007de8       0x34 build_ak-base-kit-stm32l151-application/sys_boot.o
                0x0000000008007de8                sys_boot_set
 .text.GPIO_Init
                0x0000000008007e1c       0x78 build_ak-base-kit-stm32l151-application/stm32l1xx_gpio.o
                0x0000000008007e1c                GPIO_Init
 .text.GPIO_ReadInputDataBit
                0x0000000008007e94        0xc build_ak-base-kit-stm32l151-application/stm32l1xx_gpio.o
                0x0000000008007e94                GPIO_ReadInputDataBit
 .text.GPIO_SetBits
                0x0000000008007ea0        0x4 build_ak-base-kit-stm32l151-application/stm32l1xx_gpio.o
                0x0000000008007ea0                GPIO_SetBits
 .text.GPIO_ResetBits
                0x0000000008007ea4        0x4 build_ak-base-kit-stm32l151-application/stm32l1xx_gpio.o
                0x0000000008007ea4                GPIO_ResetBits
 .text.GPIO_PinAFConfig
                0x0000000008007ea8       0x24 build_ak-base-kit-stm32l151-application/stm32l1xx_gpio.o
                0x0000000008007ea8                GPIO_PinAFConfig
 .text.RCC_HSICmd
                0x0000000008007ecc        0xc build_ak-base-kit-stm32l151-application/stm32l1xx_rcc.o
                0x0000000008007ecc                RCC_HSICmd
 .text.RCC_GetClocksFreq
                0x0000000008007ed8       0x9c build_ak-base-kit-stm32l151-application/stm32l1xx_rcc.o
                0x0000000008007ed8                RCC_GetClocksFreq
 .text.RCC_AHBPeriphClockCmd
                0x0000000008007f74       0x18 build_ak-base-kit-stm32l151-application/stm32l1xx_rcc.o
                0x0000000008007f74                RCC_AHBPeriphClockCmd
 .text.RCC_APB2PeriphClockCmd
                0x0000000008007f8c       0x18 build_ak-base-kit-stm32l151-application/stm32l1xx_rcc.o
                0x0000000008007f8c                RCC_APB2PeriphClockCmd
 .text.RCC_APB1PeriphClockCmd
                0x0000000008007fa4       0x18 build_ak-base-kit-stm32l151-application/stm32l1xx_rcc.o
                0x0000000008007fa4                RCC_APB1PeriphClockCmd
 .text.RCC_APB2PeriphResetCmd
                0x0000000008007fbc       0x18 build_ak-base-kit-stm32l151-application/stm32l1xx_rcc.o
                0x0000000008007fbc                RCC_APB2PeriphResetCmd
 .text.RCC_APB1PeriphResetCmd
                0x0000000008007fd4       0x18 build_ak-base-kit-stm32l151-application/stm32l1xx_rcc.o
                0x0000000008007fd4                RCC_APB1PeriphResetCmd
 .text.RCC_GetFlagStatus
                0x0000000008007fec       0x20 build_ak-base-kit-stm32l151-application/stm32l1xx_rcc.o
                0x0000000008007fec                RCC_GetFlagStatus
 .text.USART_Init
                0x000000000800800c       0xa4 build_ak-base-kit-stm32l151-application/stm32l1xx_usart.o
                0x000000000800800c                USART_Init
 .text.USART_Cmd
                0x00000000080080b0       0x18 build_ak-base-kit-stm32l151-application/stm32l1xx_usart.o
                0x00000000080080b0                USART_Cmd
 .text.USART_SendData
                0x00000000080080c8        0x8 build_ak-base-kit-stm32l151-application/stm32l1xx_usart.o
                0x00000000080080c8                USART_SendData
 .text.USART_ReceiveData
                0x00000000080080d0        0x8 build_ak-base-kit-stm32l151-application/stm32l1xx_usart.o
                0x00000000080080d0                USART_ReceiveData
 .text.USART_ITConfig
                0x00000000080080d8       0x30 build_ak-base-kit-stm32l151-application/stm32l1xx_usart.o
                0x00000000080080d8                USART_ITConfig
 .text.USART_GetFlagStatus
                0x0000000008008108        0xc build_ak-base-kit-stm32l151-application/stm32l1xx_usart.o
                0x0000000008008108                USART_GetFlagStatus
 .text.USART_GetITStatus
                0x0000000008008114       0x3e build_ak-base-kit-stm32l151-application/stm32l1xx_usart.o
                0x0000000008008114                USART_GetITStatus
 .text.USART_ClearITPendingBit
                0x0000000008008152        0xe build_ak-base-kit-stm32l151-application/stm32l1xx_usart.o
                0x0000000008008152                USART_ClearITPendingBit
 .text.SPI_I2S_DeInit
                0x0000000008008160       0x64 build_ak-base-kit-stm32l151-application/stm32l1xx_spi.o
                0x0000000008008160                SPI_I2S_DeInit
 .text.SPI_Init
                0x00000000080081c4       0x3e build_ak-base-kit-stm32l151-application/stm32l1xx_spi.o
                0x00000000080081c4                SPI_Init
 .text.SPI_Cmd  0x0000000008008202       0x18 build_ak-base-kit-stm32l151-application/stm32l1xx_spi.o
                0x0000000008008202                SPI_Cmd
 .text.SPI_I2S_ReceiveData
                0x000000000800821a        0x6 build_ak-base-kit-stm32l151-application/stm32l1xx_spi.o
                0x000000000800821a                SPI_I2S_ReceiveData
 .text.SPI_I2S_SendData
                0x0000000008008220        0x4 build_ak-base-kit-stm32l151-application/stm32l1xx_spi.o
                0x0000000008008220                SPI_I2S_SendData
 .text.SPI_I2S_GetFlagStatus
                0x0000000008008224        0xc build_ak-base-kit-stm32l151-application/stm32l1xx_spi.o
                0x0000000008008224                SPI_I2S_GetFlagStatus
 .text.NVIC_PriorityGroupConfig
                0x0000000008008230       0x14 build_ak-base-kit-stm32l151-application/misc.o
                0x0000000008008230                NVIC_PriorityGroupConfig
 .text.NVIC_Init
                0x0000000008008244       0x58 build_ak-base-kit-stm32l151-application/misc.o
                0x0000000008008244                NVIC_Init
 .text.EXTI_GetFlagStatus
                0x000000000800829c       0x14 build_ak-base-kit-stm32l151-application/stm32l1xx_exti.o
                0x000000000800829c                EXTI_GetFlagStatus
 .text.EXTI_GetITStatus
                0x00000000080082b0        0x4 build_ak-base-kit-stm32l151-application/stm32l1xx_exti.o
                0x00000000080082b0                EXTI_GetITStatus
 .text.EXTI_ClearITPendingBit
                0x00000000080082b4        0xc build_ak-base-kit-stm32l151-application/stm32l1xx_exti.o
                0x00000000080082b4                EXTI_ClearITPendingBit
 .text.TIM_DeInit
                0x00000000080082c0       0xe4 build_ak-base-kit-stm32l151-application/stm32l1xx_tim.o
                0x00000000080082c0                TIM_DeInit
 .text.TIM_TimeBaseInit
                0x00000000080083a4       0x58 build_ak-base-kit-stm32l151-application/stm32l1xx_tim.o
                0x00000000080083a4                TIM_TimeBaseInit
 .text.TIM_ARRPreloadConfig
                0x00000000080083fc       0x18 build_ak-base-kit-stm32l151-application/stm32l1xx_tim.o
                0x00000000080083fc                TIM_ARRPreloadConfig
 .text.TIM_Cmd  0x0000000008008414       0x18 build_ak-base-kit-stm32l151-application/stm32l1xx_tim.o
                0x0000000008008414                TIM_Cmd
 .text.TIM_OC3Init
                0x000000000800842c       0x3c build_ak-base-kit-stm32l151-application/stm32l1xx_tim.o
                0x000000000800842c                TIM_OC3Init
 .text.TIM_OC3PreloadConfig
                0x0000000008008468       0x10 build_ak-base-kit-stm32l151-application/stm32l1xx_tim.o
                0x0000000008008468                TIM_OC3PreloadConfig
 .text.TIM_ITConfig
                0x0000000008008478       0x12 build_ak-base-kit-stm32l151-application/stm32l1xx_tim.o
                0x0000000008008478                TIM_ITConfig
 .text.TIM_GetITStatus
                0x000000000800848a       0x16 build_ak-base-kit-stm32l151-application/stm32l1xx_tim.o
                0x000000000800848a                TIM_GetITStatus
 .text.TIM_ClearITPendingBit
                0x00000000080084a0        0x8 build_ak-base-kit-stm32l151-application/stm32l1xx_tim.o
                0x00000000080084a0                TIM_ClearITPendingBit
 .text.ADC_Init
                0x00000000080084a8       0x4c build_ak-base-kit-stm32l151-application/stm32l1xx_adc.o
                0x00000000080084a8                ADC_Init
 .text.ADC_Cmd  0x00000000080084f4       0x12 build_ak-base-kit-stm32l151-application/stm32l1xx_adc.o
                0x00000000080084f4                ADC_Cmd
 *fill*         0x0000000008008506        0x2 
 .text.FLASH_Lock
                0x0000000008008508       0x10 build_ak-base-kit-stm32l151-application/stm32l1xx_flash.o
                0x0000000008008508                FLASH_Lock
 .text.DATA_EEPROM_Unlock
                0x0000000008008518       0x20 build_ak-base-kit-stm32l151-application/stm32l1xx_flash.o
                0x0000000008008518                DATA_EEPROM_Unlock
 .text.FLASH_Unlock
                0x0000000008008538       0x2c build_ak-base-kit-stm32l151-application/stm32l1xx_flash.o
                0x0000000008008538                FLASH_Unlock
 .text.DATA_EEPROM_Lock
                0x0000000008008564       0x10 build_ak-base-kit-stm32l151-application/stm32l1xx_flash.o
                0x0000000008008564                DATA_EEPROM_Lock
 .text.FLASH_ClearFlag
                0x0000000008008574        0xc build_ak-base-kit-stm32l151-application/stm32l1xx_flash.o
                0x0000000008008574                FLASH_ClearFlag
 .text.FLASH_GetStatus
                0x0000000008008580       0x28 build_ak-base-kit-stm32l151-application/stm32l1xx_flash.o
                0x0000000008008580                FLASH_GetStatus
 .text.FLASH_WaitForLastOperation
                0x00000000080085a8       0x3c build_ak-base-kit-stm32l151-application/stm32l1xx_flash.o
                0x00000000080085a8                FLASH_WaitForLastOperation
 .text.FLASH_ErasePage
                0x00000000080085e4       0x44 build_ak-base-kit-stm32l151-application/stm32l1xx_flash.o
                0x00000000080085e4                FLASH_ErasePage
 .text.FLASH_FastProgramWord
                0x0000000008008628       0x22 build_ak-base-kit-stm32l151-application/stm32l1xx_flash.o
                0x0000000008008628                FLASH_FastProgramWord
 .text.DATA_EEPROM_EraseWord
                0x000000000800864a       0x16 build_ak-base-kit-stm32l151-application/stm32l1xx_flash.o
                0x000000000800864a                DATA_EEPROM_EraseWord
 .text.DATA_EEPROM_FastProgramWord
                0x0000000008008660       0x30 build_ak-base-kit-stm32l151-application/stm32l1xx_flash.o
                0x0000000008008660                DATA_EEPROM_FastProgramWord
 .text.DATA_EEPROM_ProgramByte
                0x0000000008008690       0x4c build_ak-base-kit-stm32l151-application/stm32l1xx_flash.o
                0x0000000008008690                DATA_EEPROM_ProgramByte
 .text.IWDG_WriteAccessCmd
                0x00000000080086dc        0xc build_ak-base-kit-stm32l151-application/stm32l1xx_iwdg.o
                0x00000000080086dc                IWDG_WriteAccessCmd
 .text.IWDG_SetPrescaler
                0x00000000080086e8        0xc build_ak-base-kit-stm32l151-application/stm32l1xx_iwdg.o
                0x00000000080086e8                IWDG_SetPrescaler
 .text.IWDG_SetReload
                0x00000000080086f4        0xc build_ak-base-kit-stm32l151-application/stm32l1xx_iwdg.o
                0x00000000080086f4                IWDG_SetReload
 .text.IWDG_ReloadCounter
                0x0000000008008700       0x10 build_ak-base-kit-stm32l151-application/stm32l1xx_iwdg.o
                0x0000000008008700                IWDG_ReloadCounter
 .text.IWDG_Enable
                0x0000000008008710       0x10 build_ak-base-kit-stm32l151-application/stm32l1xx_iwdg.o
                0x0000000008008710                IWDG_Enable
 .text.I2C_SendData
                0x0000000008008720        0x4 build_ak-base-kit-stm32l151-application/stm32l1xx_i2c.o
                0x0000000008008720                I2C_SendData
 .text.I2C_CheckEvent
                0x0000000008008724       0x18 build_ak-base-kit-stm32l151-application/stm32l1xx_i2c.o
                0x0000000008008724                I2C_CheckEvent
 .text.disable_interrupts
                0x000000000800873c       0x10 build_ak-base-kit-stm32l151-application/platform.o
                0x000000000800873c                disable_interrupts
 .text.entry_critical
                0x000000000800874c       0x14 build_ak-base-kit-stm32l151-application/platform.o
                0x000000000800874c                entry_critical
 .text.exit_critical
                0x0000000008008760       0x30 build_ak-base-kit-stm32l151-application/platform.o
                0x0000000008008760                exit_critical
 .text.default_handler
                0x0000000008008790       0x1c build_ak-base-kit-stm32l151-application/system.o
                0x0000000008008790                svc_handler
                0x0000000008008790                default_handler
                0x0000000008008790                dg_monitor_handler
                0x0000000008008790                pendsv_handler
 .text.nmi_handler
                0x00000000080087ac       0x1c build_ak-base-kit-stm32l151-application/system.o
                0x00000000080087ac                nmi_handler
 .text.hard_fault_handler
                0x00000000080087c8       0x1c build_ak-base-kit-stm32l151-application/system.o
                0x00000000080087c8                hard_fault_handler
 .text.mem_manage_handler
                0x00000000080087e4       0x1c build_ak-base-kit-stm32l151-application/system.o
                0x00000000080087e4                mem_manage_handler
 .text.bus_fault_handler
                0x0000000008008800       0x1c build_ak-base-kit-stm32l151-application/system.o
                0x0000000008008800                bus_fault_handler
 .text.usage_fault_handler
                0x000000000800881c       0x1c build_ak-base-kit-stm32l151-application/system.o
                0x000000000800881c                usage_fault_handler
 .text.systick_handler
                0x0000000008008838       0x40 build_ak-base-kit-stm32l151-application/system.o
                0x0000000008008838                systick_handler
 .text.uart1_irq
                0x0000000008008878       0x64 build_ak-base-kit-stm32l151-application/system.o
                0x0000000008008878                uart1_irq
 .text.exti_line1_irq
                0x00000000080088dc       0x1c build_ak-base-kit-stm32l151-application/system.o
                0x00000000080088dc                exti_line1_irq
 .text.timer7_irq
                0x00000000080088f8       0x24 build_ak-base-kit-stm32l151-application/system.o
                0x00000000080088f8                timer7_irq
 .text.sys_ctrl_delay
                0x000000000800891c        0xc build_ak-base-kit-stm32l151-application/system.o
                0x000000000800891c                sys_ctrl_delay
 .text.sys_ctrl_millis
                0x0000000008008928       0x1c build_ak-base-kit-stm32l151-application/system.o
                0x0000000008008928                sys_ctrl_millis
 .text._init    0x0000000008008944        0x2 build_ak-base-kit-stm32l151-application/system.o
                0x0000000008008944                _init
 .text._fini    0x0000000008008946        0x2 build_ak-base-kit-stm32l151-application/system.o
                0x0000000008008946                _fini
 .text.sys_stack_count_init
                0x0000000008008948       0x3c build_ak-base-kit-stm32l151-application/system.o
                0x0000000008008948                sys_stack_count_init
 .text.reset_handler
                0x0000000008008984       0xc8 build_ak-base-kit-stm32l151-application/system.o
                0x0000000008008984                reset_handler
 .text.sys_stack_usage
                0x0000000008008a4c       0x20 build_ak-base-kit-stm32l151-application/system.o
                0x0000000008008a4c                sys_stack_usage
 .text.sys_stack_get_size
                0x0000000008008a6c        0xc build_ak-base-kit-stm32l151-application/system.o
                0x0000000008008a6c                sys_stack_get_size
 .text.sys_ctrl_shell_put_char_block
                0x0000000008008a78       0x2c build_ak-base-kit-stm32l151-application/sys_cfg.o
                0x0000000008008a78                sys_ctrl_shell_put_char_block
 .text.sys_cfg_clock
                0x0000000008008aa4       0x22 build_ak-base-kit-stm32l151-application/sys_cfg.o
                0x0000000008008aa4                sys_cfg_clock
 *fill*         0x0000000008008ac6        0x2 
 .text.sys_cfg_tick
                0x0000000008008ac8       0x50 build_ak-base-kit-stm32l151-application/sys_cfg.o
                0x0000000008008ac8                sys_cfg_tick
 .text.sys_cfg_svc
                0x0000000008008b18       0x30 build_ak-base-kit-stm32l151-application/sys_cfg.o
                0x0000000008008b18                sys_cfg_svc
 .text.sys_cfg_pendsv
                0x0000000008008b48       0x34 build_ak-base-kit-stm32l151-application/sys_cfg.o
                0x0000000008008b48                sys_cfg_pendsv
 .text.sys_cfg_update_info
                0x0000000008008b7c      0x108 build_ak-base-kit-stm32l151-application/sys_cfg.o
                0x0000000008008b7c                sys_cfg_update_info
 .text.sys_ctrl_shell_sw_to_block
                0x0000000008008c84       0x38 build_ak-base-kit-stm32l151-application/sys_cfg.o
                0x0000000008008c84                sys_ctrl_shell_sw_to_block
 .text.sys_cfg_console
                0x0000000008008cbc       0xd8 build_ak-base-kit-stm32l151-application/sys_cfg.o
                0x0000000008008cbc                sys_cfg_console
 .text.sys_ctrl_shell_get_char
                0x0000000008008d94       0x34 build_ak-base-kit-stm32l151-application/sys_cfg.o
                0x0000000008008d94                sys_ctrl_shell_get_char
 .text.sys_ctrl_reset
                0x0000000008008dc8       0x20 build_ak-base-kit-stm32l151-application/sys_cfg.o
                0x0000000008008dc8                sys_ctrl_reset
 .text.sys_ctrl_delay_us
                0x0000000008008de8       0x58 build_ak-base-kit-stm32l151-application/sys_cfg.o
                0x0000000008008de8                sys_ctrl_delay_us
 .text.sys_ctrl_delay_ms
                0x0000000008008e40       0x1e build_ak-base-kit-stm32l151-application/sys_cfg.o
                0x0000000008008e40                sys_ctrl_delay_ms
 .text.sys_ctrl_independent_watchdog_init
                0x0000000008008e5e       0x24 build_ak-base-kit-stm32l151-application/sys_cfg.o
                0x0000000008008e5e                sys_ctrl_independent_watchdog_init
 .text.sys_ctrl_independent_watchdog_reset
                0x0000000008008e82       0x12 build_ak-base-kit-stm32l151-application/sys_cfg.o
                0x0000000008008e82                sys_ctrl_independent_watchdog_reset
 .text.sys_ctrl_soft_watchdog_init
                0x0000000008008e94       0x68 build_ak-base-kit-stm32l151-application/sys_cfg.o
                0x0000000008008e94                sys_ctrl_soft_watchdog_init
 .text.sys_ctrl_soft_watchdog_reset
                0x0000000008008efc       0x18 build_ak-base-kit-stm32l151-application/sys_cfg.o
                0x0000000008008efc                sys_ctrl_soft_watchdog_reset
 .text.sys_ctrl_soft_watchdog_increase_counter
                0x0000000008008f14       0x40 build_ak-base-kit-stm32l151-application/sys_cfg.o
                0x0000000008008f14                sys_ctrl_soft_watchdog_increase_counter
 .text.sys_ctrl_get_firmware_info
                0x0000000008008f54       0x40 build_ak-base-kit-stm32l151-application/sys_cfg.o
                0x0000000008008f54                sys_ctrl_get_firmware_info
 .text.task_irq_io_entry_trigger
                0x0000000008008f94        0x2 build_ak-base-kit-stm32l151-application/sys_cfg.o
                0x0000000008008f94                task_irq_io_entry_trigger
 .text.task_irq_io_exit_trigger
                0x0000000008008f96        0x2 build_ak-base-kit-stm32l151-application/sys_cfg.o
                0x0000000008008f96                task_irq_io_exit_trigger
 .text.io_button_mode_init
                0x0000000008008f98       0x28 build_ak-base-kit-stm32l151-application/io_cfg.o
                0x0000000008008f98                io_button_mode_init
 .text.io_button_up_init
                0x0000000008008fc0       0x28 build_ak-base-kit-stm32l151-application/io_cfg.o
                0x0000000008008fc0                io_button_up_init
 .text.io_button_down_init
                0x0000000008008fe8       0x28 build_ak-base-kit-stm32l151-application/io_cfg.o
                0x0000000008008fe8                io_button_down_init
 .text.io_button_mode_read
                0x0000000008009010        0xc build_ak-base-kit-stm32l151-application/io_cfg.o
                0x0000000008009010                io_button_mode_read
 .text.io_button_up_read
                0x000000000800901c       0x10 build_ak-base-kit-stm32l151-application/io_cfg.o
                0x000000000800901c                io_button_up_read
 .text.io_button_down_read
                0x000000000800902c        0xc build_ak-base-kit-stm32l151-application/io_cfg.o
                0x000000000800902c                io_button_down_read
 .text.led_life_init
                0x0000000008009038       0x28 build_ak-base-kit-stm32l151-application/io_cfg.o
                0x0000000008009038                led_life_init
 .text.led_life_on
                0x0000000008009060       0x10 build_ak-base-kit-stm32l151-application/io_cfg.o
                0x0000000008009060                led_life_on
 .text.led_life_off
                0x0000000008009070       0x10 build_ak-base-kit-stm32l151-application/io_cfg.o
                0x0000000008009070                led_life_off
 .text.flash_io_ctrl_init
                0x0000000008009080       0x28 build_ak-base-kit-stm32l151-application/io_cfg.o
                0x0000000008009080                flash_io_ctrl_init
 .text.flash_cs_low
                0x00000000080090a8       0x10 build_ak-base-kit-stm32l151-application/io_cfg.o
                0x00000000080090a8                flash_cs_low
 .text.flash_cs_high
                0x00000000080090b8       0x10 build_ak-base-kit-stm32l151-application/io_cfg.o
                0x00000000080090b8                flash_cs_high
 .text.flash_transfer
                0x00000000080090c8       0x98 build_ak-base-kit-stm32l151-application/io_cfg.o
                0x00000000080090c8                flash_transfer
 .text.io_cfg_adc1
                0x0000000008009160       0x48 build_ak-base-kit-stm32l151-application/io_cfg.o
                0x0000000008009160                io_cfg_adc1
 .text.adc_bat_io_cfg
                0x00000000080091a8       0x2c build_ak-base-kit-stm32l151-application/io_cfg.o
                0x00000000080091a8                adc_bat_io_cfg
 .text.ssd1306_clk_input_mode
                0x00000000080091d4       0x28 build_ak-base-kit-stm32l151-application/io_cfg.o
                0x00000000080091d4                ssd1306_clk_input_mode
 .text.ssd1306_clk_output_mode
                0x00000000080091fc       0x28 build_ak-base-kit-stm32l151-application/io_cfg.o
                0x00000000080091fc                ssd1306_clk_output_mode
 .text.ssd1306_clk_digital_write_low
                0x0000000008009224       0x10 build_ak-base-kit-stm32l151-application/io_cfg.o
                0x0000000008009224                ssd1306_clk_digital_write_low
 .text.ssd1306_clk_digital_write_high
                0x0000000008009234       0x10 build_ak-base-kit-stm32l151-application/io_cfg.o
                0x0000000008009234                ssd1306_clk_digital_write_high
 .text.ssd1306_data_input_mode
                0x0000000008009244       0x28 build_ak-base-kit-stm32l151-application/io_cfg.o
                0x0000000008009244                ssd1306_data_input_mode
 .text.ssd1306_data_output_mode
                0x000000000800926c       0x28 build_ak-base-kit-stm32l151-application/io_cfg.o
                0x000000000800926c                ssd1306_data_output_mode
 .text.ssd1306_data_digital_write_low
                0x0000000008009294       0x10 build_ak-base-kit-stm32l151-application/io_cfg.o
                0x0000000008009294                ssd1306_data_digital_write_low
 .text.ssd1306_data_digital_write_high
                0x00000000080092a4       0x10 build_ak-base-kit-stm32l151-application/io_cfg.o
                0x00000000080092a4                ssd1306_data_digital_write_high
 .text.ssd1306_res_input_mode
                0x00000000080092b4       0x28 build_ak-base-kit-stm32l151-application/io_cfg.o
                0x00000000080092b4                ssd1306_res_input_mode
 .text.ssd1306_res_output_mode
                0x00000000080092dc       0x28 build_ak-base-kit-stm32l151-application/io_cfg.o
                0x00000000080092dc                ssd1306_res_output_mode
 .text.ssd1306_res_digital_write_low
                0x0000000008009304       0x10 build_ak-base-kit-stm32l151-application/io_cfg.o
                0x0000000008009304                ssd1306_res_digital_write_low
 .text.ssd1306_res_digital_write_high
                0x0000000008009314       0x10 build_ak-base-kit-stm32l151-application/io_cfg.o
                0x0000000008009314                ssd1306_res_digital_write_high
 .text.io_eeprom_read
                0x0000000008009324       0x34 build_ak-base-kit-stm32l151-application/io_cfg.o
                0x0000000008009324                io_eeprom_read
 .text.io_eeprom_write
                0x0000000008009358       0x48 build_ak-base-kit-stm32l151-application/io_cfg.o
                0x0000000008009358                io_eeprom_write
 .text.io_eeprom_erase
                0x00000000080093a0       0x4c build_ak-base-kit-stm32l151-application/io_cfg.o
                0x00000000080093a0                io_eeprom_erase
 .text.internal_flash_unlock
                0x00000000080093ec       0x12 build_ak-base-kit-stm32l151-application/io_cfg.o
                0x00000000080093ec                internal_flash_unlock
 .text.internal_flash_lock
                0x00000000080093fe        0x4 build_ak-base-kit-stm32l151-application/io_cfg.o
                0x00000000080093fe                internal_flash_lock
 .text.internal_flash_erase_pages_cal
                0x0000000008009402       0x24 build_ak-base-kit-stm32l151-application/io_cfg.o
                0x0000000008009402                internal_flash_erase_pages_cal
 .text.internal_flash_write_cal
                0x0000000008009426       0x48 build_ak-base-kit-stm32l151-application/io_cfg.o
                0x0000000008009426                internal_flash_write_cal
 *fill*         0x000000000800946e        0x2 
 .text.io_uart2_cfg
                0x0000000008009470       0xbc build_ak-base-kit-stm32l151-application/io_cfg.o
                0x0000000008009470                io_uart2_cfg
 .text.SystemInit
                0x000000000800952c      0x114 build_ak-base-kit-stm32l151-application/system_stm32l1xx.o
                0x000000000800952c                SystemInit
 .text.SystemCoreClockUpdate
                0x0000000008009640       0x88 build_ak-base-kit-stm32l151-application/system_stm32l1xx.o
                0x0000000008009640                SystemCoreClockUpdate
 .text._Z22ar_game_archery_handleP8ak_msg_t
                0x00000000080096c8       0x98 build_ak-base-kit-stm32l151-application/ar_game_archery.o
                0x00000000080096c8                ar_game_archery_handle(ak_msg_t*)
 .text._Z20ar_game_arrow_handleP8ak_msg_t
                0x0000000008009760       0xfc build_ak-base-kit-stm32l151-application/ar_game_arrow.o
                0x0000000008009760                ar_game_arrow_handle(ak_msg_t*)
 .text._Z19ar_game_bang_handleP8ak_msg_t
                0x000000000800985c       0xac build_ak-base-kit-stm32l151-application/ar_game_bang.o
                0x000000000800985c                ar_game_bang_handle(ak_msg_t*)
 .text._Z21ar_game_border_handleP8ak_msg_t
                0x0000000008009908       0xac build_ak-base-kit-stm32l151-application/ar_game_border.o
                0x0000000008009908                ar_game_border_handle(ak_msg_t*)
 .text._Z24ar_game_meteoroid_handleP8ak_msg_t
                0x00000000080099b4      0x1ac build_ak-base-kit-stm32l151-application/ar_game_meteoroid.o
                0x00000000080099b4                ar_game_meteoroid_handle(ak_msg_t*)
 .text._ZL13view_scr_idlev
                0x0000000008009b60       0x34 build_ak-base-kit-stm32l151-application/scr_idle.o
 .text._ZN4ballC2Ev
                0x0000000008009b94       0x5e build_ak-base-kit-stm32l151-application/scr_idle.o
                0x0000000008009b94                ball::ball()
                0x0000000008009b94                ball::ball()
 *fill*         0x0000000008009bf2        0x2 
 .text._ZNSt6vectorI4ballSaIS0_EE17_M_realloc_insertIJRKS0_EEEvN9__gnu_cxx17__normal_iteratorIPS0_S2_EEDpOT_
                0x0000000008009bf4      0x110 build_ak-base-kit-stm32l151-application/scr_idle.o
                0x0000000008009bf4                void std::vector<ball, std::allocator<ball> >::_M_realloc_insert<ball const&>(__gnu_cxx::__normal_iterator<ball*, std::vector<ball, std::allocator<ball> > >, ball const&)
 .text._ZNSt6vectorI4ballSaIS0_EE9push_backERKS0_
                0x0000000008009d04       0x2c build_ak-base-kit-stm32l151-application/scr_idle.o
                0x0000000008009d04                std::vector<ball, std::allocator<ball> >::push_back(ball const&)
 .text._Z15scr_idle_handleP8ak_msg_t
                0x0000000008009d30      0x1a8 build_ak-base-kit-stm32l151-application/scr_idle.o
                0x0000000008009d30                scr_idle_handle(ak_msg_t*)
 .text.startup._GLOBAL__sub_I_dyn_view_idle
                0x0000000008009ed8       0x10 build_ak-base-kit-stm32l151-application/scr_idle.o
 .text.exit._GLOBAL__sub_D_dyn_view_idle
                0x0000000008009ee8       0x10 build_ak-base-kit-stm32l151-application/scr_idle.o
 .text._ZL16view_scr_startupv
                0x0000000008009ef8       0xa4 build_ak-base-kit-stm32l151-application/scr_startup.o
 .text._Z18scr_startup_handleP8ak_msg_t
                0x0000000008009f9c       0x7c build_ak-base-kit-stm32l151-application/scr_startup.o
                0x0000000008009f9c                scr_startup_handle(ak_msg_t*)
 .text._Z25update_menu_screen_chossev
                0x000000000800a018       0x74 build_ak-base-kit-stm32l151-application/scr_menu_game.o
                0x000000000800a018                update_menu_screen_chosse()
 .text._Z16screen_tran_menuv
                0x000000000800a08c       0x50 build_ak-base-kit-stm32l151-application/scr_menu_game.o
                0x000000000800a08c                screen_tran_menu()
 .text.startup._GLOBAL__sub_I_menu_items_icon_size_w
                0x000000000800a0dc        0xc build_ak-base-kit-stm32l151-application/scr_menu_game.o
 .text._ZL18view_scr_menu_gamev
                0x000000000800a0e8      0x124 build_ak-base-kit-stm32l151-application/scr_menu_game.o
 .text._Z20scr_menu_game_handleP8ak_msg_t
                0x000000000800a20c      0x128 build_ak-base-kit-stm32l151-application/scr_menu_game.o
                0x000000000800a20c                scr_menu_game_handle(ak_msg_t*)
 .text._Z23scr_game_setting_handleP8ak_msg_t
                0x000000000800a334      0x148 build_ak-base-kit-stm32l151-application/scr_game_setting.o
                0x000000000800a334                scr_game_setting_handle(ak_msg_t*)
 .text._ZL21view_scr_game_settingv
                0x000000000800a47c      0x140 build_ak-base-kit-stm32l151-application/scr_game_setting.o
 .text._Z23ar_game_archery_displayv
                0x000000000800a5bc       0x48 build_ak-base-kit-stm32l151-application/scr_archery_game.o
                0x000000000800a5bc                ar_game_archery_display()
 .text._Z21ar_game_arrow_displayv
                0x000000000800a604       0x4c build_ak-base-kit-stm32l151-application/scr_archery_game.o
                0x000000000800a604                ar_game_arrow_display()
 .text._Z25ar_game_meteoroid_displayv
                0x000000000800a650       0x80 build_ak-base-kit-stm32l151-application/scr_archery_game.o
                0x000000000800a650                ar_game_meteoroid_display()
 .text._Z20ar_game_bang_displayv
                0x000000000800a6d0       0x88 build_ak-base-kit-stm32l151-application/scr_archery_game.o
                0x000000000800a6d0                ar_game_bang_display()
 .text._Z19ar_game_level_setupv
                0x000000000800a758       0x10 build_ak-base-kit-stm32l151-application/scr_archery_game.o
                0x000000000800a758                ar_game_level_setup()
 .text._Z23ar_game_time_tick_setupv
                0x000000000800a768        0xc build_ak-base-kit-stm32l151-application/scr_archery_game.o
                0x000000000800a768                ar_game_time_tick_setup()
 .text._Z28ar_game_save_and_reset_scorev
                0x000000000800a774       0x18 build_ak-base-kit-stm32l151-application/scr_archery_game.o
                0x000000000800a774                ar_game_save_and_reset_score()
 .text._Z23scr_archery_game_handleP8ak_msg_t
                0x000000000800a78c      0x120 build_ak-base-kit-stm32l151-application/scr_archery_game.o
                0x000000000800a78c                scr_archery_game_handle(ak_msg_t*)
 .text._Z21ar_game_frame_displayv
                0x000000000800a8ac       0x9c build_ak-base-kit-stm32l151-application/scr_archery_game.o
                0x000000000800a8ac                ar_game_frame_display()
 .text._Z22ar_game_border_displayv
                0x000000000800a948       0x54 build_ak-base-kit-stm32l151-application/scr_archery_game.o
                0x000000000800a948                ar_game_border_display()
 .text._ZL21view_scr_archery_gamev
                0x000000000800a99c       0x68 build_ak-base-kit-stm32l151-application/scr_archery_game.o
 .text._Z12rank_rankingv
                0x000000000800aa04       0x2c build_ak-base-kit-stm32l151-application/scr_game_over.o
                0x000000000800aa04                rank_ranking()
 .text._ZL18view_scr_game_overv
                0x000000000800aa30       0xc4 build_ak-base-kit-stm32l151-application/scr_game_over.o
 .text._Z20scr_game_over_handleP8ak_msg_t
                0x000000000800aaf4       0xc8 build_ak-base-kit-stm32l151-application/scr_game_over.o
                0x000000000800aaf4                scr_game_over_handle(ak_msg_t*)
 .text._ZL20view_scr_charts_gamev
                0x000000000800abbc      0x100 build_ak-base-kit-stm32l151-application/scr_charts_game.o
 .text._Z22scr_charts_game_handleP8ak_msg_t
                0x000000000800acbc       0x90 build_ak-base-kit-stm32l151-application/scr_charts_game.o
                0x000000000800acbc                scr_charts_game_handle(ak_msg_t*)
 .text.main_app
                0x000000000800ad4c      0x1b0 build_ak-base-kit-stm32l151-application/app.o
                0x000000000800ad4c                main_app
 .text._Z20task_polling_consolev
                0x000000000800aefc       0xd8 build_ak-base-kit-stm32l151-application/app.o
                0x000000000800aefc                task_polling_console()
 .text.sys_irq_timer_10ms
                0x000000000800afd4       0x24 build_ak-base-kit-stm32l151-application/app.o
                0x000000000800afd4                sys_irq_timer_10ms
 .text._Z17btn_mode_callbackPv
                0x000000000800aff8       0x54 build_ak-base-kit-stm32l151-application/app_bsp.o
                0x000000000800aff8                btn_mode_callback(void*)
 .text._Z15btn_up_callbackPv
                0x000000000800b04c       0x54 build_ak-base-kit-stm32l151-application/app_bsp.o
                0x000000000800b04c                btn_up_callback(void*)
 .text._Z17btn_down_callbackPv
                0x000000000800b0a0       0x54 build_ak-base-kit-stm32l151-application/app_bsp.o
                0x000000000800b0a0                btn_down_callback(void*)
 .text._ZL19str_parser_get_attrh
                0x000000000800b0f4       0x1c build_ak-base-kit-stm32l151-application/shell.o
 .text._Z11shell_resetPh
                0x000000000800b110       0x10 build_ak-base-kit-stm32l151-application/shell.o
                0x000000000800b110                shell_reset(unsigned char*)
 .text._Z10shell_helpPh
                0x000000000800b120       0x30 build_ak-base-kit-stm32l151-application/shell.o
                0x000000000800b120                shell_help(unsigned char*)
 .text._Z12shell_rebootPh
                0x000000000800b150       0x10 build_ak-base-kit-stm32l151-application/shell.o
                0x000000000800b150                shell_reboot(unsigned char*)
 .text._ZL10str_parserPc
                0x000000000800b160       0x60 build_ak-base-kit-stm32l151-application/shell.o
 .text._Z11shell_fatalPh
                0x000000000800b1c0      0x2f4 build_ak-base-kit-stm32l151-application/shell.o
                0x000000000800b1c0                shell_fatal(unsigned char*)
 .text._Z11shell_flashPh
                0x000000000800b4b4      0x150 build_ak-base-kit-stm32l151-application/shell.o
                0x000000000800b4b4                shell_flash(unsigned char*)
 .text._Z9shell_epsPh
                0x000000000800b604       0xd0 build_ak-base-kit-stm32l151-application/shell.o
                0x000000000800b604                shell_eps(unsigned char*)
 .text._Z9shell_ramPh
                0x000000000800b6d4      0x20c build_ak-base-kit-stm32l151-application/shell.o
                0x000000000800b6d4                shell_ram(unsigned char*)
 .text._Z10shell_bootPh
                0x000000000800b8e0       0xdc build_ak-base-kit-stm32l151-application/shell.o
                0x000000000800b8e0                shell_boot(unsigned char*)
 .text._Z12shell_buzzerPh
                0x000000000800b9bc       0xd4 build_ak-base-kit-stm32l151-application/shell.o
                0x000000000800b9bc                shell_buzzer(unsigned char*)
 .text._Z9shell_lcdPh
                0x000000000800ba90      0x15c build_ak-base-kit-stm32l151-application/shell.o
                0x000000000800ba90                shell_lcd(unsigned char*)
 .text.sys_irq_shell
                0x000000000800bbec       0x2c build_ak-base-kit-stm32l151-application/task_shell.o
                0x000000000800bbec                sys_irq_shell
 .text._Z10task_shellP8ak_msg_t
                0x000000000800bc18       0x7c build_ak-base-kit-stm32l151-application/task_shell.o
                0x000000000800bc18                task_shell(ak_msg_t*)
 .text._Z9task_lifeP8ak_msg_t
                0x000000000800bc94       0x20 build_ak-base-kit-stm32l151-application/task_life.o
                0x000000000800bc94                task_life(ak_msg_t*)
 .text._Z7task_fwP8ak_msg_t
                0x000000000800bcb4      0x490 build_ak-base-kit-stm32l151-application/task_fw.o
                0x000000000800bcb4                task_fw(ak_msg_t*)
 .text._Z12task_displayP8ak_msg_t
                0x000000000800c144        0x4 build_ak-base-kit-stm32l151-application/task_display.o
                0x000000000800c144                task_display(ak_msg_t*)
 .text._Z7task_ifP8ak_msg_t
                0x000000000800c148       0x98 build_ak-base-kit-stm32l151-application/task_if.o
                0x000000000800c148                task_if(ak_msg_t*)
 .text._Z12task_uart_ifP8ak_msg_t
                0x000000000800c1e0       0xc0 build_ak-base-kit-stm32l151-application/task_uart_if.o
                0x000000000800c1e0                task_uart_if(ak_msg_t*)
 .text._ZL19view_render_dynamicPv
                0x000000000800c2a0        0xa build_ak-base-kit-stm32l151-application/view_render.o
 *fill*         0x000000000800c2aa        0x2 
 .text._Z22view_render_display_onv
                0x000000000800c2ac        0xc build_ak-base-kit-stm32l151-application/view_render.o
                0x000000000800c2ac                view_render_display_on()
 .text.startup._GLOBAL__sub_I_view_render
                0x000000000800c2b8        0xc build_ak-base-kit-stm32l151-application/view_render.o
 .text.exit._GLOBAL__sub_D_view_render
                0x000000000800c2c4        0xc build_ak-base-kit-stm32l151-application/view_render.o
 .text._Z18view_render_screenP13view_screen_t
                0x000000000800c2d0       0x68 build_ak-base-kit-stm32l151-application/view_render.o
                0x000000000800c2d0                view_render_screen(view_screen_t*)
 .text._ZL21view_render_rectanglePv
                0x000000000800c338       0xe8 build_ak-base-kit-stm32l151-application/view_render.o
 .text._Z12scr_mng_ctorP9scr_mng_tPFvP8ak_msg_tEP13view_screen_t
                0x000000000800c420       0x20 build_ak-base-kit-stm32l151-application/screen_manager.o
                0x000000000800c420                scr_mng_ctor(scr_mng_t*, void (*)(ak_msg_t*), view_screen_t*)
 .text._Z16scr_mng_dispatchP8ak_msg_t
                0x000000000800c440       0x48 build_ak-base-kit-stm32l151-application/screen_manager.o
                0x000000000800c440                scr_mng_dispatch(ak_msg_t*)
 .text._Z12scr_mng_tranPFvP8ak_msg_tEP13view_screen_t
                0x000000000800c488       0x44 build_ak-base-kit-stm32l151-application/screen_manager.o
                0x000000000800c488                scr_mng_tran(void (*)(ak_msg_t*), view_screen_t*)
 .text._ZN12Adafruit_GFX8drawLineEsssst
                0x000000000800c4cc       0xbe build_ak-base-kit-stm32l151-application/Adafruit_GFX.o
                0x000000000800c4cc                Adafruit_GFX::drawLine(short, short, short, short, unsigned short)
 .text._ZN12Adafruit_GFX8drawRectEsssst
                0x000000000800c58a       0x68 build_ak-base-kit-stm32l151-application/Adafruit_GFX.o
                0x000000000800c58a                Adafruit_GFX::drawRect(short, short, short, short, unsigned short)
 .text._ZN12Adafruit_GFX13drawFastVLineEssst
                0x000000000800c5f2       0x1c build_ak-base-kit-stm32l151-application/Adafruit_GFX.o
                0x000000000800c5f2                Adafruit_GFX::drawFastVLine(short, short, short, unsigned short)
 .text._ZN12Adafruit_GFX13drawFastHLineEssst
                0x000000000800c60e       0x1a build_ak-base-kit-stm32l151-application/Adafruit_GFX.o
                0x000000000800c60e                Adafruit_GFX::drawFastHLine(short, short, short, unsigned short)
 .text._ZN12Adafruit_GFX8fillRectEsssst
                0x000000000800c628       0x38 build_ak-base-kit-stm32l151-application/Adafruit_GFX.o
                0x000000000800c628                Adafruit_GFX::fillRect(short, short, short, short, unsigned short)
 .text._ZN12Adafruit_GFX10fillScreenEt
                0x000000000800c660       0x1c build_ak-base-kit-stm32l151-application/Adafruit_GFX.o
                0x000000000800c660                Adafruit_GFX::fillScreen(unsigned short)
 .text._ZN12Adafruit_GFXC2Ess
                0x000000000800c67c       0x28 build_ak-base-kit-stm32l151-application/Adafruit_GFX.o
                0x000000000800c67c                Adafruit_GFX::Adafruit_GFX(short, short)
                0x000000000800c67c                Adafruit_GFX::Adafruit_GFX(short, short)
 .text._ZN12Adafruit_GFX10drawCircleEssst
                0x000000000800c6a4      0x172 build_ak-base-kit-stm32l151-application/Adafruit_GFX.o
                0x000000000800c6a4                Adafruit_GFX::drawCircle(short, short, short, unsigned short)
 .text._ZN12Adafruit_GFX16drawCircleHelperEsssht
                0x000000000800c816      0x17a build_ak-base-kit-stm32l151-application/Adafruit_GFX.o
                0x000000000800c816                Adafruit_GFX::drawCircleHelper(short, short, short, unsigned char, unsigned short)
 .text._ZN12Adafruit_GFX16fillCircleHelperEssshst
                0x000000000800c990      0x124 build_ak-base-kit-stm32l151-application/Adafruit_GFX.o
                0x000000000800c990                Adafruit_GFX::fillCircleHelper(short, short, short, unsigned char, short, unsigned short)
 .text._ZN12Adafruit_GFX10fillCircleEssst
                0x000000000800cab4       0x4a build_ak-base-kit-stm32l151-application/Adafruit_GFX.o
                0x000000000800cab4                Adafruit_GFX::fillCircle(short, short, short, unsigned short)
 .text._ZN12Adafruit_GFX13drawRoundRectEssssst
                0x000000000800cafe      0x10e build_ak-base-kit-stm32l151-application/Adafruit_GFX.o
                0x000000000800cafe                Adafruit_GFX::drawRoundRect(short, short, short, short, short, unsigned short)
 .text._ZN12Adafruit_GFX13fillRoundRectEssssst
                0x000000000800cc0c       0x88 build_ak-base-kit-stm32l151-application/Adafruit_GFX.o
                0x000000000800cc0c                Adafruit_GFX::fillRoundRect(short, short, short, short, short, unsigned short)
 .text._ZN12Adafruit_GFX10drawBitmapEssPKhsst
                0x000000000800cc94       0x92 build_ak-base-kit-stm32l151-application/Adafruit_GFX.o
                0x000000000800cc94                Adafruit_GFX::drawBitmap(short, short, unsigned char const*, short, short, unsigned short)
 *fill*         0x000000000800cd26        0x2 
 .text._ZN12Adafruit_GFX8drawCharEsshtth
                0x000000000800cd28      0x108 build_ak-base-kit-stm32l151-application/Adafruit_GFX.o
                0x000000000800cd28                Adafruit_GFX::drawChar(short, short, unsigned char, unsigned short, unsigned short, unsigned char)
 .text._ZN12Adafruit_GFX5writeEh
                0x000000000800ce30       0x64 build_ak-base-kit-stm32l151-application/Adafruit_GFX.o
                0x000000000800ce30                Adafruit_GFX::write(unsigned char)
 .text._ZN12Adafruit_GFX9setCursorEss
                0x000000000800ce94        0x6 build_ak-base-kit-stm32l151-application/Adafruit_GFX.o
                0x000000000800ce94                Adafruit_GFX::setCursor(short, short)
 .text._ZN12Adafruit_GFX11setTextSizeEh
                0x000000000800ce9a        0xa build_ak-base-kit-stm32l151-application/Adafruit_GFX.o
                0x000000000800ce9a                Adafruit_GFX::setTextSize(unsigned char)
 .text._ZN12Adafruit_GFX12setTextColorEt
                0x000000000800cea4        0x6 build_ak-base-kit-stm32l151-application/Adafruit_GFX.o
                0x000000000800cea4                Adafruit_GFX::setTextColor(unsigned short)
 .text._ZN12Adafruit_GFX5widthEv
                0x000000000800ceaa        0x6 build_ak-base-kit-stm32l151-application/Adafruit_GFX.o
                0x000000000800ceaa                Adafruit_GFX::width()
 .text._ZN12Adafruit_GFX6heightEv
                0x000000000800ceb0        0x6 build_ak-base-kit-stm32l151-application/Adafruit_GFX.o
                0x000000000800ceb0                Adafruit_GFX::height()
 .text._ZN19Adafruit_ssd1306syp9updateRowEii
                0x000000000800ceb6       0x1e build_ak-base-kit-stm32l151-application/Adafruit_ssd1306syp.o
                0x000000000800ceb6                Adafruit_ssd1306syp::updateRow(int, int)
 .text._ZN19Adafruit_ssd1306syp9drawPixelEsst
                0x000000000800ced4       0x52 build_ak-base-kit-stm32l151-application/Adafruit_ssd1306syp.o
                0x000000000800ced4                Adafruit_ssd1306syp::drawPixel(short, short, unsigned short)
 *fill*         0x000000000800cf26        0x2 
 .text._ZN19Adafruit_ssd1306sypC2Ev
                0x000000000800cf28       0x24 build_ak-base-kit-stm32l151-application/Adafruit_ssd1306syp.o
                0x000000000800cf28                Adafruit_ssd1306syp::Adafruit_ssd1306syp()
                0x000000000800cf28                Adafruit_ssd1306syp::Adafruit_ssd1306syp()
 .text._ZN19Adafruit_ssd1306sypD2Ev
                0x000000000800cf4c        0x2 build_ak-base-kit-stm32l151-application/Adafruit_ssd1306syp.o
                0x000000000800cf4c                Adafruit_ssd1306syp::~Adafruit_ssd1306syp()
                0x000000000800cf4c                Adafruit_ssd1306syp::~Adafruit_ssd1306syp()
 .text._ZN19Adafruit_ssd1306syp5clearEb
                0x000000000800cf4e       0x22 build_ak-base-kit-stm32l151-application/Adafruit_ssd1306syp.o
                0x000000000800cf4e                Adafruit_ssd1306syp::clear(bool)
 .text._ZN19Adafruit_ssd1306syp9writeByteEh
                0x000000000800cf70       0x54 build_ak-base-kit-stm32l151-application/Adafruit_ssd1306syp.o
                0x000000000800cf70                Adafruit_ssd1306syp::writeByte(unsigned char)
 .text._ZN19Adafruit_ssd1306syp8startIICEv
                0x000000000800cfc4       0x2c build_ak-base-kit-stm32l151-application/Adafruit_ssd1306syp.o
                0x000000000800cfc4                Adafruit_ssd1306syp::startIIC()
 .text._ZN19Adafruit_ssd1306syp7stopIICEv
                0x000000000800cff0       0x2c build_ak-base-kit-stm32l151-application/Adafruit_ssd1306syp.o
                0x000000000800cff0                Adafruit_ssd1306syp::stopIIC()
 .text._ZN19Adafruit_ssd1306syp12writeCommandEh
                0x000000000800d01c       0x2c build_ak-base-kit-stm32l151-application/Adafruit_ssd1306syp.o
                0x000000000800d01c                Adafruit_ssd1306syp::writeCommand(unsigned char)
 .text._ZN19Adafruit_ssd1306syp10initializeEv
                0x000000000800d048       0xf4 build_ak-base-kit-stm32l151-application/Adafruit_ssd1306syp.o
                0x000000000800d048                Adafruit_ssd1306syp::initialize()
 .text._ZN19Adafruit_ssd1306syp10display_onEv
                0x000000000800d13c        0x6 build_ak-base-kit-stm32l151-application/Adafruit_ssd1306syp.o
                0x000000000800d13c                Adafruit_ssd1306syp::display_on()
 .text._ZN19Adafruit_ssd1306syp11display_offEv
                0x000000000800d142        0x6 build_ak-base-kit-stm32l151-application/Adafruit_ssd1306syp.o
                0x000000000800d142                Adafruit_ssd1306syp::display_off()
 .text._ZN19Adafruit_ssd1306syp17startDataSequenceEv
                0x000000000800d148       0x1c build_ak-base-kit-stm32l151-application/Adafruit_ssd1306syp.o
                0x000000000800d148                Adafruit_ssd1306syp::startDataSequence()
 .text._ZN19Adafruit_ssd1306syp6updateEv
                0x000000000800d164       0x70 build_ak-base-kit-stm32l151-application/Adafruit_ssd1306syp.o
                0x000000000800d164                Adafruit_ssd1306syp::update()
 .text._ZN19Adafruit_ssd1306syp9updateRowEi
                0x000000000800d1d4       0x6c build_ak-base-kit-stm32l151-application/Adafruit_ssd1306syp.o
                0x000000000800d1d4                Adafruit_ssd1306syp::updateRow(int)
 .text.eeprom_read
                0x000000000800d240        0x4 build_ak-base-kit-stm32l151-application/eeprom.o
                0x000000000800d240                eeprom_read
 .text.eeprom_write
                0x000000000800d244        0x4 build_ak-base-kit-stm32l151-application/eeprom.o
                0x000000000800d244                eeprom_write
 .text.eeprom_erase
                0x000000000800d248        0x4 build_ak-base-kit-stm32l151-application/eeprom.o
                0x000000000800d248                eeprom_erase
 .text._ZL19link_hal_write_byteh
                0x000000000800d24c        0x2 build_ak-base-kit-stm32l151-application/link_hal.o
 .text._ZL17link_hal_rev_byteh
                0x000000000800d24e        0x4 build_ak-base-kit-stm32l151-application/link_hal.o
 *fill*         0x000000000800d252        0x2 
 .text._Z23link_hal_reg_write_bytePFhhE
                0x000000000800d254       0x28 build_ak-base-kit-stm32l151-application/link_hal.o
                0x000000000800d254                link_hal_reg_write_byte(unsigned char (*)(unsigned char))
 .text._Z21link_hal_reg_rev_bytePFhhE
                0x000000000800d27c       0x28 build_ak-base-kit-stm32l151-application/link_hal.o
                0x000000000800d27c                link_hal_reg_rev_byte(unsigned char (*)(unsigned char))
 .text._ZL21fsm_link_state_handleP8ak_msg_t
                0x000000000800d2a4      0x2b0 build_ak-base-kit-stm32l151-application/link.o
 .text._ZL19fsm_link_state_initP8ak_msg_t
                0x000000000800d554       0x80 build_ak-base-kit-stm32l151-application/link.o
 .text._Z9task_linkP8ak_msg_t
                0x000000000800d5d4        0xc build_ak-base-kit-stm32l151-application/link.o
                0x000000000800d5d4                task_link(ak_msg_t*)
 .text._Z23link_init_state_machinev
                0x000000000800d5e0       0x2c build_ak-base-kit-stm32l151-application/link.o
                0x000000000800d5e0                link_init_state_machine()
 .text._ZL23link_mac_frame_send_reqv
                0x000000000800d60c       0x3c build_ak-base-kit-stm32l151-application/link_mac.o
 .text._ZL23link_mac_frame_send_endv
                0x000000000800d648       0x34 build_ak-base-kit-stm32l151-application/link_mac.o
 .text._ZL28link_mac_frame_cals_checksumP16link_mac_frame_t.constprop.0
                0x000000000800d67c       0x38 build_ak-base-kit-stm32l151-application/link_mac.o
 .text._Z25fsm_link_mac_state_handleP8ak_msg_t
                0x000000000800d6b4      0x2b8 build_ak-base-kit-stm32l151-application/link_mac.o
                0x000000000800d6b4                fsm_link_mac_state_handle(ak_msg_t*)
 .text._Z13task_link_macP8ak_msg_t
                0x000000000800d96c        0xc build_ak-base-kit-stm32l151-application/link_mac.o
                0x000000000800d96c                task_link_mac(ak_msg_t*)
 .text._Z23fsm_link_mac_state_initP8ak_msg_t
                0x000000000800d978       0x88 build_ak-base-kit-stm32l151-application/link_mac.o
                0x000000000800d978                fsm_link_mac_state_init(ak_msg_t*)
 .text._ZL26link_phy_frame_write_blockPhm
                0x000000000800da00       0x1c build_ak-base-kit-stm32l151-application/link_phy.o
 .text._ZL20link_phy_frame_writeP16link_phy_frame_t
                0x000000000800da1c       0x1c build_ak-base-kit-stm32l151-application/link_phy.o
 .text._ZL28link_phy_frame_cals_checksumP16link_phy_frame_t
                0x000000000800da38       0x38 build_ak-base-kit-stm32l151-application/link_phy.o
 .text._ZL25link_phy_frame_write_byteh
                0x000000000800da70        0xc build_ak-base-kit-stm32l151-application/link_phy.o
 .text._ZL26ac_link_phy_frame_rev_byteh
                0x000000000800da7c      0x100 build_ak-base-kit-stm32l151-application/link_phy.o
 .text._ZL19link_phy_frame_sendv
                0x000000000800db7c       0x2c build_ak-base-kit-stm32l151-application/link_phy.o
 .text._Z25fsm_link_phy_state_handleP8ak_msg_t
                0x000000000800dba8      0x1f0 build_ak-base-kit-stm32l151-application/link_phy.o
                0x000000000800dba8                fsm_link_phy_state_handle(ak_msg_t*)
 .text._Z13task_link_phyP8ak_msg_t
                0x000000000800dd98        0xc build_ak-base-kit-stm32l151-application/link_phy.o
                0x000000000800dd98                task_link_phy(ak_msg_t*)
 .text._Z23fsm_link_phy_state_initP8ak_msg_t
                0x000000000800dda4       0x90 build_ak-base-kit-stm32l151-application/link_phy.o
                0x000000000800dda4                fsm_link_phy_state_init(ak_msg_t*)
 .text._Z26link_phy_get_send_frame_tov
                0x000000000800de34       0x10 build_ak-base-kit-stm32l151-application/link_phy.o
                0x000000000800de34                link_phy_get_send_frame_to()
 .text._Z13link_pdu_initv
                0x000000000800de44       0x54 build_ak-base-kit-stm32l151-application/link_data.o
                0x000000000800de44                link_pdu_init()
 .text._Z15link_pdu_mallocv
                0x000000000800de98       0x24 build_ak-base-kit-stm32l151-application/link_data.o
                0x000000000800de98                link_pdu_malloc()
 .text._Z12link_pdu_getm
                0x000000000800debc       0x3c build_ak-base-kit-stm32l151-application/link_data.o
                0x000000000800debc                link_pdu_get(unsigned long)
 .text._Z13link_pdu_freem
                0x000000000800def8       0x4c build_ak-base-kit-stm32l151-application/link_data.o
                0x000000000800def8                link_pdu_free(unsigned long)
 .text._Z17link_get_src_addrv
                0x000000000800df44       0x18 build_ak-base-kit-stm32l151-application/link_data.o
                0x000000000800df44                link_get_src_addr()
 .text._Z17link_get_des_addrv
                0x000000000800df5c       0x18 build_ak-base-kit-stm32l151-application/link_data.o
                0x000000000800df5c                link_get_des_addr()
 .text._Z7pinModehh
                0x000000000800df74       0x84 build_ak-base-kit-stm32l151-application/wiring_digital.o
                0x000000000800df74                pinMode(unsigned char, unsigned char)
 .text._Z12digitalWritehh
                0x000000000800dff8       0x78 build_ak-base-kit-stm32l151-application/wiring_digital.o
                0x000000000800dff8                digitalWrite(unsigned char, unsigned char)
 .text._ZN5Print5writeEPKhj
                0x000000000800e070       0x22 build_ak-base-kit-stm32l151-application/Print.o
                0x000000000800e070                Print::write(unsigned char const*, unsigned int)
 .text._ZN5Print5writeEPKc
                0x000000000800e092       0x20 build_ak-base-kit-stm32l151-application/Print.o
                0x000000000800e092                Print::write(char const*)
 .text._ZN5Print5printEPKc
                0x000000000800e0b2        0x8 build_ak-base-kit-stm32l151-application/Print.o
                0x000000000800e0b2                Print::print(char const*)
 .text._ZN5Print11printNumberEmh
                0x000000000800e0ba       0x3a build_ak-base-kit-stm32l151-application/Print.o
                0x000000000800e0ba                Print::printNumber(unsigned long, unsigned char)
 .text._ZN5Print5printEmi
                0x000000000800e0f4       0x16 build_ak-base-kit-stm32l151-application/Print.o
                0x000000000800e0f4                Print::print(unsigned long, int)
 .text._ZN5Print5printEhi
                0x000000000800e10a        0x4 build_ak-base-kit-stm32l151-application/Print.o
                0x000000000800e10a                Print::print(unsigned char, int)
 .text._ZN14HardwareSerial9availableEv
                0x000000000800e10e        0xa build_ak-base-kit-stm32l151-application/HardwareSerial.o
                0x000000000800e10e                HardwareSerial::available()
 .text._ZN14HardwareSerial4peekEv
                0x000000000800e118       0x14 build_ak-base-kit-stm32l151-application/HardwareSerial.o
                0x000000000800e118                HardwareSerial::peek()
 .text._ZN14HardwareSerial4readEv
                0x000000000800e12c       0x20 build_ak-base-kit-stm32l151-application/HardwareSerial.o
                0x000000000800e12c                HardwareSerial::read()
 .text._ZN14HardwareSerial5flushEv
                0x000000000800e14c        0x2 build_ak-base-kit-stm32l151-application/HardwareSerial.o
                0x000000000800e14c                HardwareSerial::flush()
 .text._ZN14HardwareSerial17availableForWriteEv
                0x000000000800e14e       0x26 build_ak-base-kit-stm32l151-application/HardwareSerial.o
                0x000000000800e14e                HardwareSerial::availableForWrite()
 .text._ZN14HardwareSerial5writeEh
                0x000000000800e174       0x30 build_ak-base-kit-stm32l151-application/HardwareSerial.o
                0x000000000800e174                HardwareSerial::write(unsigned char)
 .text._ZL20serial2_trigger_putcv
                0x000000000800e1a4       0x10 build_ak-base-kit-stm32l151-application/HardwareSerial2.o
 .text.startup._GLOBAL__sub_I_Serial2
                0x000000000800e1b4       0x34 build_ak-base-kit-stm32l151-application/HardwareSerial2.o
 .text._ZN8SPIClass9io_configEv
                0x000000000800e1e8       0x68 build_ak-base-kit-stm32l151-application/SPI.o
                0x000000000800e1e8                SPIClass::io_config()
 .text._ZN8SPIClass5beginEv
                0x000000000800e250       0xd0 build_ak-base-kit-stm32l151-application/SPI.o
                0x000000000800e250                SPIClass::begin()
 .text.startup._GLOBAL__sub_I__ZN8SPIClassC2Ev
                0x000000000800e320       0x14 build_ak-base-kit-stm32l151-application/SPI.o
 .text._ZN7TwoWire9availableEv
                0x000000000800e334       0x14 build_ak-base-kit-stm32l151-application/Wire.o
                0x000000000800e334                TwoWire::available()
 .text._ZN7TwoWire4readEv
                0x000000000800e348       0x28 build_ak-base-kit-stm32l151-application/Wire.o
                0x000000000800e348                TwoWire::read()
 .text._ZN7TwoWire4peekEv
                0x000000000800e370       0x24 build_ak-base-kit-stm32l151-application/Wire.o
                0x000000000800e370                TwoWire::peek()
 .text._ZN7TwoWire5flushEv
                0x000000000800e394        0x2 build_ak-base-kit-stm32l151-application/Wire.o
                0x000000000800e394                TwoWire::flush()
 *fill*         0x000000000800e396        0x2 
 .text._ZN7TwoWire5writeEh
                0x000000000800e398       0x54 build_ak-base-kit-stm32l151-application/Wire.o
                0x000000000800e398                TwoWire::write(unsigned char)
 .text._ZN7TwoWire5writeEPKhj
                0x000000000800e3ec       0x34 build_ak-base-kit-stm32l151-application/Wire.o
                0x000000000800e3ec                TwoWire::write(unsigned char const*, unsigned int)
 .text.startup._GLOBAL__sub_I__ZN7TwoWire8rxBufferE
                0x000000000800e420       0x1c build_ak-base-kit-stm32l151-application/Wire.o
 .text._Z12twi_transmitPKhh
                0x000000000800e43c       0x44 build_ak-base-kit-stm32l151-application/twi.o
                0x000000000800e43c                twi_transmit(unsigned char const*, unsigned char)
 .text.__cxa_pure_virtual
                0x000000000800e480       0x1c build_ak-base-kit-stm32l151-application/mini_cpp.o
                0x000000000800e480                __cxa_pure_virtual
 .text._Znwj    0x000000000800e49c        0x4 build_ak-base-kit-stm32l151-application/mini_cpp.o
                0x000000000800e49c                operator new(unsigned int)
 .text._ZdlPv   0x000000000800e4a0        0x4 build_ak-base-kit-stm32l151-application/mini_cpp.o
                0x000000000800e4a0                operator delete(void*)
 .text._sbrk    0x000000000800e4a4       0x1c build_ak-base-kit-stm32l151-application/mini_cpp.o
                0x000000000800e4a4                _sbrk
 .text.unlikely._ZSt20__throw_length_errorPKc
                0x000000000800e4c0        0x6 /usr/lib/arm-none-eabi/newlib/thumb/v7-m/nofp/libstdc++_nano.a(functexcept.o)
                0x000000000800e4c0                std::__throw_length_error(char const*)
 *(.rodata)
 *fill*         0x000000000800e4c6        0x2 
 .rodata        0x000000000800e4c8      0x101 /usr/lib/arm-none-eabi/newlib/thumb/v7-m/nofp/libc.a(lib_a-ctype_.o)
                0x000000000800e4c8                _ctype_
 *fill*         0x000000000800e5c9        0x3 
 .rodata        0x000000000800e5cc        0x4 /usr/lib/arm-none-eabi/newlib/thumb/v7-m/nofp/libc.a(lib_a-impure.o)
                0x000000000800e5cc                _global_impure_ptr
 .rodata        0x000000000800e5d0       0x40 /usr/lib/arm-none-eabi/newlib/thumb/v7-m/nofp/libm.a(lib_a-s_atan.o)
 *(.rodata*)
 .rodata.task_create.str1.1
                0x000000000800e610        0x3 build_ak-base-kit-stm32l151-application/task.o
 .rodata.task_run.str1.1
                0x000000000800e613       0x25 build_ak-base-kit-stm32l151-application/task.o
 .rodata.timer_set.str1.1
                0x000000000800e638        0x3 build_ak-base-kit-stm32l151-application/timer.o
 .rodata.msg_force_free.str1.1
                0x000000000800e63b        0x3 build_ak-base-kit-stm32l151-application/message.o
 .rodata.ak_malloc.str1.1
                0x000000000800e63e        0xa build_ak-base-kit-stm32l151-application/message.o
 .rodata.fifo_put.str1.1
                0x000000000800e648        0x5 build_ak-base-kit-stm32l151-application/fifo.o
 .rodata.xvfprintf.str1.1
                0x000000000800e64d        0xb build_ak-base-kit-stm32l151-application/xprintf.o
                                          0xc (size before relaxing)
 .rodata.sys_dbg_cpu_dump.str1.1
                0x000000000800e658       0x5f build_ak-base-kit-stm32l151-application/sys_dbg.o
 .rodata.sys_dbg_stack_space_dump.str1.1
                0x000000000800e6b7       0x2f build_ak-base-kit-stm32l151-application/sys_dbg.o
 .rodata.sys_dbg_fatal.str1.1
                0x000000000800e6e6      0x25f build_ak-base-kit-stm32l151-application/sys_dbg.o
                                        0x261 (size before relaxing)
 .rodata.exit_critical.str1.1
                0x000000000800e945        0x4 build_ak-base-kit-stm32l151-application/platform.o
 .rodata.default_handler.str1.1
                0x000000000800e949        0x3 build_ak-base-kit-stm32l151-application/system.o
 .rodata.sys_cfg_update_info.str1.1
                0x000000000800e94c       0x62 build_ak-base-kit-stm32l151-application/sys_cfg.o
                                         0x64 (size before relaxing)
 .rodata.sys_ctrl_soft_watchdog_increase_counter.str1.1
                0x000000000800e9ae        0x5 build_ak-base-kit-stm32l151-application/sys_cfg.o
 .rodata.flash_transfer.str1.1
                0x000000000800e9b3        0x4 build_ak-base-kit-stm32l151-application/io_cfg.o
 .rodata._Z22ar_game_archery_handleP8ak_msg_t.str1.1