sources/app/screens/scr_archery_game.cpp:28:6:void ar_game_archery_display()	24	static
sources/app/screens/scr_archery_game.cpp:47:6:void ar_game_arrow_display()	40	static
sources/app/screens/scr_archery_game.cpp:60:6:void ar_game_meteoroid_display()	40	static
sources/app/screens/scr_archery_game.cpp:91:6:void ar_game_bang_display()	40	static
sources/app/screens/scr_archery_game.cpp:175:6:void ar_game_level_setup()	0	static
sources/app/screens/scr_archery_game.cpp:181:6:void ar_game_time_tick_setup()	0	static
sources/app/screens/scr_archery_game.cpp:188:6:void ar_game_save_and_reset_score()	8	static
sources/app/screens/scr_archery_game.cpp:195:6:void scr_archery_game_handle(ak_msg_t*)	8	static
sources/app/screens/scr_archery_game.cpp:14:6:void ar_game_frame_display()	24	static
sources/app/screens/scr_archery_game.cpp:122:6:void ar_game_border_display()	32	static
sources/app/screens/scr_archery_game.cpp:154:6:void view_scr_archery_game()	8	static
