Archive member included to satisfy reference by file (symbol)

/home/josef/Downloads/gcc-arm-none-eabi-10.3-2021.10-x86_64-linux/gcc-arm-none-eabi-10.3-2021.10/arm-none-eabi/lib/thumb/v7-m/nofp/libc.a(lib_a-atof.o)
                              build_archery-game/WString.o (atof)
/home/josef/Downloads/gcc-arm-none-eabi-10.3-2021.10-x86_64-linux/gcc-arm-none-eabi-10.3-2021.10/arm-none-eabi/lib/thumb/v7-m/nofp/libc.a(lib_a-atol.o)
                              build_archery-game/WString.o (atol)
/home/josef/Downloads/gcc-arm-none-eabi-10.3-2021.10-x86_64-linux/gcc-arm-none-eabi-10.3-2021.10/arm-none-eabi/lib/thumb/v7-m/nofp/libc.a(lib_a-isspace.o)
                              build_archery-game/WString.o (isspace)
/home/josef/Downloads/gcc-arm-none-eabi-10.3-2021.10-x86_64-linux/gcc-arm-none-eabi-10.3-2021.10/arm-none-eabi/lib/thumb/v7-m/nofp/libc.a(lib_a-malloc.o)
                              build_archery-game/message.o (malloc)
/home/josef/Downloads/gcc-arm-none-eabi-10.3-2021.10-x86_64-linux/gcc-arm-none-eabi-10.3-2021.10/arm-none-eabi/lib/thumb/v7-m/nofp/libc.a(lib_a-mallocr.o)
                              /home/josef/Downloads/gcc-arm-none-eabi-10.3-2021.10-x86_64-linux/gcc-arm-none-eabi-10.3-2021.10/arm-none-eabi/lib/thumb/v7-m/nofp/libc.a(lib_a-malloc.o) (_malloc_r)
/home/josef/Downloads/gcc-arm-none-eabi-10.3-2021.10-x86_64-linux/gcc-arm-none-eabi-10.3-2021.10/arm-none-eabi/lib/thumb/v7-m/nofp/libc.a(lib_a-memcmp.o)
                              build_archery-game/task_fw.o (memcmp)
/home/josef/Downloads/gcc-arm-none-eabi-10.3-2021.10-x86_64-linux/gcc-arm-none-eabi-10.3-2021.10/arm-none-eabi/lib/thumb/v7-m/nofp/libc.a(lib_a-memcpy.o)
                              build_archery-game/message.o (memcpy)
/home/josef/Downloads/gcc-arm-none-eabi-10.3-2021.10-x86_64-linux/gcc-arm-none-eabi-10.3-2021.10/arm-none-eabi/lib/thumb/v7-m/nofp/libc.a(lib_a-memmove.o)
                              build_archery-game/WString.o (memmove)
/home/josef/Downloads/gcc-arm-none-eabi-10.3-2021.10-x86_64-linux/gcc-arm-none-eabi-10.3-2021.10/arm-none-eabi/lib/thumb/v7-m/nofp/libc.a(lib_a-memset.o)
                              build_archery-game/task.o (memset)
/home/josef/Downloads/gcc-arm-none-eabi-10.3-2021.10-x86_64-linux/gcc-arm-none-eabi-10.3-2021.10/arm-none-eabi/lib/thumb/v7-m/nofp/libc.a(lib_a-mlock.o)
                              /home/josef/Downloads/gcc-arm-none-eabi-10.3-2021.10-x86_64-linux/gcc-arm-none-eabi-10.3-2021.10/arm-none-eabi/lib/thumb/v7-m/nofp/libc.a(lib_a-mallocr.o) (__malloc_lock)
/home/josef/Downloads/gcc-arm-none-eabi-10.3-2021.10-x86_64-linux/gcc-arm-none-eabi-10.3-2021.10/arm-none-eabi/lib/thumb/v7-m/nofp/libc.a(lib_a-rand.o)
                              build_archery-game/WMath.o (srand)
/home/josef/Downloads/gcc-arm-none-eabi-10.3-2021.10-x86_64-linux/gcc-arm-none-eabi-10.3-2021.10/arm-none-eabi/lib/thumb/v7-m/nofp/libc.a(lib_a-realloc.o)
                              build_archery-game/WString.o (realloc)
/home/josef/Downloads/gcc-arm-none-eabi-10.3-2021.10-x86_64-linux/gcc-arm-none-eabi-10.3-2021.10/arm-none-eabi/lib/thumb/v7-m/nofp/libc.a(lib_a-reallocr.o)
                              /home/josef/Downloads/gcc-arm-none-eabi-10.3-2021.10-x86_64-linux/gcc-arm-none-eabi-10.3-2021.10/arm-none-eabi/lib/thumb/v7-m/nofp/libc.a(lib_a-realloc.o) (_realloc_r)
/home/josef/Downloads/gcc-arm-none-eabi-10.3-2021.10-x86_64-linux/gcc-arm-none-eabi-10.3-2021.10/arm-none-eabi/lib/thumb/v7-m/nofp/libc.a(lib_a-sbrkr.o)
                              /home/josef/Downloads/gcc-arm-none-eabi-10.3-2021.10-x86_64-linux/gcc-arm-none-eabi-10.3-2021.10/arm-none-eabi/lib/thumb/v7-m/nofp/libc.a(lib_a-mallocr.o) (_sbrk_r)
/home/josef/Downloads/gcc-arm-none-eabi-10.3-2021.10-x86_64-linux/gcc-arm-none-eabi-10.3-2021.10/arm-none-eabi/lib/thumb/v7-m/nofp/libc.a(lib_a-strcat.o)
                              build_archery-game/dtostrf.o (strcat)
/home/josef/Downloads/gcc-arm-none-eabi-10.3-2021.10-x86_64-linux/gcc-arm-none-eabi-10.3-2021.10/arm-none-eabi/lib/thumb/v7-m/nofp/libc.a(lib_a-strchr.o)
                              build_archery-game/WString.o (strchr)
/home/josef/Downloads/gcc-arm-none-eabi-10.3-2021.10-x86_64-linux/gcc-arm-none-eabi-10.3-2021.10/arm-none-eabi/lib/thumb/v7-m/nofp/libc.a(lib_a-strcmp.o)
                              build_archery-game/cmd_line.o (strcmp)
/home/josef/Downloads/gcc-arm-none-eabi-10.3-2021.10-x86_64-linux/gcc-arm-none-eabi-10.3-2021.10/arm-none-eabi/lib/thumb/v7-m/nofp/libc.a(lib_a-strcpy.o)
                              build_archery-game/sys_dbg.o (strcpy)
/home/josef/Downloads/gcc-arm-none-eabi-10.3-2021.10-x86_64-linux/gcc-arm-none-eabi-10.3-2021.10/arm-none-eabi/lib/thumb/v7-m/nofp/libc.a(lib_a-strlen-stub.o)
                              build_archery-game/xprintf.o (strlen)
/home/josef/Downloads/gcc-arm-none-eabi-10.3-2021.10-x86_64-linux/gcc-arm-none-eabi-10.3-2021.10/arm-none-eabi/lib/thumb/v7-m/nofp/libc.a(lib_a-strncmp.o)
[...]
Memory Configuration

Name             Origin             Length             Attributes
BSF              0x0000000008002000 0x0000000000001000 xr
FLASH            0x0000000008003000 0x000000000001d000 xr
SRAM             0x0000000020000000 0x0000000000004000 xrw
*default*        0x0000000000000000 0xffffffffffffffff

Linker script and memory map

                0x0000000000000800                HEAP_SIZE = 0x800

.start_boot_share_data_flash
                0x0000000008002000        0x0
                0x0000000008002000                _start_boot_share_data_flash = .

.start_flash    0x0000000008003000        0x0
                0x0000000008003000                _start_flash = .

.isr_vector     0x0000000008003000       0xf4
                0x0000000008003000                _isr_vector = .
 *(.isr_vector)
 .isr_vector    0x0000000008003000       0xf4 build_archery-game/system.o
                0x0000000008003000                isr_vector
                0x00000000080030f4                . = ALIGN (0x4)

.text           0x00000000080030f8     0xd370
                0x00000000080030f8                . = ALIGN (0x4)
 *(.text)
 .text          0x00000000080030f8       0xec /home/josef/Downloads/gcc-arm-none-eabi-10.3-2021.10-x86_64-linux/gcc-arm-none-eabi-10.3-2021.10/arm-none-eabi/lib/thumb/v7-m/nofp/libc.a(lib_a-memcpy.o)
                0x00000000080030f8                memcpy
 .text          0x00000000080031e4      0x1bc /home/josef/Downloads/gcc-arm-none-eabi-10.3-2021.10-x86_64-linux/gcc-arm-none-eabi-10.3-2021.10/arm-none-eabi/lib/thumb/v7-m/nofp/libc.a(lib_a-strcmp.o)
                0x00000000080031e4                strcmp
 .text          0x00000000080033a0      0x378 /home/josef/Downloads/gcc-arm-none-eabi-10.3-2021.10-x86_64-linux/gcc-arm-none-eabi-10.3-2021.10/lib/gcc/arm-none-eabi/10.3.1/thumb/v7-m/nofp/libgcc.a(_arm_addsubdf3.o)
                0x00000000080033a0                __aeabi_drsub
                0x00000000080033a8                __aeabi_dsub
                0x00000000080033a8                __subdf3
                0x00000000080033ac                __adddf3
                0x00000000080033ac                __aeabi_dadd
                0x0000000008003624                __aeabi_ui2d
                0x0000000008003624                __floatunsidf
                0x0000000008003644                __floatsidf
                0x0000000008003644                __aeabi_i2d
                0x0000000008003668                __extendsfdf2
                0x0000000008003668                __aeabi_f2d
                0x00000000080036ac                __aeabi_ul2d
                0x00000000080036ac                __floatundidf
                0x00000000080036bc                __floatdidf
                0x00000000080036bc                __aeabi_l2d
 .text          0x0000000008003718      0x424 /home/josef/Downloads/gcc-arm-none-eabi-10.3-2021.10-x86_64-linux/gcc-arm-none-eabi-10.3-2021.10/lib/gcc/arm-none-eabi/10.3.1/thumb/v7-m/nofp/libgcc.a(_arm_muldivdf3.o)
                0x0000000008003718                __aeabi_dmul
                0x0000000008003718                __muldf3
                0x000000000800396c                __aeabi_ddiv
                0x000000000800396c                __divdf3
 .text          0x0000000008003b3c      0x110 /home/josef/Downloads/gcc-arm-none-eabi-10.3-2021.10-x86_64-linux/gcc-arm-none-eabi-10.3-2021.10/lib/gcc/arm-none-eabi/10.3.1/thumb/v7-m/nofp/libgcc.a(_arm_cmpdf2.o)
                0x0000000008003b3c                __gtdf2
                0x0000000008003b3c                __gedf2
                0x0000000008003b44                __ltdf2
                0x0000000008003b44                __ledf2
                0x0000000008003b4c                __cmpdf2
                0x0000000008003b4c                __eqdf2
                0x0000000008003b4c                __nedf2
                0x0000000008003bc8                __aeabi_cdrcmple
                0x0000000008003bd8                __aeabi_cdcmple
                0x0000000008003bd8                __aeabi_cdcmpeq
                0x0000000008003be8                __aeabi_dcmpeq
                0x0000000008003bfc                __aeabi_dcmplt
                0x0000000008003c10                __aeabi_dcmple
                0x0000000008003c24                __aeabi_dcmpge
                0x0000000008003c38                __aeabi_dcmpgt
 .text          0x0000000008003c4c       0x2c /home/josef/Downloads/gcc-arm-none-eabi-10.3-2021.10-x86_64-linux/gcc-arm-none-eabi-10.3-2021.10/lib/gcc/arm-none-eabi/10.3.1/thumb/v7-m/nofp/libgcc.a(_arm_unorddf2.o)
                0x0000000008003c4c                __aeabi_dcmpun
                0x0000000008003c4c                __unorddf2
 .text          0x0000000008003c78       0x50 /home/josef/Downloads/gcc-arm-none-eabi-10.3-2021.10-x86_64-linux/gcc-arm-none-eabi-10.3-2021.10/lib/gcc/arm-none-eabi/10.3.1/thumb/v7-m/nofp/libgcc.a(_arm_fixdfsi.o)
                0x0000000008003c78                __fixdfsi
                0x0000000008003c78                __aeabi_d2iz
 .text          0x0000000008003cc8       0x40 /home/josef/Downloads/gcc-arm-none-eabi-10.3-2021.10-x86_64-linux/gcc-arm-none-eabi-10.3-2021.10/lib/gcc/arm-none-eabi/10.3.1/thumb/v7-m/nofp/libgcc.a(_arm_fixunsdfsi.o)
                0x0000000008003cc8                __fixunsdfsi
                0x0000000008003cc8                __aeabi_d2uiz
 .text          0x0000000008003d08      0x21c /home/josef/Downloads/gcc-arm-none-eabi-10.3-2021.10-x86_64-linux/gcc-arm-none-eabi-10.3-2021.10/lib/gcc/arm-none-eabi/10.3.1/thumb/v7-m/nofp/libgcc.a(_arm_addsubsf3.o)
                0x0000000008003d08                __aeabi_frsub
                0x0000000008003d10                __subsf3
                0x0000000008003d10                __aeabi_fsub
                0x0000000008003d14                __aeabi_fadd
                0x0000000008003d14                __addsf3
                0x0000000008003e74                __aeabi_ui2f
                0x0000000008003e74                __floatunsisf
                0x0000000008003e7c                __aeabi_i2f
                0x0000000008003e7c                __floatsisf
                0x0000000008003e98                __floatundisf
                0x0000000008003e98                __aeabi_ul2f
                0x0000000008003ea8                __floatdisf
                0x0000000008003ea8                __aeabi_l2f
 .text          0x0000000008003f24       0x30 /home/josef/Downloads/gcc-arm-none-eabi-10.3-2021.10-x86_64-linux/gcc-arm-none-eabi-10.3-2021.10/lib/gcc/arm-none-eabi/10.3.1/thumb/v7-m/nofp/libgcc.a(_aeabi_uldivmod.o)
                0x0000000008003f24                __aeabi_uldivmod
 .text          0x0000000008003f54      0x2d4 /home/josef/Downloads/gcc-arm-none-eabi-10.3-2021.10-x86_64-linux/gcc-arm-none-eabi-10.3-2021.10/lib/gcc/arm-none-eabi/10.3.1/thumb/v7-m/nofp/libgcc.a(_udivmoddi4.o)
                0x0000000008003f54                __udivmoddi4
 .text          0x0000000008004228        0x4 /home/josef/Downloads/gcc-arm-none-eabi-10.3-2021.10-x86_64-linux/gcc-arm-none-eabi-10.3-2021.10/lib/gcc/arm-none-eabi/10.3.1/thumb/v7-m/nofp/libgcc.a(_dvmd_tls.o)
                0x0000000008004228                __aeabi_ldiv0
                0x0000000008004228                __aeabi_idiv0
 *(.text*)
 .text.fsm_dispatch
                0x000000000800422c        0x6 build_archery-game/fsm.o
                0x000000000800422c                fsm_dispatch
 *fill*         0x0000000008004232        0x2 
 .text.task_create
                0x0000000008004234       0x3c build_archery-game/task.o
                0x0000000008004234                task_create
 .text.task_polling_create
                0x0000000008004270       0x34 build_archery-game/task.o
                0x0000000008004270                task_polling_create
 .text.task_post
                0x00000000080042a4       0x84 build_archery-game/task.o
                0x00000000080042a4                task_post
 .text.task_remove_msg
                0x0000000008004328       0xb4 build_archery-game/task.o
                0x0000000008004328                task_remove_msg
 .text.task_post_pure_msg
                0x00000000080043dc       0x18 build_archery-game/task.o
                0x00000000080043dc                task_post_pure_msg
 .text.task_post_common_msg
                0x00000000080043f4       0x2a build_archery-game/task.o
                0x00000000080043f4                task_post_common_msg
 *fill*         0x000000000800441e        0x2 
 .text.task_entry_interrupt
                0x0000000008004420       0x1c build_archery-game/task.o
                0x0000000008004420                task_entry_interrupt
 .text.task_exit_interrupt
                0x000000000800443c       0x24 build_archery-game/task.o
                0x000000000800443c                task_exit_interrupt
 .text.task_init
                0x0000000008004460       0x40 build_archery-game/task.o
                0x0000000008004460                task_init
 .text.task_polling_run
                0x00000000080044a0       0x30 build_archery-game/task.o
                0x00000000080044a0                task_polling_run
 .text.task_run
                0x00000000080044d0      0x138 build_archery-game/task.o
                0x00000000080044d0                task_run
 .text.get_current_task_id
                0x0000000008004608        0xc build_archery-game/task.o
                0x0000000008004608                get_current_task_id
 .text.get_current_task_info
                0x0000000008004614        0x8 build_archery-game/task.o
                0x0000000008004614                get_current_task_info
 .text.get_current_active_object
                0x000000000800461c        0x8 build_archery-game/task.o
                0x000000000800461c                get_current_active_object
 .text.timer_remove_msg
                0x0000000008004624       0x64 build_archery-game/timer.o
 .text.task_timer_tick
                0x0000000008004688       0x7c build_archery-game/timer.o
                0x0000000008004688                task_timer_tick
 .text.timer_init
                0x0000000008004704       0x6c build_archery-game/timer.o
                0x0000000008004704                timer_init
 .text.timer_tick
                0x0000000008004770       0x38 build_archery-game/timer.o
                0x0000000008004770                timer_tick
 .text.timer_set
                0x00000000080047a8       0x98 build_archery-game/timer.o
                0x00000000080047a8                timer_set
 .text.timer_remove_attr
                0x0000000008004840       0x18 build_archery-game/timer.o
                0x0000000008004840                timer_remove_attr
 .text.free_common_msg
                0x0000000008004858       0x28 build_archery-game/message.o
 .text.free_pure_msg
                0x0000000008004880       0x28 build_archery-game/message.o
 .text.free_dynamic_msg
                0x00000000080048a8       0x30 build_archery-game/message.o
 .text.msg_init
                0x00000000080048d8      0x100 build_archery-game/message.o
                0x00000000080048d8                msg_init
 .text.msg_force_free
                0x00000000080049d8       0x44 build_archery-game/message.o
                0x00000000080049d8                msg_force_free
 .text.msg_inc_ref_count
                0x0000000008004a1c       0x2c build_archery-game/message.o
                0x0000000008004a1c                msg_inc_ref_count
 .text.msg_dec_ref_count
                0x0000000008004a48       0x28 build_archery-game/message.o
                0x0000000008004a48                msg_dec_ref_count
 .text.msg_free
                0x0000000008004a70       0x58 build_archery-game/message.o
                0x0000000008004a70                msg_free
 .text.ak_malloc
                0x0000000008004ac8       0x50 build_archery-game/message.o
                0x0000000008004ac8                ak_malloc
 .text.ak_free  0x0000000008004b18        0x4 build_archery-game/message.o
                0x0000000008004b18                ak_free
 .text.get_pure_msg
                0x0000000008004b1c       0x5c build_archery-game/message.o
                0x0000000008004b1c                get_pure_msg
 .text.get_common_msg
                0x0000000008004b78       0x60 build_archery-game/message.o
                0x0000000008004b78                get_common_msg
 .text.set_data_common_msg
                0x0000000008004bd8       0x4c build_archery-game/message.o
                0x0000000008004bd8                set_data_common_msg
 .text.get_data_common_msg
                0x0000000008004c24       0x28 build_archery-game/message.o
                0x0000000008004c24                get_data_common_msg
 .text.get_data_len_common_msg
                0x0000000008004c4c       0x28 build_archery-game/message.o
                0x0000000008004c4c                get_data_len_common_msg
 .text.get_dynamic_msg
                0x0000000008004c74       0x64 build_archery-game/message.o
                0x0000000008004c74                get_dynamic_msg
 .text.set_data_dynamic_msg
                0x0000000008004cd8       0x3c build_archery-game/message.o
                0x0000000008004cd8                set_data_dynamic_msg
 .text.get_data_dynamic_msg
                0x0000000008004d14       0x28 build_archery-game/message.o
                0x0000000008004d14                get_data_dynamic_msg
 .text.get_data_len_dynamic_msg
                0x0000000008004d3c        0x4 build_archery-game/message.o
                0x0000000008004d3c                get_data_len_dynamic_msg
 .text.log_queue_init
                0x0000000008004d40       0x2e build_archery-game/log_queue.o
                0x0000000008004d40                log_queue_init
 .text.log_queue_len
                0x0000000008004d6e        0x4 build_archery-game/log_queue.o
                0x0000000008004d6e                log_queue_len
 .text.log_queue_put
                0x0000000008004d72       0x5c build_archery-game/log_queue.o
                0x0000000008004d72                log_queue_put
 .text.log_queue_get
                0x0000000008004dce       0x30 build_archery-game/log_queue.o
                0x0000000008004dce                log_queue_get
 .text.fifo_init
                0x0000000008004dfe       0x12 build_archery-game/fifo.o
                0x0000000008004dfe                fifo_init
 .text.fifo_availble
                0x0000000008004e10        0x4 build_archery-game/fifo.o
                0x0000000008004e10                fifo_availble
 .text.fifo_is_full
                0x0000000008004e14        0xc build_archery-game/fifo.o
                0x0000000008004e14                fifo_is_full
 .text.fifo_put
                0x0000000008004e20       0x54 build_archery-game/fifo.o
                0x0000000008004e20                fifo_put
 .text.fifo_get
                0x0000000008004e74       0x50 build_archery-game/fifo.o
                0x0000000008004e74                fifo_get
 .text.ring_buffer_char_init
                0x0000000008004ec4        0xc build_archery-game/ring_buffer.o
                0x0000000008004ec4                ring_buffer_char_init
 .text.ring_buffer_char_is_empty
                0x0000000008004ed0        0xa build_archery-game/ring_buffer.o
                0x0000000008004ed0                ring_buffer_char_is_empty
 .text.ring_buffer_char_put
                0x0000000008004eda       0x36 build_archery-game/ring_buffer.o
                0x0000000008004eda                ring_buffer_char_put
 .text.ring_buffer_char_get
                0x0000000008004f10       0x26 build_archery-game/ring_buffer.o
                0x0000000008004f10                ring_buffer_char_get
 .text.mem_read
                0x0000000008004f36       0x18 build_archery-game/utils.o
                0x0000000008004f36                mem_read
 .text.mem_write
                0x0000000008004f4e       0x1a build_archery-game/utils.o
                0x0000000008004f4e                mem_write
 .text.ilog10   0x0000000008004f68       0xd8 build_archery-game/xprintf.o
 .text.i10x     0x0000000008005040       0x78 build_archery-game/xprintf.o
 .text.xfputc   0x00000000080050b8       0x30 build_archery-game/xprintf.o
                0x00000000080050b8                xfputc
 .text.xputc    0x00000000080050e8       0x10 build_archery-game/xprintf.o
                0x00000000080050e8                xputc
 .text.xvfprintf
                0x00000000080050f8      0x580 build_archery-game/xprintf.o
 .text.xprintf  0x0000000008005678       0x24 build_archery-game/xprintf.o
                0x0000000008005678                xprintf
 .text.cmd_line_parser
                0x000000000800569c       0x7c build_archery-game/cmd_line.o
                0x000000000800569c                cmd_line_parser
 .text.button_init
                0x0000000008005718       0x34 build_archery-game/button.o
                0x0000000008005718                button_init
 .text.button_enable
                0x000000000800574c        0x6 build_archery-game/button.o
                0x000000000800574c                button_enable
 .text.button_timer_polling
                0x0000000008005752       0x76 build_archery-game/button.o
                0x0000000008005752                button_timer_polling
 .text.flash_wait_to_idle
                0x00000000080057c8       0x32 build_archery-game/flash.o
 .text.flash_set_write_enable.constprop.0
                0x00000000080057fa       0x14 build_archery-game/flash.o
 .text.flash_is_connected
                0x000000000800580e       0x22 build_archery-game/flash.o
                0x000000000800580e                flash_is_connected
 .text.flash_read
                0x0000000008005830       0x5e build_archery-game/flash.o
                0x0000000008005830                flash_read
 .text.flash_write
                0x000000000800588e       0x6c build_archery-game/flash.o
                0x000000000800588e                flash_write
 .text.flash_erase_sector
                0x00000000080058fa       0x48 build_archery-game/flash.o
                0x00000000080058fa                flash_erase_sector
 .text.flash_erase_block_64k
                0x0000000008005942       0x46 build_archery-game/flash.o
                0x0000000008005942                flash_erase_block_64k
 .text.led_init
                0x0000000008005988       0x20 build_archery-game/led.o
                0x0000000008005988                led_init
 .text.led_on   0x00000000080059a8        0xc build_archery-game/led.o
                0x00000000080059a8                led_on
 .text.led_off  0x00000000080059b4        0xc build_archery-game/led.o
                0x00000000080059b4                led_off
 .text.led_toggle
                0x00000000080059c0       0x12 build_archery-game/led.o
                0x00000000080059c0                led_toggle
 *fill*         0x00000000080059d2        0x2 
 .text.BUZZER_Init
                0x00000000080059d4       0xe0 build_archery-game/buzzer.o
                0x00000000080059d4                BUZZER_Init
 .text.BUZZER_Disable
                0x0000000008005ab4       0x38 build_archery-game/buzzer.o
                0x0000000008005ab4                BUZZER_Disable
 .text.BUZZER_Enable
                0x0000000008005aec       0x84 build_archery-game/buzzer.o
                0x0000000008005aec                BUZZER_Enable
 .text.buzzer_irq
                0x0000000008005b70       0x98 build_archery-game/buzzer.o
                0x0000000008005b70                buzzer_irq
 .text.BUZZER_PlaySound
                0x0000000008005c08       0x44 build_archery-game/buzzer.o
                0x0000000008005c08                BUZZER_PlaySound
 .text.BUZZER_Sleep
                0x0000000008005c4c       0x14 build_archery-game/buzzer.o
                0x0000000008005c4c                BUZZER_Sleep
 .text.sys_dbg_cpu_dump
                0x0000000008005c60       0x4c build_archery-game/sys_dbg.o
                0x0000000008005c60                sys_dbg_cpu_dump
 .text.sys_dbg_stack_space_dump
                0x0000000008005cac       0x30 build_archery-game/sys_dbg.o
                0x0000000008005cac                sys_dbg_stack_space_dump
 .text.sys_dbg_fatal
                0x0000000008005cdc      0x3cc build_archery-game/sys_dbg.o
                0x0000000008005cdc                sys_dbg_fatal
 .text.sys_boot_init
                0x00000000080060a8       0x14 build_archery-game/sys_boot.o
                0x00000000080060a8                sys_boot_init
 .text.sys_boot_get
                0x00000000080060bc        0xc build_archery-game/sys_boot.o
                0x00000000080060bc                sys_boot_get
 .text.sys_boot_set
                0x00000000080060c8       0x34 build_archery-game/sys_boot.o
                0x00000000080060c8                sys_boot_set
 .text.GPIO_Init
                0x00000000080060fc       0x78 build_archery-game/stm32l1xx_gpio.o
                0x00000000080060fc                GPIO_Init
 .text.GPIO_ReadInputDataBit
                0x0000000008006174        0xc build_archery-game/stm32l1xx_gpio.o
                0x0000000008006174                GPIO_ReadInputDataBit
 .text.GPIO_SetBits
                0x0000000008006180        0x4 build_archery-game/stm32l1xx_gpio.o
                0x0000000008006180                GPIO_SetBits
 .text.GPIO_ResetBits
                0x0000000008006184        0x4 build_archery-game/stm32l1xx_gpio.o
                0x0000000008006184                GPIO_ResetBits
 .text.GPIO_PinAFConfig
                0x0000000008006188       0x24 build_archery-game/stm32l1xx_gpio.o
                0x0000000008006188                GPIO_PinAFConfig
 .text.RCC_HSICmd
                0x00000000080061ac        0xc build_archery-game/stm32l1xx_rcc.o
                0x00000000080061ac                RCC_HSICmd
 .text.RCC_GetClocksFreq
                0x00000000080061b8       0x9c build_archery-game/stm32l1xx_rcc.o
                0x00000000080061b8                RCC_GetClocksFreq
 .text.RCC_AHBPeriphClockCmd
                0x0000000008006254       0x18 build_archery-game/stm32l1xx_rcc.o
                0x0000000008006254                RCC_AHBPeriphClockCmd
 .text.RCC_APB2PeriphClockCmd
                0x000000000800626c       0x18 build_archery-game/stm32l1xx_rcc.o
                0x000000000800626c                RCC_APB2PeriphClockCmd
 .text.RCC_APB1PeriphClockCmd
                0x0000000008006284       0x18 build_archery-game/stm32l1xx_rcc.o
                0x0000000008006284                RCC_APB1PeriphClockCmd
 .text.RCC_APB2PeriphResetCmd
                0x000000000800629c       0x18 build_archery-game/stm32l1xx_rcc.o
                0x000000000800629c                RCC_APB2PeriphResetCmd
 .text.RCC_APB1PeriphResetCmd
                0x00000000080062b4       0x18 build_archery-game/stm32l1xx_rcc.o
                0x00000000080062b4                RCC_APB1PeriphResetCmd
 .text.RCC_GetFlagStatus
                0x00000000080062cc       0x20 build_archery-game/stm32l1xx_rcc.o
                0x00000000080062cc                RCC_GetFlagStatus
 .text.USART_Init
                0x00000000080062ec       0xa4 build_archery-game/stm32l1xx_usart.o
                0x00000000080062ec                USART_Init
 .text.USART_Cmd
                0x0000000008006390       0x18 build_archery-game/stm32l1xx_usart.o
                0x0000000008006390                USART_Cmd
 .text.USART_SendData
                0x00000000080063a8        0x8 build_archery-game/stm32l1xx_usart.o
                0x00000000080063a8                USART_SendData
 .text.USART_ReceiveData
                0x00000000080063b0        0x8 build_archery-game/stm32l1xx_usart.o
                0x00000000080063b0                USART_ReceiveData
 .text.USART_ITConfig
                0x00000000080063b8       0x30 build_archery-game/stm32l1xx_usart.o
                0x00000000080063b8                USART_ITConfig
 .text.USART_GetFlagStatus
                0x00000000080063e8        0xc build_archery-game/stm32l1xx_usart.o
                0x00000000080063e8                USART_GetFlagStatus
 .text.USART_GetITStatus
                0x00000000080063f4       0x3e build_archery-game/stm32l1xx_usart.o
                0x00000000080063f4                USART_GetITStatus
 .text.USART_ClearITPendingBit
                0x0000000008006432        0xe build_archery-game/stm32l1xx_usart.o
                0x0000000008006432                USART_ClearITPendingBit
 .text.SPI_I2S_DeInit
                0x0000000008006440       0x64 build_archery-game/stm32l1xx_spi.o
                0x0000000008006440                SPI_I2S_DeInit
 .text.SPI_Init
                0x00000000080064a4       0x3e build_archery-game/stm32l1xx_spi.o
                0x00000000080064a4                SPI_Init
 .text.SPI_Cmd  0x00000000080064e2       0x18 build_archery-game/stm32l1xx_spi.o
                0x00000000080064e2                SPI_Cmd
 .text.SPI_I2S_ReceiveData
                0x00000000080064fa        0x6 build_archery-game/stm32l1xx_spi.o
                0x00000000080064fa                SPI_I2S_ReceiveData
 .text.SPI_I2S_SendData
                0x0000000008006500        0x4 build_archery-game/stm32l1xx_spi.o
                0x0000000008006500                SPI_I2S_SendData
 .text.SPI_I2S_GetFlagStatus
                0x0000000008006504        0xc build_archery-game/stm32l1xx_spi.o
                0x0000000008006504                SPI_I2S_GetFlagStatus
 .text.NVIC_PriorityGroupConfig
                0x0000000008006510       0x14 build_archery-game/misc.o
                0x0000000008006510                NVIC_PriorityGroupConfig
 .text.NVIC_Init
                0x0000000008006524       0x58 build_archery-game/misc.o
                0x0000000008006524                NVIC_Init
 .text.EXTI_GetFlagStatus
                0x000000000800657c       0x14 build_archery-game/stm32l1xx_exti.o
                0x000000000800657c                EXTI_GetFlagStatus
 .text.EXTI_GetITStatus
                0x0000000008006590        0x4 build_archery-game/stm32l1xx_exti.o
                0x0000000008006590                EXTI_GetITStatus
 .text.EXTI_ClearITPendingBit
                0x0000000008006594        0xc build_archery-game/stm32l1xx_exti.o
                0x0000000008006594                EXTI_ClearITPendingBit
 .text.TIM_DeInit
                0x00000000080065a0       0xe4 build_archery-game/stm32l1xx_tim.o
                0x00000000080065a0                TIM_DeInit
 .text.TIM_TimeBaseInit
                0x0000000008006684       0x58 build_archery-game/stm32l1xx_tim.o
                0x0000000008006684                TIM_TimeBaseInit
 .text.TIM_ARRPreloadConfig
                0x00000000080066dc       0x18 build_archery-game/stm32l1xx_tim.o
                0x00000000080066dc                TIM_ARRPreloadConfig
 .text.TIM_Cmd  0x00000000080066f4       0x18 build_archery-game/stm32l1xx_tim.o
                0x00000000080066f4                TIM_Cmd
 .text.TIM_OC3Init
                0x000000000800670c       0x3c build_archery-game/stm32l1xx_tim.o
                0x000000000800670c                TIM_OC3Init
 .text.TIM_OC3PreloadConfig
                0x0000000008006748       0x10 build_archery-game/stm32l1xx_tim.o
                0x0000000008006748                TIM_OC3PreloadConfig
 .text.TIM_ITConfig
                0x0000000008006758       0x12 build_archery-game/stm32l1xx_tim.o
                0x0000000008006758                TIM_ITConfig
 .text.TIM_GetITStatus
                0x000000000800676a       0x16 build_archery-game/stm32l1xx_tim.o
                0x000000000800676a                TIM_GetITStatus
 .text.TIM_ClearITPendingBit
                0x0000000008006780        0x8 build_archery-game/stm32l1xx_tim.o
                0x0000000008006780                TIM_ClearITPendingBit
 .text.ADC_Init
                0x0000000008006788       0x4c build_archery-game/stm32l1xx_adc.o
                0x0000000008006788                ADC_Init
 .text.ADC_Cmd  0x00000000080067d4       0x12 build_archery-game/stm32l1xx_adc.o
                0x00000000080067d4                ADC_Cmd
 *fill*         0x00000000080067e6        0x2 
 .text.ADC_TempSensorVrefintCmd
                0x00000000080067e8       0x18 build_archery-game/stm32l1xx_adc.o
                0x00000000080067e8                ADC_TempSensorVrefintCmd
 .text.ADC_RegularChannelConfig
                0x0000000008006800      0x104 build_archery-game/stm32l1xx_adc.o
                0x0000000008006800                ADC_RegularChannelConfig
 .text.ADC_SoftwareStartConv
                0x0000000008006904        0xa build_archery-game/stm32l1xx_adc.o
                0x0000000008006904                ADC_SoftwareStartConv
 .text.ADC_GetConversionValue
                0x000000000800690e        0x6 build_archery-game/stm32l1xx_adc.o
                0x000000000800690e                ADC_GetConversionValue
 .text.ADC_GetFlagStatus
                0x0000000008006914        0xc build_archery-game/stm32l1xx_adc.o
                0x0000000008006914                ADC_GetFlagStatus
 .text.PWR_UltraLowPowerCmd
                0x0000000008006920        0xc build_archery-game/stm32l1xx_pwr.o
                0x0000000008006920                PWR_UltraLowPowerCmd
 .text.PWR_EnterSTOPMode
                0x000000000800692c       0x34 build_archery-game/stm32l1xx_pwr.o
                0x000000000800692c                PWR_EnterSTOPMode
 .text.FLASH_Lock
                0x0000000008006960       0x10 build_archery-game/stm32l1xx_flash.o
                0x0000000008006960                FLASH_Lock
 .text.DATA_EEPROM_Unlock
                0x0000000008006970       0x20 build_archery-game/stm32l1xx_flash.o
                0x0000000008006970                DATA_EEPROM_Unlock
 .text.FLASH_Unlock
                0x0000000008006990       0x2c build_archery-game/stm32l1xx_flash.o
                0x0000000008006990                FLASH_Unlock
 .text.DATA_EEPROM_Lock
                0x00000000080069bc       0x10 build_archery-game/stm32l1xx_flash.o
                0x00000000080069bc                DATA_EEPROM_Lock
 .text.FLASH_OB_Unlock
                0x00000000080069cc       0x2c build_archery-game/stm32l1xx_flash.o
                0x00000000080069cc                FLASH_OB_Unlock
 .text.FLASH_OB_Launch
                0x00000000080069f8       0x10 build_archery-game/stm32l1xx_flash.o
                0x00000000080069f8                FLASH_OB_Launch
 .text.FLASH_OB_GetBOR
                0x0000000008006a08       0x10 build_archery-game/stm32l1xx_flash.o
                0x0000000008006a08                FLASH_OB_GetBOR
 .text.FLASH_ClearFlag
                0x0000000008006a18        0xc build_archery-game/stm32l1xx_flash.o
                0x0000000008006a18                FLASH_ClearFlag
 .text.FLASH_GetStatus
                0x0000000008006a24       0x28 build_archery-game/stm32l1xx_flash.o
                0x0000000008006a24                FLASH_GetStatus
 .text.FLASH_WaitForLastOperation
                0x0000000008006a4c       0x3c build_archery-game/stm32l1xx_flash.o
                0x0000000008006a4c                FLASH_WaitForLastOperation
 .text.FLASH_ErasePage
                0x0000000008006a88       0x44 build_archery-game/stm32l1xx_flash.o
                0x0000000008006a88                FLASH_ErasePage
 .text.FLASH_FastProgramWord
                0x0000000008006acc       0x22 build_archery-game/stm32l1xx_flash.o
                0x0000000008006acc                FLASH_FastProgramWord
 .text.DATA_EEPROM_EraseWord
                0x0000000008006aee       0x16 build_archery-game/stm32l1xx_flash.o
                0x0000000008006aee                DATA_EEPROM_EraseWord
 .text.DATA_EEPROM_FastProgramWord
                0x0000000008006b04       0x30 build_archery-game/stm32l1xx_flash.o
                0x0000000008006b04                DATA_EEPROM_FastProgramWord
 .text.DATA_EEPROM_ProgramByte
                0x0000000008006b34       0x4c build_archery-game/stm32l1xx_flash.o
                0x0000000008006b34                DATA_EEPROM_ProgramByte
 .text.FLASH_OB_BORConfig
                0x0000000008006b80       0x3c build_archery-game/stm32l1xx_flash.o
                0x0000000008006b80                FLASH_OB_BORConfig
 .text.IWDG_WriteAccessCmd
                0x0000000008006bbc        0xc build_archery-game/stm32l1xx_iwdg.o
                0x0000000008006bbc                IWDG_WriteAccessCmd
 .text.IWDG_SetPrescaler
                0x0000000008006bc8        0xc build_archery-game/stm32l1xx_iwdg.o
                0x0000000008006bc8                IWDG_SetPrescaler
 .text.IWDG_SetReload
                0x0000000008006bd4        0xc build_archery-game/stm32l1xx_iwdg.o
                0x0000000008006bd4                IWDG_SetReload
 .text.IWDG_ReloadCounter
                0x0000000008006be0       0x10 build_archery-game/stm32l1xx_iwdg.o
                0x0000000008006be0                IWDG_ReloadCounter
 .text.IWDG_Enable
                0x0000000008006bf0       0x10 build_archery-game/stm32l1xx_iwdg.o
                0x0000000008006bf0                IWDG_Enable
 .text.I2C_SendData
                0x0000000008006c00        0x4 build_archery-game/stm32l1xx_i2c.o
                0x0000000008006c00                I2C_SendData
 .text.I2C_CheckEvent
                0x0000000008006c04       0x18 build_archery-game/stm32l1xx_i2c.o
                0x0000000008006c04                I2C_CheckEvent
 .text.disable_interrupts
                0x0000000008006c1c       0x10 build_archery-game/platform.o
                0x0000000008006c1c                disable_interrupts
 .text.entry_critical
                0x0000000008006c2c       0x14 build_archery-game/platform.o
                0x0000000008006c2c                entry_critical
 .text.exit_critical
                0x0000000008006c40       0x30 build_archery-game/platform.o
                0x0000000008006c40                exit_critical
 .text.default_handler
                0x0000000008006c70       0x1c build_archery-game/system.o
                0x0000000008006c70                svc_handler
                0x0000000008006c70                default_handler
                0x0000000008006c70                dg_monitor_handler
                0x0000000008006c70                pendsv_handler
 .text.nmi_handler
                0x0000000008006c8c       0x1c build_archery-game/system.o
                0x0000000008006c8c                nmi_handler
 .text.hard_fault_handler
                0x0000000008006ca8       0x1c build_archery-game/system.o
                0x0000000008006ca8                hard_fault_handler
 .text.mem_manage_handler
                0x0000000008006cc4       0x1c build_archery-game/system.o
                0x0000000008006cc4                mem_manage_handler
 .text.bus_fault_handler
                0x0000000008006ce0       0x1c build_archery-game/system.o
                0x0000000008006ce0                bus_fault_handler
 .text.usage_fault_handler
                0x0000000008006cfc       0x1c build_archery-game/system.o
                0x0000000008006cfc                usage_fault_handler
 .text.systick_handler
                0x0000000008006d18       0x40 build_archery-game/system.o
                0x0000000008006d18                systick_handler
 .text.uart1_irq
                0x0000000008006d58       0x64 build_archery-game/system.o
                0x0000000008006d58                uart1_irq
 .text.exti_line1_irq
                0x0000000008006dbc       0x1c build_archery-game/system.o
                0x0000000008006dbc                exti_line1_irq
 .text.timer7_irq
                0x0000000008006dd8       0x24 build_archery-game/system.o
                0x0000000008006dd8                timer7_irq
 .text.sys_ctrl_delay
                0x0000000008006dfc        0xc build_archery-game/system.o
                0x0000000008006dfc                sys_ctrl_delay
 .text.sys_ctrl_millis
                0x0000000008006e08       0x1c build_archery-game/system.o
                0x0000000008006e08                sys_ctrl_millis
 .text._init    0x0000000008006e24        0x2 build_archery-game/system.o
                0x0000000008006e24                _init
 .text._fini    0x0000000008006e26        0x2 build_archery-game/system.o
                0x0000000008006e26                _fini
 .text.sys_stack_count_init
                0x0000000008006e28       0x3c build_archery-game/system.o
                0x0000000008006e28                sys_stack_count_init
 .text.reset_handler
                0x0000000008006e64       0xc8 build_archery-game/system.o
                0x0000000008006e64                reset_handler
 .text.sys_stack_usage
                0x0000000008006f2c       0x20 build_archery-game/system.o
                0x0000000008006f2c                sys_stack_usage
 .text.sys_stack_get_size
                0x0000000008006f4c        0xc build_archery-game/system.o
                0x0000000008006f4c                sys_stack_get_size
 .text.sys_ctrl_shell_put_char_block
                0x0000000008006f58       0x2c build_archery-game/sys_cfg.o
                0x0000000008006f58                sys_ctrl_shell_put_char_block
 .text.sys_cfg_clock
                0x0000000008006f84       0x22 build_archery-game/sys_cfg.o
                0x0000000008006f84                sys_cfg_clock
 *fill*         0x0000000008006fa6        0x2 
 .text.sys_cfg_tick
                0x0000000008006fa8       0x50 build_archery-game/sys_cfg.o
                0x0000000008006fa8                sys_cfg_tick
 .text.sys_cfg_svc
                0x0000000008006ff8       0x30 build_archery-game/sys_cfg.o
                0x0000000008006ff8                sys_cfg_svc
 .text.sys_cfg_pendsv
                0x0000000008007028       0x34 build_archery-game/sys_cfg.o
                0x0000000008007028                sys_cfg_pendsv
 .text.sys_cfg_update_info
                0x000000000800705c      0x108 build_archery-game/sys_cfg.o
                0x000000000800705c                sys_cfg_update_info
 .text.sys_ctrl_shell_sw_to_block
                0x0000000008007164       0x38 build_archery-game/sys_cfg.o
                0x0000000008007164                sys_ctrl_shell_sw_to_block
 .text.sys_cfg_console
                0x000000000800719c       0xd8 build_archery-game/sys_cfg.o
                0x000000000800719c                sys_cfg_console
 .text.sys_ctrl_shell_get_char
                0x0000000008007274       0x34 build_archery-game/sys_cfg.o
                0x0000000008007274                sys_ctrl_shell_get_char
 .text.sys_ctrl_reset
                0x00000000080072a8       0x20 build_archery-game/sys_cfg.o
                0x00000000080072a8                sys_ctrl_reset
 .text.sys_ctrl_delay_us
                0x00000000080072c8       0x58 build_archery-game/sys_cfg.o
                0x00000000080072c8                sys_ctrl_delay_us
 .text.sys_ctrl_delay_ms
                0x0000000008007320       0x1e build_archery-game/sys_cfg.o
                0x0000000008007320                sys_ctrl_delay_ms
 *fill*         0x000000000800733e        0x2 
 .text.sys_ctr_stop_mcu
                0x0000000008007340       0xa8 build_archery-game/sys_cfg.o
                0x0000000008007340                sys_ctr_stop_mcu
 .text.sys_ctrl_independent_watchdog_init
                0x00000000080073e8       0x24 build_archery-game/sys_cfg.o
                0x00000000080073e8                sys_ctrl_independent_watchdog_init
 .text.sys_ctrl_independent_watchdog_reset
                0x000000000800740c       0x12 build_archery-game/sys_cfg.o
                0x000000000800740c                sys_ctrl_independent_watchdog_reset
 *fill*         0x000000000800741e        0x2 
 .text.sys_ctrl_soft_watchdog_init
                0x0000000008007420       0x68 build_archery-game/sys_cfg.o
                0x0000000008007420                sys_ctrl_soft_watchdog_init
 .text.sys_ctrl_soft_watchdog_reset
                0x0000000008007488       0x18 build_archery-game/sys_cfg.o
                0x0000000008007488                sys_ctrl_soft_watchdog_reset
 .text.sys_ctrl_soft_watchdog_increase_counter
                0x00000000080074a0       0x40 build_archery-game/sys_cfg.o
                0x00000000080074a0                sys_ctrl_soft_watchdog_increase_counter
 .text.sys_ctrl_get_firmware_info
                0x00000000080074e0       0x40 build_archery-game/sys_cfg.o
                0x00000000080074e0                sys_ctrl_get_firmware_info
 .text.task_irq_io_entry_trigger
                0x0000000008007520        0x2 build_archery-game/sys_cfg.o
                0x0000000008007520                task_irq_io_entry_trigger
 .text.task_irq_io_exit_trigger
                0x0000000008007522        0x2 build_archery-game/sys_cfg.o
                0x0000000008007522                task_irq_io_exit_trigger
 .text.io_button_mode_init
                0x0000000008007524       0x28 build_archery-game/io_cfg.o
                0x0000000008007524                io_button_mode_init
 .text.io_button_up_init
                0x000000000800754c       0x28 build_archery-game/io_cfg.o
                0x000000000800754c                io_button_up_init
 .text.io_button_down_init
                0x0000000008007574       0x28 build_archery-game/io_cfg.o
                0x0000000008007574                io_button_down_init
 .text.io_button_mode_read
                0x000000000800759c        0xc build_archery-game/io_cfg.o
                0x000000000800759c                io_button_mode_read
 .text.io_button_up_read
                0x00000000080075a8       0x10 build_archery-game/io_cfg.o
                0x00000000080075a8                io_button_up_read
 .text.io_button_down_read
                0x00000000080075b8        0xc build_archery-game/io_cfg.o
                0x00000000080075b8                io_button_down_read
 .text.led_life_init
                0x00000000080075c4       0x28 build_archery-game/io_cfg.o
                0x00000000080075c4                led_life_init
 .text.led_life_on
                0x00000000080075ec       0x10 build_archery-game/io_cfg.o
                0x00000000080075ec                led_life_on
 .text.led_life_off
                0x00000000080075fc       0x10 build_archery-game/io_cfg.o
                0x00000000080075fc                led_life_off
 .text.flash_io_ctrl_init
                0x000000000800760c       0x28 build_archery-game/io_cfg.o
                0x000000000800760c                flash_io_ctrl_init
 .text.flash_cs_low
                0x0000000008007634       0x10 build_archery-game/io_cfg.o
                0x0000000008007634                flash_cs_low
 .text.flash_cs_high
                0x0000000008007644       0x10 build_archery-game/io_cfg.o
                0x0000000008007644                flash_cs_high
 .text.flash_transfer
                0x0000000008007654       0x98 build_archery-game/io_cfg.o
                0x0000000008007654                flash_transfer
 .text.io_cfg_adc1
                0x00000000080076ec       0x48 build_archery-game/io_cfg.o
                0x00000000080076ec                io_cfg_adc1
 .text.adc_bat_io_cfg
                0x0000000008007734       0x2c build_archery-game/io_cfg.o
                0x0000000008007734                adc_bat_io_cfg
 .text.sys_ctr_get_vbat_voltage
                0x0000000008007760       0x90 build_archery-game/io_cfg.o
                0x0000000008007760                sys_ctr_get_vbat_voltage
 .text.sys_ctr_get_mcu_temperature
                0x00000000080077f0       0x6c build_archery-game/io_cfg.o
                0x00000000080077f0                sys_ctr_get_mcu_temperature
 .text.oled_clk_input_mode
                0x000000000800785c       0x28 build_archery-game/io_cfg.o
                0x000000000800785c                oled_clk_input_mode
 .text.oled_clk_output_mode
                0x0000000008007884       0x28 build_archery-game/io_cfg.o
                0x0000000008007884                oled_clk_output_mode
 .text.oled_clk_digital_write_low
                0x00000000080078ac       0x10 build_archery-game/io_cfg.o
                0x00000000080078ac                oled_clk_digital_write_low
 .text.oled_clk_digital_write_high
                0x00000000080078bc       0x10 build_archery-game/io_cfg.o
                0x00000000080078bc                oled_clk_digital_write_high
 .text.oled_data_input_mode
                0x00000000080078cc       0x28 build_archery-game/io_cfg.o
                0x00000000080078cc                oled_data_input_mode
 .text.oled_data_output_mode
                0x00000000080078f4       0x28 build_archery-game/io_cfg.o
                0x00000000080078f4                oled_data_output_mode
 .text.oled_data_digital_write_low
                0x000000000800791c       0x10 build_archery-game/io_cfg.o
                0x000000000800791c                oled_data_digital_write_low
 .text.oled_data_digital_write_high
                0x000000000800792c       0x10 build_archery-game/io_cfg.o
                0x000000000800792c                oled_data_digital_write_high
 .text.oled_res_input_mode
                0x000000000800793c       0x28 build_archery-game/io_cfg.o
                0x000000000800793c                oled_res_input_mode
 .text.oled_res_output_mode
                0x0000000008007964       0x28 build_archery-game/io_cfg.o
                0x0000000008007964                oled_res_output_mode
 .text.oled_res_digital_write_low
                0x000000000800798c       0x10 build_archery-game/io_cfg.o
                0x000000000800798c                oled_res_digital_write_low
 .text.oled_res_digital_write_high
                0x000000000800799c       0x10 build_archery-game/io_cfg.o
                0x000000000800799c                oled_res_digital_write_high
 .text.io_eeprom_read
                0x00000000080079ac       0x34 build_archery-game/io_cfg.o
                0x00000000080079ac                io_eeprom_read
 .text.io_eeprom_write
                0x00000000080079e0       0x48 build_archery-game/io_cfg.o
                0x00000000080079e0                io_eeprom_write
 .text.io_eeprom_erase
                0x0000000008007a28       0x4c build_archery-game/io_cfg.o
                0x0000000008007a28                io_eeprom_erase
 .text.internal_flash_unlock
                0x0000000008007a74       0x12 build_archery-game/io_cfg.o
                0x0000000008007a74                internal_flash_unlock
 .text.internal_flash_lock
                0x0000000008007a86        0x4 build_archery-game/io_cfg.o
                0x0000000008007a86                internal_flash_lock
 .text.internal_flash_erase_pages_cal
                0x0000000008007a8a       0x24 build_archery-game/io_cfg.o
                0x0000000008007a8a                internal_flash_erase_pages_cal
 .text.internal_flash_write_cal
                0x0000000008007aae       0x48 build_archery-game/io_cfg.o
                0x0000000008007aae                internal_flash_write_cal
 *fill*         0x0000000008007af6        0x2 
 .text.io_uart2_cfg
                0x0000000008007af8       0xbc build_archery-game/io_cfg.o
                0x0000000008007af8                io_uart2_cfg
 .text.SystemInit
                0x0000000008007bb4      0x114 build_archery-game/system_stm32l1xx.o
                0x0000000008007bb4                SystemInit
 .text.SystemCoreClockUpdate
                0x0000000008007cc8       0x88 build_archery-game/system_stm32l1xx.o
                0x0000000008007cc8                SystemCoreClockUpdate
 .text._ZL13view_scr_idlev
                0x0000000008007d50       0x34 build_archery-game/scr_idle.o
 .text._ZL22scr_idle_return_screenv
                0x0000000008007d84       0x24 build_archery-game/scr_idle.o
 .text._ZN4ballC2Ev
                0x0000000008007da8       0x66 build_archery-game/scr_idle.o
                0x0000000008007da8                ball::ball()
                0x0000000008007da8                ball::ball()
 *fill*         0x0000000008007e0e        0x2 
 .text._Z26scr_idle_set_return_screenPFvP8ak_msg_tEP13view_screen_t
                0x0000000008007e10       0x18 build_archery-game/scr_idle.o
                0x0000000008007e10                scr_idle_set_return_screen(void (*)(ak_msg_t*), view_screen_t*)
 .text._ZNSt6vectorI4ballSaIS0_EE17_M_realloc_insertIJRKS0_EEEvN9__gnu_cxx17__normal_iteratorIPS0_S2_EEDpOT_
                0x0000000008007e28      0x110 build_archery-game/scr_idle.o
                0x0000000008007e28                void std::vector<ball, std::allocator<ball> >::_M_realloc_insert<ball const&>(__gnu_cxx::__normal_iterator<ball*, std::vector<ball, std::allocator<ball> > >, ball const&)
 .text._ZNSt6vectorI4ballSaIS0_EE9push_backERKS0_
                0x0000000008007f38       0x2c build_archery-game/scr_idle.o
                0x0000000008007f38                std::vector<ball, std::allocator<ball> >::push_back(ball const&)
 .text._Z15scr_idle_handleP8ak_msg_t
                0x0000000008007f64      0x1a8 build_archery-game/scr_idle.o
                0x0000000008007f64                scr_idle_handle(ak_msg_t*)
 .text.startup._GLOBAL__sub_I_dyn_view_idle
                0x000000000800810c       0x10 build_archery-game/scr_idle.o
 .text.exit._GLOBAL__sub_D_dyn_view_idle
                0x000000000800811c       0x10 build_archery-game/scr_idle.o
 .text._ZL18view_scr_menu_gamev
                0x000000000800812c       0xb4 build_archery-game/scr_menu_game.o
 .text._Z20scr_menu_game_handleP8ak_msg_t
                0x00000000080081e0       0xd8 build_archery-game/scr_menu_game.o
                0x00000000080081e0                scr_menu_game_handle(ak_msg_t*)
 .text._ZL21view_scr_game_settingv
                0x00000000080082b8       0xd8 build_archery-game/scr_game_setting.o
 .text._Z23scr_game_setting_handleP8ak_msg_t
                0x0000000008008390       0xdc build_archery-game/scr_game_setting.o
                0x0000000008008390                scr_game_setting_handle(ak_msg_t*)
 .text._ZL16view_scr_startupv
                0x000000000800846c      0x1d4 build_archery-game/scr_startup.o
 .text._Z18scr_startup_handleP8ak_msg_t
                0x0000000008008640      0x20c build_archery-game/scr_startup.o
                0x0000000008008640                scr_startup_handle(ak_msg_t*)
 .text._ZL20view_scr_charts_gamev
                0x000000000800884c      0x100 build_archery-game/scr_charts_game.o
 .text._Z22scr_charts_game_handleP8ak_msg_t
                0x000000000800894c       0xc8 build_archery-game/scr_charts_game.o
                0x000000000800894c                scr_charts_game_handle(ak_msg_t*)
 .text._ZL22fruit_game_spawn_fruitv
                0x0000000008008a14       0x30 build_archery-game/scr_fruit_game.o
 .text._ZL19view_scr_fruit_gamev
                0x0000000008008a44      0x1a0 build_archery-game/scr_fruit_game.o
 .text._Z21scr_fruit_game_handleP8ak_msg_t
                0x0000000008008be4      0x2e0 build_archery-game/scr_fruit_game.o
                0x0000000008008be4                scr_fruit_game_handle(ak_msg_t*)
 .text._Z11task_systemP8ak_msg_t
                0x0000000008008ec4       0x44 build_archery-game/task_system.o
                0x0000000008008ec4                task_system(ak_msg_t*)
 .text.ar_game_score_read
                0x0000000008008f08       0x54 build_archery-game/app_eeprom.o
                0x0000000008008f08                ar_game_score_read
 .text.ar_game_score_write
                0x0000000008008f5c       0x40 build_archery-game/app_eeprom.o
                0x0000000008008f5c                ar_game_score_write
 .text._Z27ar_game_setting_set_defaultP17ar_game_setting_t
                0x0000000008008f9c       0x12 build_archery-game/app_eeprom.o
                0x0000000008008f9c                ar_game_setting_set_default(ar_game_setting_t*)
 *fill*         0x0000000008008fae        0x2 
 .text.ar_game_setting_read
                0x0000000008008fb0       0x54 build_archery-game/app_eeprom.o
                0x0000000008008fb0                ar_game_setting_read
 .text.ar_game_setting_write
                0x0000000008009004       0x44 build_archery-game/app_eeprom.o
                0x0000000008009004                ar_game_setting_write
 .text.main_app
                0x0000000008009048      0x1b0 build_archery-game/app.o
                0x0000000008009048                main_app
 .text._Z20task_polling_consolev
                0x00000000080091f8       0xd8 build_archery-game/app.o
                0x00000000080091f8                task_polling_console()
 .text.sys_irq_timer_10ms
                0x00000000080092d0       0x24 build_archery-game/app.o
                0x00000000080092d0                sys_irq_timer_10ms
 .text._Z17btn_mode_callbackPv
                0x00000000080092f4       0x70 build_archery-game/app_bsp.o
                0x00000000080092f4                btn_mode_callback(void*)
 .text._Z15btn_up_callbackPv
                0x0000000008009364       0x70 build_archery-game/app_bsp.o
                0x0000000008009364                btn_up_callback(void*)
 .text._Z17btn_down_callbackPv
                0x00000000080093d4       0x70 build_archery-game/app_bsp.o
                0x00000000080093d4                btn_down_callback(void*)
 .text._ZL19str_parser_get_attrh
                0x0000000008009444       0x1c build_archery-game/shell.o
 .text._Z9shell_psvPh
                0x0000000008009460       0x14 build_archery-game/shell.o
                0x0000000008009460                shell_psv(unsigned char*)
 .text._Z11shell_resetPh
                0x0000000008009474       0x10 build_archery-game/shell.o
                0x0000000008009474                shell_reset(unsigned char*)
 .text._Z10shell_helpPh
                0x0000000008009484       0x30 build_archery-game/shell.o
                0x0000000008009484                shell_help(unsigned char*)
 .text._Z9shell_verPh
                0x00000000080094b4      0x118 build_archery-game/shell.o
                0x00000000080094b4                shell_ver(unsigned char*)
 .text._Z12shell_rebootPh
                0x00000000080095cc       0x10 build_archery-game/shell.o
                0x00000000080095cc                shell_reboot(unsigned char*)
 .text._ZL10str_parserPc
                0x00000000080095dc       0x60 build_archery-game/shell.o
 .text._Z11shell_fatalPh
                0x000000000800963c      0x360 build_archery-game/shell.o
                0x000000000800963c                shell_fatal(unsigned char*)
 .text._Z11shell_flashPh
                0x000000000800999c      0x170 build_archery-game/shell.o
                0x000000000800999c                shell_flash(unsigned char*)
 .text._Z9shell_epsPh
                0x0000000008009b0c       0xf0 build_archery-game/shell.o
                0x0000000008009b0c                shell_eps(unsigned char*)
 .text._Z9shell_dbgPh
                0x0000000008009bfc       0x74 build_archery-game/shell.o
                0x0000000008009bfc                shell_dbg(unsigned char*)
 .text._Z9shell_ramPh
                0x0000000008009c70      0x240 build_archery-game/shell.o
                0x0000000008009c70                shell_ram(unsigned char*)
 .text._Z10shell_bootPh
                0x0000000008009eb0      0x104 build_archery-game/shell.o
                0x0000000008009eb0                shell_boot(unsigned char*)
 .text._Z9shell_fwuPh
                0x0000000008009fb4       0x34 build_archery-game/shell.o
                0x0000000008009fb4                shell_fwu(unsigned char*)
 .text._Z12shell_buzzerPh
                0x0000000008009fe8      0x14c build_archery-game/shell.o
                0x0000000008009fe8                shell_buzzer(unsigned char*)
 .text._Z9shell_lcdPh
                0x000000000800a134      0x21c build_archery-game/shell.o
                0x000000000800a134                shell_lcd(unsigned char*)
 .text.sys_irq_shell
                0x000000000800a350       0x2c build_archery-game/task_shell.o
                0x000000000800a350                sys_irq_shell
 .text._Z10task_shellP8ak_msg_t
                0x000000000800a37c       0x7c build_archery-game/task_shell.o
                0x000000000800a37c                task_shell(ak_msg_t*)
 .text._Z9task_lifeP8ak_msg_t
                0x000000000800a3f8       0x20 build_archery-game/task_life.o
                0x000000000800a3f8                task_life(ak_msg_t*)
 .text._Z7task_fwP8ak_msg_t
                0x000000000800a418      0x490 build_archery-game/task_fw.o
                0x000000000800a418                task_fw(ak_msg_t*)
 .text._Z12task_displayP8ak_msg_t
                0x000000000800a8a8        0x4 build_archery-game/task_display.o
                0x000000000800a8a8                task_display(ak_msg_t*)
 .text._Z7task_ifP8ak_msg_t
                0x000000000800a8ac       0x98 build_archery-game/task_if.o
                0x000000000800a8ac                task_if(ak_msg_t*)
 .text._Z12task_uart_ifP8ak_msg_t
                0x000000000800a944       0xc0 build_archery-game/task_uart_if.o
                0x000000000800a944                task_uart_if(ak_msg_t*)
 .text._ZL19view_render_dynamicPv
                0x000000000800aa04        0xa build_archery-game/view_render.o
 *fill*         0x000000000800aa0e        0x2 
 .text._Z22view_render_display_onv
                0x000000000800aa10        0xc build_archery-game/view_render.o
                0x000000000800aa10                view_render_display_on()
 .text.startup._GLOBAL__sub_I_view_render
                0x000000000800aa1c        0xc build_archery-game/view_render.o
 .text.exit._GLOBAL__sub_D_view_render
                0x000000000800aa28        0xc build_archery-game/view_render.o
 .text._Z18view_render_screenP13view_screen_t
                0x000000000800aa34       0x68 build_archery-game/view_render.o
                0x000000000800aa34                view_render_screen(view_screen_t*)
 .text._ZL21view_render_rectanglePv
                0x000000000800aa9c       0xe8 build_archery-game/view_render.o
 .text._ZL21scr_mng_render_screenv
                0x000000000800ab84       0x44 build_archery-game/screen_manager.o
 .text._Z12scr_mng_ctorP9scr_mng_tPFvP8ak_msg_tEP13view_screen_t
                0x000000000800abc8       0x20 build_archery-game/screen_manager.o
                0x000000000800abc8                scr_mng_ctor(scr_mng_t*, void (*)(ak_msg_t*), view_screen_t*)
 .text._Z16scr_mng_dispatchP8ak_msg_t
                0x000000000800abe8       0x30 build_archery-game/screen_manager.o
                0x000000000800abe8                scr_mng_dispatch(ak_msg_t*)
 .text._Z12scr_mng_tranPFvP8ak_msg_tEP13view_screen_t
                0x000000000800ac18       0x40 build_archery-game/screen_manager.o
                0x000000000800ac18                scr_mng_tran(void (*)(ak_msg_t*), view_screen_t*)
 .text._ZN12Adafruit_GFX8drawLineEsssst
                0x000000000800ac58       0xbe build_archery-game/Adafruit_GFX.o
                0x000000000800ac58                Adafruit_GFX::drawLine(short, short, short, short, unsigned short)
 .text._ZN12Adafruit_GFX8drawRectEsssst
                0x000000000800ad16       0x68 build_archery-game/Adafruit_GFX.o
                0x000000000800ad16                Adafruit_GFX::drawRect(short, short, short, short, unsigned short)
 .text._ZN12Adafruit_GFX13drawFastVLineEssst
                0x000000000800ad7e       0x1c build_archery-game/Adafruit_GFX.o
                0x000000000800ad7e                Adafruit_GFX::drawFastVLine(short, short, short, unsigned short)
 .text._ZN12Adafruit_GFX13drawFastHLineEssst
                0x000000000800ad9a       0x1a build_archery-game/Adafruit_GFX.o
                0x000000000800ad9a                Adafruit_GFX::drawFastHLine(short, short, short, unsigned short)
 .text._ZN12Adafruit_GFX8fillRectEsssst
                0x000000000800adb4       0x38 build_archery-game/Adafruit_GFX.o
                0x000000000800adb4                Adafruit_GFX::fillRect(short, short, short, short, unsigned short)
 .text._ZN12Adafruit_GFX10fillScreenEt
                0x000000000800adec       0x1c build_archery-game/Adafruit_GFX.o
                0x000000000800adec                Adafruit_GFX::fillScreen(unsigned short)
 .text._ZN12Adafruit_GFXC2Ess
                0x000000000800ae08       0x28 build_archery-game/Adafruit_GFX.o
                0x000000000800ae08                Adafruit_GFX::Adafruit_GFX(short, short)
                0x000000000800ae08                Adafruit_GFX::Adafruit_GFX(short, short)
 .text._ZN12Adafruit_GFX10drawCircleEssst
                0x000000000800ae30      0x172 build_archery-game/Adafruit_GFX.o
                0x000000000800ae30                Adafruit_GFX::drawCircle(short, short, short, unsigned short)
 .text._ZN12Adafruit_GFX16fillCircleHelperEssshst
                0x000000000800afa2      0x124 build_archery-game/Adafruit_GFX.o
                0x000000000800afa2                Adafruit_GFX::fillCircleHelper(short, short, short, unsigned char, short, unsigned short)
 .text._ZN12Adafruit_GFX13fillRoundRectEssssst
                0x000000000800b0c6       0x88 build_archery-game/Adafruit_GFX.o
                0x000000000800b0c6                Adafruit_GFX::fillRoundRect(short, short, short, short, short, unsigned short)
 .text._ZN12Adafruit_GFX10drawBitmapEssPKhsst
                0x000000000800b14e       0x92 build_archery-game/Adafruit_GFX.o
                0x000000000800b14e                Adafruit_GFX::drawBitmap(short, short, unsigned char const*, short, short, unsigned short)
 .text._ZN12Adafruit_GFX8drawCharEsshtth
                0x000000000800b1e0      0x108 build_archery-game/Adafruit_GFX.o
                0x000000000800b1e0                Adafruit_GFX::drawChar(short, short, unsigned char, unsigned short, unsigned short, unsigned char)
 .text._ZN12Adafruit_GFX5writeEh
                0x000000000800b2e8       0x64 build_archery-game/Adafruit_GFX.o
                0x000000000800b2e8                Adafruit_GFX::write(unsigned char)
 .text._ZN12Adafruit_GFX9setCursorEss
                0x000000000800b34c        0x6 build_archery-game/Adafruit_GFX.o
                0x000000000800b34c                Adafruit_GFX::setCursor(short, short)
 .text._ZN12Adafruit_GFX11setTextSizeEh
                0x000000000800b352        0xa build_archery-game/Adafruit_GFX.o
                0x000000000800b352                Adafruit_GFX::setTextSize(unsigned char)
 .text._ZN12Adafruit_GFX12setTextColorEt
                0x000000000800b35c        0x6 build_archery-game/Adafruit_GFX.o
                0x000000000800b35c                Adafruit_GFX::setTextColor(unsigned short)
 .text._ZN12Adafruit_GFX5widthEv
                0x000000000800b362        0x6 build_archery-game/Adafruit_GFX.o
                0x000000000800b362                Adafruit_GFX::width()
 .text._ZN12Adafruit_GFX6heightEv
                0x000000000800b368        0x6 build_archery-game/Adafruit_GFX.o
                0x000000000800b368                Adafruit_GFX::height()
 .text._ZN17Adafruit_oled_drv9updateRowEii
                0x000000000800b36e       0x1e build_archery-game/Adafruit_oled_drv.o
                0x000000000800b36e                Adafruit_oled_drv::updateRow(int, int)
 .text._ZN17Adafruit_oled_drv9drawPixelEsst
                0x000000000800b38c       0x52 build_archery-game/Adafruit_oled_drv.o
                0x000000000800b38c                Adafruit_oled_drv::drawPixel(short, short, unsigned short)
 *fill*         0x000000000800b3de        0x2 
 .text._ZN17Adafruit_oled_drvC2Ev
                0x000000000800b3e0       0x28 build_archery-game/Adafruit_oled_drv.o
                0x000000000800b3e0                Adafruit_oled_drv::Adafruit_oled_drv()
                0x000000000800b3e0                Adafruit_oled_drv::Adafruit_oled_drv()
 .text._ZN17Adafruit_oled_drvD2Ev
                0x000000000800b408        0x2 build_archery-game/Adafruit_oled_drv.o
                0x000000000800b408                Adafruit_oled_drv::~Adafruit_oled_drv()
                0x000000000800b408                Adafruit_oled_drv::~Adafruit_oled_drv()
 .text._ZN17Adafruit_oled_drv5clearEb
                0x000000000800b40a       0x22 build_archery-game/Adafruit_oled_drv.o
                0x000000000800b40a                Adafruit_oled_drv::clear(bool)
 .text._ZNK17Adafruit_oled_drv14getFrameBufferEv
                0x000000000800b42c        0x4 build_archery-game/Adafruit_oled_drv.o
                0x000000000800b42c                Adafruit_oled_drv::getFrameBuffer() const
 .text._ZNK17Adafruit_oled_drv18getFrameBufferSizeEv
                0x000000000800b430        0x6 build_archery-game/Adafruit_oled_drv.o
                0x000000000800b430                Adafruit_oled_drv::getFrameBufferSize() const
 .text._ZN17Adafruit_oled_drv9writeByteEh
                0x000000000800b436       0x54 build_archery-game/Adafruit_oled_drv.o
                0x000000000800b436                Adafruit_oled_drv::writeByte(unsigned char)
 .text._ZN17Adafruit_oled_drv8startIICEv
                0x000000000800b48a       0x2c build_archery-game/Adafruit_oled_drv.o
                0x000000000800b48a                Adafruit_oled_drv::startIIC()
 .text._ZN17Adafruit_oled_drv7stopIICEv
                0x000000000800b4b6       0x2c build_archery-game/Adafruit_oled_drv.o
                0x000000000800b4b6                Adafruit_oled_drv::stopIIC()
 .text._ZN17Adafruit_oled_drv12writeCommandEh
                0x000000000800b4e2       0x2c build_archery-game/Adafruit_oled_drv.o
                0x000000000800b4e2                Adafruit_oled_drv::writeCommand(unsigned char)
 *fill*         0x000000000800b50e        0x2 
 .text._ZN17Adafruit_oled_drv10initializeEv
                0x000000000800b510      0x120 build_archery-game/Adafruit_oled_drv.o
                0x000000000800b510                Adafruit_oled_drv::initialize()
 .text._ZN17Adafruit_oled_drv10display_onEv
                0x000000000800b630        0x6 build_archery-game/Adafruit_oled_drv.o
                0x000000000800b630                Adafruit_oled_drv::display_on()
 .text._ZN17Adafruit_oled_drv11display_offEv
                0x000000000800b636        0x6 build_archery-game/Adafruit_oled_drv.o
                0x000000000800b636                Adafruit_oled_drv::display_off()
 .text._ZN17Adafruit_oled_drv17startDataSequenceEv
                0x000000000800b63c       0x1c build_archery-game/Adafruit_oled_drv.o
                0x000000000800b63c                Adafruit_oled_drv::startDataSequence()
 .text._ZN17Adafruit_oled_drv6updateEv
                0x000000000800b658       0x70 build_archery-game/Adafruit_oled_drv.o
                0x000000000800b658                Adafruit_oled_drv::update()
 .text._ZN17Adafruit_oled_drv9updateRowEi
                0x000000000800b6c8       0x6c build_archery-game/Adafruit_oled_drv.o
                0x000000000800b6c8                Adafruit_oled_drv::updateRow(int)
 .text.eeprom_read
                0x000000000800b734        0x4 build_archery-game/eeprom.o
                0x000000000800b734                eeprom_read
 .text.eeprom_write
                0x000000000800b738        0x4 build_archery-game/eeprom.o
                0x000000000800b738                eeprom_write
 .text.eeprom_erase
                0x000000000800b73c        0x4 build_archery-game/eeprom.o
                0x000000000800b73c                eeprom_erase
 .text._ZL19link_hal_write_byteh
                0x000000000800b740        0x2 build_archery-game/link_hal.o
 .text._ZL17link_hal_rev_byteh
                0x000000000800b742        0x4 build_archery-game/link_hal.o
 *fill*         0x000000000800b746        0x2 
 .text._Z23link_hal_reg_write_bytePFhhE
                0x000000000800b748       0x28 build_archery-game/link_hal.o
                0x000000000800b748                link_hal_reg_write_byte(unsigned char (*)(unsigned char))
 .text._Z21link_hal_reg_rev_bytePFhhE
                0x000000000800b770       0x28 build_archery-game/link_hal.o
                0x000000000800b770                link_hal_reg_rev_byte(unsigned char (*)(unsigned char))
 .text._ZL21fsm_link_state_handleP8ak_msg_t
                0x000000000800b798      0x2b0 build_archery-game/link.o
 .text._ZL19fsm_link_state_initP8ak_msg_t
                0x000000000800ba48       0x80 build_archery-game/link.o
 .text._Z9task_linkP8ak_msg_t
                0x000000000800bac8        0xc build_archery-game/link.o
                0x000000000800bac8                task_link(ak_msg_t*)
 .text._Z23link_init_state_machinev
                0x000000000800bad4       0x2c build_archery-game/link.o
                0x000000000800bad4                link_init_state_machine()
 .text._ZL23link_mac_frame_send_reqv
                0x000000000800bb00       0x3c build_archery-game/link_mac.o
 .text._ZL23link_mac_frame_send_endv
                0x000000000800bb3c       0x34 build_archery-game/link_mac.o
 .text._ZL28link_mac_frame_cals_checksumP16link_mac_frame_t.constprop.0
                0x000000000800bb70       0x38 build_archery-game/link_mac.o
 .text._Z25fsm_link_mac_state_handleP8ak_msg_t
                0x000000000800bba8      0x2b8 build_archery-game/link_mac.o
                0x000000000800bba8                fsm_link_mac_state_handle(ak_msg_t*)
 .text._Z13task_link_macP8ak_msg_t
                0x000000000800be60        0xc build_archery-game/link_mac.o
                0x000000000800be60                task_link_mac(ak_msg_t*)
 .text._Z23fsm_link_mac_state_initP8ak_msg_t
                0x000000000800be6c       0x88 build_archery-game/link_mac.o
                0x000000000800be6c                fsm_link_mac_state_init(ak_msg_t*)
 .text._ZL26link_phy_frame_write_blockPhm
                0x000000000800bef4       0x1c build_archery-game/link_phy.o
 .text._ZL20link_phy_frame_writeP16link_phy_frame_t
                0x000000000800bf10       0x1c build_archery-game/link_phy.o
 .text._ZL28link_phy_frame_cals_checksumP16link_phy_frame_t
                0x000000000800bf2c       0x38 build_archery-game/link_phy.o
 .text._ZL25link_phy_frame_write_byteh
                0x000000000800bf64        0xc build_archery-game/link_phy.o
 .text._ZL26ac_link_phy_frame_rev_byteh
                0x000000000800bf70      0x100 build_archery-game/link_phy.o
 .text._ZL19link_phy_frame_sendv
                0x000000000800c070       0x2c build_archery-game/link_phy.o
 .text._Z25fsm_link_phy_state_handleP8ak_msg_t
                0x000000000800c09c      0x1f0 build_archery-game/link_phy.o
                0x000000000800c09c                fsm_link_phy_state_handle(ak_msg_t*)
 .text._Z13task_link_phyP8ak_msg_t
                0x000000000800c28c        0xc build_archery-game/link_phy.o
                0x000000000800c28c                task_link_phy(ak_msg_t*)
 .text._Z23fsm_link_phy_state_initP8ak_msg_t
                0x000000000800c298       0x90 build_archery-game/link_phy.o
                0x000000000800c298                fsm_link_phy_state_init(ak_msg_t*)
 .text._Z26link_phy_get_send_frame_tov
                0x000000000800c328       0x10 build_archery-game/link_phy.o
                0x000000000800c328                link_phy_get_send_frame_to()
 .text._Z13link_pdu_initv
                0x000000000800c338       0x54 build_archery-game/link_data.o
                0x000000000800c338                link_pdu_init()
 .text._Z15link_pdu_mallocv
                0x000000000800c38c       0x24 build_archery-game/link_data.o
                0x000000000800c38c                link_pdu_malloc()
 .text._Z12link_pdu_getm
                0x000000000800c3b0       0x3c build_archery-game/link_data.o
                0x000000000800c3b0                link_pdu_get(unsigned long)
 .text._Z13link_pdu_freem
                0x000000000800c3ec       0x4c build_archery-game/link_data.o
                0x000000000800c3ec                link_pdu_free(unsigned long)
 .text._Z17link_get_src_addrv
                0x000000000800c438       0x18 build_archery-game/link_data.o
                0x000000000800c438                link_get_src_addr()
 .text._Z17link_get_des_addrv
                0x000000000800c450       0x18 build_archery-game/link_data.o
                0x000000000800c450                link_get_des_addr()
 .text._Z7pinModehh
                0x000000000800c468       0x84 build_archery-game/wiring_digital.o
                0x000000000800c468                pinMode(unsigned char, unsigned char)
 .text._Z12digitalWritehh
                0x000000000800c4ec       0x78 build_archery-game/wiring_digital.o
                0x000000000800c4ec                digitalWrite(unsigned char, unsigned char)
 .text._ZN5Print5writeEPKhj
                0x000000000800c564       0x22 build_archery-game/Print.o
                0x000000000800c564                Print::write(unsigned char const*, unsigned int)
 .text._ZN5Print5writeEPKc
                0x000000000800c586       0x20 build_archery-game/Print.o
                0x000000000800c586                Print::write(char const*)
 .text._ZN5Print5printEPKc
                0x000000000800c5a6        0x8 build_archery-game/Print.o
                0x000000000800c5a6                Print::print(char const*)
 .text._ZN5Print5printEc
                0x000000000800c5ae        0x6 build_archery-game/Print.o
                0x000000000800c5ae                Print::print(char)
 .text._ZN5Print11printNumberEmh
                0x000000000800c5b4       0x3a build_archery-game/Print.o
                0x000000000800c5b4                Print::printNumber(unsigned long, unsigned char)
 .text._ZN5Print5printEli.part.0
                0x000000000800c5ee       0x28 build_archery-game/Print.o
 .text._ZN5Print5printEli
                0x000000000800c616       0x20 build_archery-game/Print.o
                0x000000000800c616                Print::print(long, int)
 .text._ZN5Print5printEii
                0x000000000800c636        0x4 build_archery-game/Print.o
                0x000000000800c636                Print::print(int, int)
 .text._ZN5Print5printEmi
                0x000000000800c63a       0x16 build_archery-game/Print.o
                0x000000000800c63a                Print::print(unsigned long, int)
 .text._ZN5Print5printEhi
                0x000000000800c650        0x4 build_archery-game/Print.o
                0x000000000800c650                Print::print(unsigned char, int)
 .text._ZN14HardwareSerial9availableEv
                0x000000000800c654        0xa build_archery-game/HardwareSerial.o
                0x000000000800c654                HardwareSerial::available()
 .text._ZN14HardwareSerial4peekEv
                0x000000000800c65e       0x14 build_archery-game/HardwareSerial.o
                0x000000000800c65e                HardwareSerial::peek()
 .text._ZN14HardwareSerial4readEv
                0x000000000800c672       0x20 build_archery-game/HardwareSerial.o
                0x000000000800c672                HardwareSerial::read()
 .text._ZN14HardwareSerial5flushEv
                0x000000000800c692        0x2 build_archery-game/HardwareSerial.o
                0x000000000800c692                HardwareSerial::flush()
 .text._ZN14HardwareSerial17availableForWriteEv
                0x000000000800c694       0x26 build_archery-game/HardwareSerial.o
                0x000000000800c694                HardwareSerial::availableForWrite()
 .text._ZN14HardwareSerial5writeEh
                0x000000000800c6ba       0x30 build_archery-game/HardwareSerial.o
                0x000000000800c6ba                HardwareSerial::write(unsigned char)
 *fill*         0x000000000800c6ea        0x2 
 .text._ZL20serial2_trigger_putcv
                0x000000000800c6ec       0x10 build_archery-game/HardwareSerial2.o
 .text.startup._GLOBAL__sub_I_Serial2
                0x000000000800c6fc       0x34 build_archery-game/HardwareSerial2.o
 .text._ZN8SPIClass9io_configEv
                0x000000000800c730       0x68 build_archery-game/SPI.o
                0x000000000800c730                SPIClass::io_config()
 .text._ZN8SPIClass5beginEv
                0x000000000800c798       0xd0 build_archery-game/SPI.o
                0x000000000800c798                SPIClass::begin()
 .text.startup._GLOBAL__sub_I__ZN8SPIClassC2Ev
                0x000000000800c868       0x14 build_archery-game/SPI.o
 .text._ZN7TwoWire9availableEv
                0x000000000800c87c       0x14 build_archery-game/Wire.o
                0x000000000800c87c                TwoWire::available()
 .text._ZN7TwoWire4readEv
                0x000000000800c890       0x28 build_archery-game/Wire.o
                0x000000000800c890                TwoWire::read()
 .text._ZN7TwoWire4peekEv
                0x000000000800c8b8       0x24 build_archery-game/Wire.o
                0x000000000800c8b8                TwoWire::peek()
 .text._ZN7TwoWire5flushEv
                0x000000000800c8dc        0x2 build_archery-game/Wire.o
                0x000000000800c8dc                TwoWire::flush()
 *fill*         0x000000000800c8de        0x2 
 .text._ZN7TwoWire5writeEh
                0x000000000800c8e0       0x54 build_archery-game/Wire.o
                0x000000000800c8e0                TwoWire::write(unsigned char)
 .text._ZN7TwoWire5writeEPKhj
                0x000000000800c934       0x34 build_archery-game/Wire.o
                0x000000000800c934                TwoWire::write(unsigned char const*, unsigned int)
 .text.startup._GLOBAL__sub_I__ZN7TwoWire8rxBufferE
                0x000000000800c968       0x1c build_archery-game/Wire.o
 .text._Z12twi_transmitPKhh
                0x000000000800c984       0x44 build_archery-game/twi.o
                0x000000000800c984                twi_transmit(unsigned char const*, unsigned char)
 .text.__cxa_pure_virtual
                0x000000000800c9c8       0x1c build_archery-game/mini_cpp.o
                0x000000000800c9c8                __cxa_pure_virtual
 .text._Znwj    0x000000000800c9e4        0x4 build_archery-game/mini_cpp.o
                0x000000000800c9e4                operator new(unsigned int)
 .text._ZdlPv   0x000000000800c9e8        0x4 build_archery-game/mini_cpp.o
                0x000000000800c9e8                operator delete(void*)
 .text._sbrk    0x000000000800c9ec       0x1c build_archery-game/mini_cpp.o
                0x000000000800c9ec                _sbrk
 .text.malloc   0x000000000800ca08       0x10 /home/josef/Downloads/gcc-arm-none-eabi-10.3-2021.10-x86_64-linux/gcc-arm-none-eabi-10.3-2021.10/arm-none-eabi/lib/thumb/v7-m/nofp/libc.a(lib_a-malloc.o)
                0x000000000800ca08                malloc
 .text.free     0x000000000800ca18       0x10 /home/josef/Downloads/gcc-arm-none-eabi-10.3-2021.10-x86_64-linux/gcc-arm-none-eabi-10.3-2021.10/arm-none-eabi/lib/thumb/v7-m/nofp/libc.a(lib_a-malloc.o)
                0x000000000800ca18                free
 .text._malloc_r
                0x000000000800ca28      0x558 /home/josef/Downloads/gcc-arm-none-eabi-10.3-2021.10-x86_64-linux/gcc-arm-none-eabi-10.3-2021.10/arm-none-eabi/lib/thumb/v7-m/nofp/libc.a(lib_a-mallocr.o)
                0x000000000800ca28                _malloc_r
 .text.memcmp   0x000000000800cf80       0x68 /home/josef/Downloads/gcc-arm-none-eabi-10.3-2021.10-x86_64-linux/gcc-arm-none-eabi-10.3-2021.10/arm-none-eabi/lib/thumb/v7-m/nofp/libc.a(lib_a-memcmp.o)
                0x000000000800cf80                memcmp
 .text.memset   0x000000000800cfe8       0xa4 /home/josef/Downloads/gcc-arm-none-eabi-10.3-2021.10-x86_64-linux/gcc-arm-none-eabi-10.3-2021.10/arm-none-eabi/lib/thumb/v7-m/nofp/libc.a(lib_a-memset.o)
                0x000000000800cfe8                memset
 .text.__malloc_lock
                0x000000000800d08c        0xc /home/josef/Downloads/gcc-arm-none-eabi-10.3-2021.10-x86_64-linux/gcc-arm-none-eabi-10.3-2021.10/arm-none-eabi/lib/thumb/v7-m/nofp/libc.a(lib_a-mlock.o)
                0x000000000800d08c                __malloc_lock
 .text.__malloc_unlock
                0x000000000800d098        0xc /home/josef/Downloads/gcc-arm-none-eabi-10.3-2021.10-x86_64-linux/gcc-arm-none-eabi-10.3-2021.10/arm-none-eabi/lib/thumb/v7-m/nofp/libc.a(lib_a-mlock.o)
                0x000000000800d098                __malloc_unlock
 .text.rand     0x000000000800d0a4       0x38 /home/josef/Downloads/gcc-arm-none-eabi-10.3-2021.10-x86_64-linux/gcc-arm-none-eabi-10.3-2021.10/arm-none-eabi/lib/thumb/v7-m/nofp/libc.a(lib_a-rand.o)
                0x000000000800d0a4                rand
 .text._sbrk_r  0x000000000800d0dc       0x24 /home/josef/Downloads/gcc-arm-none-eabi-10.3-2021.10-x86_64-linux/gcc-arm-none-eabi-10.3-2021.10/arm-none-eabi/lib/thumb/v7-m/nofp/libc.a(lib_a-sbrkr.o)
                0x000000000800d0dc                _sbrk_r
 .text.strcpy   0x000000000800d100       0xbc /home/josef/Downloads/gcc-arm-none-eabi-10.3-2021.10-x86_64-linux/gcc-arm-none-eabi-10.3-2021.10/arm-none-eabi/lib/thumb/v7-m/nofp/libc.a(lib_a-strcpy.o)
                0x000000000800d100                strcpy
 .text.strlen   0x000000000800d1bc       0x5c /home/josef/Downloads/gcc-arm-none-eabi-10.3-2021.10-x86_64-linux/gcc-arm-none-eabi-10.3-2021.10/arm-none-eabi/lib/thumb/v7-m/nofp/libc.a(lib_a-strlen-stub.o)
                0x000000000800d1bc                strlen
 .text._strtol_l.part.0
                0x000000000800d218      0x120 /home/josef/Downloads/gcc-arm-none-eabi-10.3-2021.10-x86_64-linux/gcc-arm-none-eabi-10.3-2021.10/arm-none-eabi/lib/thumb/v7-m/nofp/libc.a(lib_a-strtol.o)
 .text.strtol   0x000000000800d338       0x2c /home/josef/Downloads/gcc-arm-none-eabi-10.3-2021.10-x86_64-linux/gcc-arm-none-eabi-10.3-2021.10/arm-none-eabi/lib/thumb/v7-m/nofp/libc.a(lib_a-strtol.o)
                0x000000000800d338                strtol
 .text.__errno  0x000000000800d364        0xc /home/josef/Downloads/gcc-arm-none-eabi-10.3-2021.10-x86_64-linux/gcc-arm-none-eabi-10.3-2021.10/arm-none-eabi/lib/thumb/v7-m/nofp/libc.a(lib_a-errno.o)
                0x000000000800d364                __errno
 .text._malloc_trim_r
                0x000000000800d370       0xa0 /home/josef/Downloads/gcc-arm-none-eabi-10.3-2021.10-x86_64-linux/gcc-arm-none-eabi-10.3-2021.10/arm-none-eabi/lib/thumb/v7-m/nofp/libc.a(lib_a-freer.o)
                0x000000000800d370                _malloc_trim_r
 .text._free_r  0x000000000800d410      0x200 /home/josef/Downloads/gcc-arm-none-eabi-10.3-2021.10-x86_64-linux/gcc-arm-none-eabi-10.3-2021.10/arm-none-eabi/lib/thumb/v7-m/nofp/libc.a(lib_a-freer.o)
                0x000000000800d410                _free_r
 .text.__retarget_lock_acquire_recursive
                0x000000000800d610        0x4 /home/josef/Downloads/gcc-arm-none-eabi-10.3-2021.10-x86_64-linux/gcc-arm-none-eabi-10.3-2021.10/arm-none-eabi/lib/thumb/v7-m/nofp/libc.a(lib_a-lock.o)
                0x000000000800d610                __retarget_lock_acquire_recursive
 .text.__retarget_lock_release_recursive
                0x000000000800d614        0x4 /home/josef/Downloads/gcc-arm-none-eabi-10.3-2021.10-x86_64-linux/gcc-arm-none-eabi-10.3-2021.10/arm-none-eabi/lib/thumb/v7-m/nofp/libc.a(lib_a-lock.o)
                0x000000000800d614                __retarget_lock_release_recursive
 .text.abort    0x000000000800d618       0x10 /home/josef/Downloads/gcc-arm-none-eabi-10.3-2021.10-x86_64-linux/gcc-arm-none-eabi-10.3-2021.10/arm-none-eabi/lib/thumb/v7-m/nofp/libc.a(lib_a-abort.o)
                0x000000000800d618                abort
 .text.raise    0x000000000800d628       0x5c /home/josef/Downloads/gcc-arm-none-eabi-10.3-2021.10-x86_64-linux/gcc-arm-none-eabi-10.3-2021.10/arm-none-eabi/lib/thumb/v7-m/nofp/libc.a(lib_a-signal.o)
                0x000000000800d628                raise
 .text._kill_r  0x000000000800d684       0x28 /home/josef/Downloads/gcc-arm-none-eabi-10.3-2021.10-x86_64-linux/gcc-arm-none-eabi-10.3-2021.10/arm-none-eabi/lib/thumb/v7-m/nofp/libc.a(lib_a-signalr.o)
                0x000000000800d684                _kill_r
 .text._getpid_r
                0x000000000800d6ac        0x4 /home/josef/Downloads/gcc-arm-none-eabi-10.3-2021.10-x86_64-linux/gcc-arm-none-eabi-10.3-2021.10/arm-none-eabi/lib/thumb/v7-m/nofp/libc.a(lib_a-signalr.o)
                0x000000000800d6ac                _getpid_r
 .text.atan     0x000000000800d6b0      0x31c /home/josef/Downloads/gcc-arm-none-eabi-10.3-2021.10-x86_64-linux/gcc-arm-none-eabi-10.3-2021.10/arm-none-eabi/lib/thumb/v7-m/nofp/libm.a(lib_a-s_atan.o)
                0x000000000800d6b0                atan
 .text.fabs     0x000000000800d9cc        0x8 /home/josef/Downloads/gcc-arm-none-eabi-10.3-2021.10-x86_64-linux/gcc-arm-none-eabi-10.3-2021.10/arm-none-eabi/lib/thumb/v7-m/nofp/libm.a(lib_a-s_fabs.o)
                0x000000000800d9cc                fabs
 .text.unlikely._ZSt20__throw_length_errorPKc
                0x000000000800d9d4        0x6 /home/josef/Downloads/gcc-arm-none-eabi-10.3-2021.10-x86_64-linux/gcc-arm-none-eabi-10.3-2021.10/arm-none-eabi/lib/thumb/v7-m/nofp/libstdc++_nano.a(functexcept.o)
                0x000000000800d9d4                std::__throw_length_error(char const*)
 *fill*         0x000000000800d9da        0x2 
 .text._getpid  0x000000000800d9dc        0x4 /home/josef/Downloads/gcc-arm-none-eabi-10.3-2021.10-x86_64-linux/gcc-arm-none-eabi-10.3-2021.10/arm-none-eabi/lib/thumb/v7-m/nofp/librdpmon.a(syscalls.o)
                0x000000000800d9dc                _getpid
 .text._exit    0x000000000800d9e0       0x14 /home/josef/Downloads/gcc-arm-none-eabi-10.3-2021.10-x86_64-linux/gcc-arm-none-eabi-10.3-2021.10/arm-none-eabi/lib/thumb/v7-m/nofp/librdpmon.a(_exit.o)
                0x000000000800d9e0                _exit
 .text._kill    0x000000000800d9f4        0x4 /home/josef/Downloads/gcc-arm-none-eabi-10.3-2021.10-x86_64-linux/gcc-arm-none-eabi-10.3-2021.10/arm-none-eabi/lib/thumb/v7-m/nofp/librdpmon.a(_kill.o)
                0x000000000800d9f4                _kill
 .text._kill_shared
                0x000000000800d9f8        0x4 /home/josef/Downloads/gcc-arm-none-eabi-10.3-2021.10-x86_64-linux/gcc-arm-none-eabi-10.3-2021.10/arm-none-eabi/lib/thumb/v7-m/nofp/librdpmon.a(_kill.o)
                0x000000000800d9f8                _kill_shared
 *(.rodata)
 *(.rodata*)
 .rodata.task_create.str1.1
                0x000000000800d9fc        0x3 build_archery-game/task.o
 .rodata.task_run.str1.1
                0x000000000800d9ff       0x25 build_archery-game/task.o
 .rodata.timer_set.str1.1
                0x000000000800da24        0x3 build_archery-game/timer.o
 .rodata.msg_force_free.str1.1
                0x000000000800da27        0x3 build_archery-game/message.o
 .rodata.ak_malloc.str1.1
                0x000000000800da2a        0xa build_archery-game/message.o
 .rodata.fifo_put.str1.1
                0x000000000800da34        0x5 build_archery-game/fifo.o
 .rodata.xvfprintf.str1.1
                0x000000000800da39        0xb build_archery-game/xprintf.o
                                          0xc (size before relaxing)
 .rodata.buzzer_music_table
                0x000000000800da44       0x80 build_archery-game/buzzer.o
 .rodata.tones_3beep
                0x000000000800dac4       0x18 build_archery-game/buzzer_music.o
                0x000000000800dac4                tones_3beep
 .rodata.tones_bang
                0x000000000800dadc        0xc build_archery-game/buzzer_music.o
                0x000000000800dadc                tones_bang
 .rodata.tones_click
                0x000000000800dae8        0x8 build_archery-game/buzzer_music.o
                0x000000000800dae8                tones_click
 .rodata.tones_goodbye
                0x000000000800daf0       0x14 build_archery-game/buzzer_music.o
                0x000000000800daf0                tones_goodbye
 .rodata.tones_highscore
                0x000000000800db04       0x20 build_archery-game/buzzer_music.o
                0x000000000800db04                tones_highscore
 .rodata.tones_jingle_bells
                0x000000000800db24      0x11c build_archery-game/buzzer_music.o
                0x000000000800db24                tones_jingle_bells
 .rodata.tones_lets_go
                0x000000000800dc40       0x28 build_archery-game/buzzer_music.o
                0x000000000800dc40                tones_lets_go
 .rodata.tones_lowscore
                0x000000000800dc68       0x14 build_archery-game/buzzer_music.o
                0x000000000800dc68                tones_lowscore
 .rodata.tones_mario_kart
                0x000000000800dc7c      0x110 build_archery-game/buzzer_music.o
                0x000000000800dc7c                tones_mario_kart
 .rodata.tones_pirates
                0x000000000800dd8c      0x17c build_archery-game/buzzer_music.o
                0x000000000800dd8c                tones_pirates
 .rodata.tones_smb
                0x000000000800df08      0x104 build_archery-game/buzzer_music.o
                0x000000000800df08                tones_smb
 .rodata.tones_startup
                0x000000000800e00c       0x28 build_archery-game/buzzer_music.o
                0x000000000800e00c                tones_startup
 .rodata.tones_usb_connected
                0x000000000800e034       0x10 build_archery-game/buzzer_music.o
                0x000000000800e034                tones_usb_connected
 .rodata.tones_usb_disconnected
                0x000000000800e044       0x10 build_archery-game/buzzer_music.o
                0x000000000800e044                tones_usb_disconnected
 .rodata.tones_welcome
                0x000000000800e054       0x14 build_archery-game/buzzer_music.o
                0x000000000800e054                tones_welcome
 .rodata.sys_dbg_cpu_dump.str1.1
                0x000000000800e068       0x5f build_archery-game/sys_dbg.o
 .rodata.sys_dbg_stack_space_dump.str1.1
                0x000000000800e0c7       0x2f build_archery-game/sys_dbg.o
 .rodata.sys_dbg_fatal.str1.1
                0x000000000800e0f6      0x25f build_archery-game/sys_dbg.o
                                        0x261 (size before relaxing)
 .rodata.exit_critical.str1.1
                0x000000000800e355        0x4 build_archery-game/platform.o
 .rodata.default_handler.str1.1
                0x000000000800e359        0x3 build_archery-game/system.o
 .rodata.sys_cfg_update_info.str1.1
                0x000000000800e35c       0x62 build_archery-game/sys_cfg.o
                                         0x64 (size before relaxing)
 .rodata.sys_ctrl_soft_watchdog_increase_counter.str1.1
                0x000000000800e3be        0x5 build_archery-game/sys_cfg.o
 .rodata.flash_transfer.str1.1
                0x000000000800e3c3        0x4 build_archery-game/io_cfg.o
 .rodata._ZNSt6vectorI4ballSaIS0_EE17_M_realloc_insertIJRKS0_EEEvN9__gnu_cxx17__normal_iteratorIPS0_S2_EEDpOT_.str1.1
                0x000000000800e3c7       0x1a build_archery-game/scr_idle.o
 .rodata._Z15scr_idle_handleP8ak_msg_t.str1.1
                0x000000000800e3e1       0x8b build_archery-game/scr_idle.o
 .rodata._ZL18view_scr_menu_gamev.str1.1
                0x000000000800e46c        0x5 build_archery-game/scr_menu_game.o
 .rodata._Z20scr_menu_game_handleP8ak_msg_t.str1.1
                0x000000000800e471       0x8b build_archery-game/scr_menu_game.o
 .rodata.str1.1
                0x000000000800e471       0x19 build_archery-game/scr_menu_game.o
 *fill*         0x000000000800e48a        0x2 
 .rodata._ZL10menu_items
                0x000000000800e48c       0x10 build_archery-game/scr_menu_game.o
 .rodata._ZL21view_scr_game_settingv.str1.1
                0x000000000800e49c       0x2d build_archery-game/scr_game_setting.o
 .rodata._Z23scr_game_setting_handleP8ak_msg_t.str1.1
                0x000000000800e4c9       0x2c build_archery-game/scr_game_setting.o
                                         0xb7 (size before relaxing)
 .rodata._ZL16view_scr_startupv.str1.1
                0x000000000800e4f5       0x53 build_archery-game/scr_startup.o
 .rodata._Z18scr_startup_handleP8ak_msg_t.str1.1
                0x000000000800e548       0x76 build_archery-game/scr_startup.o
                                         0x9e (size before relaxing)
 .rodata._ZL20view_scr_charts_gamev.str1.1
                0x000000000800e5be       0x12 build_archery-game/scr_charts_game.o
 .rodata._Z22scr_charts_game_handleP8ak_msg_t.str1.1
                0x000000000800e5d0       0x47 build_archery-game/scr_charts_game.o
                                         0xac (size before relaxing)
 .rodata.bitmap_fruit_bad_1
                0x000000000800e617        0x8 build_archery-game/screens_bitmap.o
                0x000000000800e617                bitmap_fruit_bad_1
 .rodata.bitmap_fruit_bad_2
                0x000000000800e61f        0x8 build_archery-game/screens_bitmap.o
                0x000000000800e61f                bitmap_fruit_bad_2
 .rodata.bitmap_fruit_bad_3
                0x000000000800e627        0x8 build_archery-game/screens_bitmap.o
                0x000000000800e627                bitmap_fruit_bad_3
 .rodata.bitmap_fruit_basket
                0x000000000800e62f       0x10 build_archery-game/screens_bitmap.o
                0x000000000800e62f                bitmap_fruit_basket
 .rodata.bitmap_fruit_good_1
                0x000000000800e63f        0x8 build_archery-game/screens_bitmap.o
                0x000000000800e63f                bitmap_fruit_good_1
 .rodata.bitmap_fruit_good_2
                0x000000000800e647        0x8 build_archery-game/screens_bitmap.o
                0x000000000800e647                bitmap_fruit_good_2
 .rodata.bitmap_fruit_good_3
                0x000000000800e64f        0x8 build_archery-game/screens_bitmap.o
                0x000000000800e64f                bitmap_fruit_good_3
 .rodata.bitmap_icon_charts
                0x000000000800e657       0xa0 build_archery-game/screens_bitmap.o
                0x000000000800e657                bitmap_icon_charts
 .rodata._ZL19view_scr_fruit_gamev.str1.1
                0x000000000800e6f7       0x40 build_archery-game/scr_fruit_game.o
 .rodata._Z21scr_fruit_game_handleP8ak_msg_t.str1.1
                0x000000000800e737       0x15 build_archery-game/scr_fruit_game.o
 *fill*         0x000000000800e737        0x1 
 .rodata._ZL18fruit_bitmap_table
                0x000000000800e738       0x18 build_archery-game/scr_fruit_game.o
 .rodata._Z11task_systemP8ak_msg_t.str1.1
                0x000000000800e750       0x23 build_archery-game/task_system.o
 .rodata.main_app.str1.1
                0x000000000800e773       0x3a build_archery-game/app.o
 .rodata._Z20task_polling_consolev.str1.1
                0x000000000800e7ad       0x31 build_archery-game/app.o