sources/app/shell.cpp:137:7:char* str_parser_get_attr(uint8_t)	0	static
sources/app/shell.cpp:914:9:int32_t shell_psv(uint8_t*)	0	static
sources/app/shell.cpp:148:9:int32_t shell_reset(uint8_t*)	8	static
sources/app/shell.cpp:187:9:int32_t shell_help(uint8_t*)	16	static
sources/app/shell.cpp:154:9:int32_t shell_ver(uint8_t*)	40	static
sources/app/shell.cpp:201:9:int32_t shell_reboot(uint8_t*)	8	static
sources/app/shell.cpp:111:9:uint8_t str_parser(char*)	24	static
sources/app/shell.cpp:208:9:int32_t shell_fatal(uint8_t*)	128	static
sources/app/shell.cpp:436:9:int32_t shell_flash(uint8_t*)	32	static
sources/app/shell.cpp:380:9:int32_t shell_eps(uint8_t*)	24	static
sources/app/shell.cpp:604:9:int32_t shell_dbg(uint8_t*)	8	static
sources/app/shell.cpp:671:9:int32_t shell_ram(uint8_t*)	24	static
sources/app/shell.cpp:826:9:int32_t shell_boot(uint8_t*)	104	static
sources/app/shell.cpp:897:9:int32_t shell_fwu(uint8_t*)	96	static
sources/app/shell.cpp:920:9:int32_t shell_buzzer(uint8_t*)	8	static
sources/app/shell.cpp:512:9:int32_t shell_lcd(uint8_t*)	32	static
