Archive member included to satisfy reference by file (symbol)

/home/josef/tools/gcc-arm-none-eabi-10.3-2021.10/arm-none-eabi/lib/thumb/v7-m/nofp/libc.a(lib_a-atof.o)
                              build_fruit_game/WString.o (atof)
/home/josef/tools/gcc-arm-none-eabi-10.3-2021.10/arm-none-eabi/lib/thumb/v7-m/nofp/libc.a(lib_a-atol.o)
                              build_fruit_game/WString.o (atol)
/home/josef/tools/gcc-arm-none-eabi-10.3-2021.10/arm-none-eabi/lib/thumb/v7-m/nofp/libc.a(lib_a-isspace.o)
                              build_fruit_game/WString.o (isspace)
/home/josef/tools/gcc-arm-none-eabi-10.3-2021.10/arm-none-eabi/lib/thumb/v7-m/nofp/libc.a(lib_a-malloc.o)
                              build_fruit_game/message.o (malloc)
/home/josef/tools/gcc-arm-none-eabi-10.3-2021.10/arm-none-eabi/lib/thumb/v7-m/nofp/libc.a(lib_a-mallocr.o)
                              /home/josef/tools/gcc-arm-none-eabi-10.3-2021.10/arm-none-eabi/lib/thumb/v7-m/nofp/libc.a(lib_a-malloc.o) (_malloc_r)
/home/josef/tools/gcc-arm-none-eabi-10.3-2021.10/arm-none-eabi/lib/thumb/v7-m/nofp/libc.a(lib_a-memcmp.o)
                              build_fruit_game/task_fw.o (memcmp)
/home/josef/tools/gcc-arm-none-eabi-10.3-2021.10/arm-none-eabi/lib/thumb/v7-m/nofp/libc.a(lib_a-memcpy.o)
                              build_fruit_game/message.o (memcpy)
/home/josef/tools/gcc-arm-none-eabi-10.3-2021.10/arm-none-eabi/lib/thumb/v7-m/nofp/libc.a(lib_a-memmove.o)
                              build_fruit_game/WString.o (memmove)
/home/josef/tools/gcc-arm-none-eabi-10.3-2021.10/arm-none-eabi/lib/thumb/v7-m/nofp/libc.a(lib_a-memset.o)
                              build_fruit_game/task.o (memset)
/home/josef/tools/gcc-arm-none-eabi-10.3-2021.10/arm-none-eabi/lib/thumb/v7-m/nofp/libc.a(lib_a-mlock.o)
                              /home/josef/tools/gcc-arm-none-eabi-10.3-2021.10/arm-none-eabi/lib/thumb/v7-m/nofp/libc.a(lib_a-mallocr.o) (__malloc_lock)
/home/josef/tools/gcc-arm-none-eabi-10.3-2021.10/arm-none-eabi/lib/thumb/v7-m/nofp/libc.a(lib_a-rand.o)
                              build_fruit_game/WMath.o (srand)
/home/josef/tools/gcc-arm-none-eabi-10.3-2021.10/arm-none-eabi/lib/thumb/v7-m/nofp/libc.a(lib_a-realloc.o)
                              build_fruit_game/WString.o (realloc)
/home/josef/tools/gcc-arm-none-eabi-10.3-2021.10/arm-none-eabi/lib/thumb/v7-m/nofp/libc.a(lib_a-reallocr.o)
                              /home/josef/tools/gcc-arm-none-eabi-10.3-2021.10/arm-none-eabi/lib/thumb/v7-m/nofp/libc.a(lib_a-realloc.o) (_realloc_r)
/home/josef/tools/gcc-arm-none-eabi-10.3-2021.10/arm-none-eabi/lib/thumb/v7-m/nofp/libc.a(lib_a-sbrkr.o)
                              /home/josef/tools/gcc-arm-none-eabi-10.3-2021.10/arm-none-eabi/lib/thumb/v7-m/nofp/libc.a(lib_a-mallocr.o) (_sbrk_r)
/home/josef/tools/gcc-arm-none-eabi-10.3-2021.10/arm-none-eabi/lib/thumb/v7-m/nofp/libc.a(lib_a-strcat.o)
                              build_fruit_game/dtostrf.o (strcat)
/home/josef/tools/gcc-arm-none-eabi-10.3-2021.10/arm-none-eabi/lib/thumb/v7-m/nofp/libc.a(lib_a-strchr.o)
                              build_fruit_game/WString.o (strchr)
/home/josef/tools/gcc-arm-none-eabi-10.3-2021.10/arm-none-eabi/lib/thumb/v7-m/nofp/libc.a(lib_a-strcmp.o)
                              build_fruit_game/cmd_line.o (strcmp)
/home/josef/tools/gcc-arm-none-eabi-10.3-2021.10/arm-none-eabi/lib/thumb/v7-m/nofp/libc.a(lib_a-strcpy.o)
                              build_fruit_game/sys_dbg.o (strcpy)
/home/josef/tools/gcc-arm-none-eabi-10.3-2021.10/arm-none-eabi/lib/thumb/v7-m/nofp/libc.a(lib_a-strlen-stub.o)
                              build_fruit_game/xprintf.o (strlen)
/home/josef/tools/gcc-arm-none-eabi-10.3-2021.10/arm-none-eabi/lib/thumb/v7-m/nofp/libc.a(lib_a-strncmp.o)
                              build_fruit_game/WString.o (strncmp)
/home/josef/tools/gcc-arm-none-eabi-10.3-2021.10/arm-none-eabi/lib/thumb/v7-m/nofp/libc.a(lib_a-strncpy.o)
                              build_fruit_game/WString.o (strncpy)
/home/josef/tools/gcc-arm-none-eabi-10.3-2021.10/arm-none-eabi/lib/thumb/v7-m/nofp/libc.a(lib_a-strrchr.o)
                              build_fruit_game/WString.o (strrchr)
/home/josef/tools/gcc-arm-none-eabi-10.3-2021.10/arm-none-eabi/lib/thumb/v7-m/nofp/libc.a(lib_a-strstr.o)
                              build_fruit_game/WString.o (strstr)
/home/josef/tools/gcc-arm-none-eabi-10.3-2021.10/arm-none-eabi/lib/thumb/v7-m/nofp/libc.a(lib_a-strtod.o)
                              /home/josef/tools/gcc-arm-none-eabi-10.3-2021.10/arm-none-eabi/lib/thumb/v7-m/nofp/libc.a(lib_a-atof.o) (strtod)
/home/josef/tools/gcc-arm-none-eabi-10.3-2021.10/arm-none-eabi/lib/thumb/v7-m/nofp/libc.a(lib_a-strtol.o)
                              /home/josef/tools/gcc-arm-none-eabi-10.3-2021.10/arm-none-eabi/lib/thumb/v7-m/nofp/libc.a(lib_a-atol.o) (_strtol_r)
/home/josef/tools/gcc-arm-none-eabi-10.3-2021.10/arm-none-eabi/lib/thumb/v7-m/nofp/libc.a(lib_a-tolower.o)
[...]
Memory Configuration

Name             Origin             Length             Attributes
BSF              0x0000000008002000 0x0000000000001000 xr
FLASH            0x0000000008003000 0x000000000001d000 xr
SRAM             0x0000000020000000 0x0000000000004000 xrw
*default*        0x0000000000000000 0xffffffffffffffff

Linker script and memory map

                0x0000000000000800                HEAP_SIZE = 0x800

.start_boot_share_data_flash
                0x0000000008002000        0x0
                0x0000000008002000                _start_boot_share_data_flash = .

.start_flash    0x0000000008003000        0x0
                0x0000000008003000                _start_flash = .

.isr_vector     0x0000000008003000       0xf4
                0x0000000008003000                _isr_vector = .
 *(.isr_vector)
 .isr_vector    0x0000000008003000       0xf4 build_fruit_game/system.o
                0x0000000008003000                isr_vector
                0x00000000080030f4                . = ALIGN (0x4)

.text           0x00000000080030f8     0xd348
                0x00000000080030f8                . = ALIGN (0x4)
 *(.text)
 .text          0x00000000080030f8       0xec /home/josef/tools/gcc-arm-none-eabi-10.3-2021.10/arm-none-eabi/lib/thumb/v7-m/nofp/libc.a(lib_a-memcpy.o)
                0x00000000080030f8                memcpy
 .text          0x00000000080031e4      0x1bc /home/josef/tools/gcc-arm-none-eabi-10.3-2021.10/arm-none-eabi/lib/thumb/v7-m/nofp/libc.a(lib_a-strcmp.o)
                0x00000000080031e4                strcmp
 .text          0x00000000080033a0      0x378 /home/josef/tools/gcc-arm-none-eabi-10.3-2021.10/lib/gcc/arm-none-eabi/10.3.1/thumb/v7-m/nofp/libgcc.a(_arm_addsubdf3.o)
                0x00000000080033a0                __aeabi_drsub
                0x00000000080033a8                __aeabi_dsub
                0x00000000080033a8                __subdf3
                0x00000000080033ac                __adddf3
                0x00000000080033ac                __aeabi_dadd
                0x0000000008003624                __aeabi_ui2d
                0x0000000008003624                __floatunsidf
                0x0000000008003644                __floatsidf
                0x0000000008003644                __aeabi_i2d
                0x0000000008003668                __extendsfdf2
                0x0000000008003668                __aeabi_f2d
                0x00000000080036ac                __aeabi_ul2d
                0x00000000080036ac                __floatundidf
                0x00000000080036bc                __floatdidf
                0x00000000080036bc                __aeabi_l2d
 .text          0x0000000008003718      0x424 /home/josef/tools/gcc-arm-none-eabi-10.3-2021.10/lib/gcc/arm-none-eabi/10.3.1/thumb/v7-m/nofp/libgcc.a(_arm_muldivdf3.o)
                0x0000000008003718                __aeabi_dmul
                0x0000000008003718                __muldf3
                0x000000000800396c                __aeabi_ddiv
                0x000000000800396c                __divdf3
 .text          0x0000000008003b3c      0x110 /home/josef/tools/gcc-arm-none-eabi-10.3-2021.10/lib/gcc/arm-none-eabi/10.3.1/thumb/v7-m/nofp/libgcc.a(_arm_cmpdf2.o)
                0x0000000008003b3c                __gtdf2
                0x0000000008003b3c                __gedf2
                0x0000000008003b44                __ltdf2
                0x0000000008003b44                __ledf2
                0x0000000008003b4c                __cmpdf2
                0x0000000008003b4c                __eqdf2
                0x0000000008003b4c                __nedf2
                0x0000000008003bc8                __aeabi_cdrcmple
                0x0000000008003bd8                __aeabi_cdcmple
                0x0000000008003bd8                __aeabi_cdcmpeq
                0x0000000008003be8                __aeabi_dcmpeq
                0x0000000008003bfc                __aeabi_dcmplt
                0x0000000008003c10                __aeabi_dcmple
                0x0000000008003c24                __aeabi_dcmpge
                0x0000000008003c38                __aeabi_dcmpgt
 .text          0x0000000008003c4c       0x2c /home/josef/tools/gcc-arm-none-eabi-10.3-2021.10/lib/gcc/arm-none-eabi/10.3.1/thumb/v7-m/nofp/libgcc.a(_arm_unorddf2.o)
                0x0000000008003c4c                __aeabi_dcmpun
                0x0000000008003c4c                __unorddf2
 .text          0x0000000008003c78       0x50 /home/josef/tools/gcc-arm-none-eabi-10.3-2021.10/lib/gcc/arm-none-eabi/10.3.1/thumb/v7-m/nofp/libgcc.a(_arm_fixdfsi.o)
                0x0000000008003c78                __fixdfsi
                0x0000000008003c78                __aeabi_d2iz
 .text          0x0000000008003cc8       0x40 /home/josef/tools/gcc-arm-none-eabi-10.3-2021.10/lib/gcc/arm-none-eabi/10.3.1/thumb/v7-m/nofp/libgcc.a(_arm_fixunsdfsi.o)
                0x0000000008003cc8                __fixunsdfsi
                0x0000000008003cc8                __aeabi_d2uiz
 .text          0x0000000008003d08      0x21c /home/josef/tools/gcc-arm-none-eabi-10.3-2021.10/lib/gcc/arm-none-eabi/10.3.1/thumb/v7-m/nofp/libgcc.a(_arm_addsubsf3.o)
                0x0000000008003d08                __aeabi_frsub
                0x0000000008003d10                __subsf3
                0x0000000008003d10                __aeabi_fsub
                0x0000000008003d14                __aeabi_fadd
                0x0000000008003d14                __addsf3
                0x0000000008003e74                __aeabi_ui2f
                0x0000000008003e74                __floatunsisf
                0x0000000008003e7c                __aeabi_i2f
                0x0000000008003e7c                __floatsisf
                0x0000000008003e98                __floatundisf
                0x0000000008003e98                __aeabi_ul2f
                0x0000000008003ea8                __floatdisf
                0x0000000008003ea8                __aeabi_l2f
 .text          0x0000000008003f24       0x30 /home/josef/tools/gcc-arm-none-eabi-10.3-2021.10/lib/gcc/arm-none-eabi/10.3.1/thumb/v7-m/nofp/libgcc.a(_aeabi_uldivmod.o)
                0x0000000008003f24                __aeabi_uldivmod
 .text          0x0000000008003f54      0x2d4 /home/josef/tools/gcc-arm-none-eabi-10.3-2021.10/lib/gcc/arm-none-eabi/10.3.1/thumb/v7-m/nofp/libgcc.a(_udivmoddi4.o)
                0x0000000008003f54                __udivmoddi4
 .text          0x0000000008004228        0x4 /home/josef/tools/gcc-arm-none-eabi-10.3-2021.10/lib/gcc/arm-none-eabi/10.3.1/thumb/v7-m/nofp/libgcc.a(_dvmd_tls.o)
                0x0000000008004228                __aeabi_ldiv0
                0x0000000008004228                __aeabi_idiv0
 *(.text*)
 .text.fsm_dispatch
                0x000000000800422c        0x6 build_fruit_game/fsm.o
                0x000000000800422c                fsm_dispatch
 *fill*         0x0000000008004232        0x2 
 .text.task_create
                0x0000000008004234       0x3c build_fruit_game/task.o
                0x0000000008004234                task_create
 .text.task_polling_create
                0x0000000008004270       0x34 build_fruit_game/task.o
                0x0000000008004270                task_polling_create
 .text.task_post
                0x00000000080042a4       0x84 build_fruit_game/task.o
                0x00000000080042a4                task_post
 .text.task_remove_msg
                0x0000000008004328       0xb4 build_fruit_game/task.o
                0x0000000008004328                task_remove_msg
 .text.task_post_pure_msg
                0x00000000080043dc       0x18 build_fruit_game/task.o
                0x00000000080043dc                task_post_pure_msg
 .text.task_post_common_msg
                0x00000000080043f4       0x2a build_fruit_game/task.o
                0x00000000080043f4                task_post_common_msg
 *fill*         0x000000000800441e        0x2 
 .text.task_entry_interrupt
                0x0000000008004420       0x1c build_fruit_game/task.o
                0x0000000008004420                task_entry_interrupt
 .text.task_exit_interrupt
                0x000000000800443c       0x24 build_fruit_game/task.o
                0x000000000800443c                task_exit_interrupt
 .text.task_init
                0x0000000008004460       0x40 build_fruit_game/task.o
                0x0000000008004460                task_init
 .text.task_polling_run
                0x00000000080044a0       0x30 build_fruit_game/task.o
                0x00000000080044a0                task_polling_run
 .text.task_run
                0x00000000080044d0      0x174 build_fruit_game/task.o
                0x00000000080044d0                task_run
 .text.get_current_task_id
                0x0000000008004644        0xc build_fruit_game/task.o
                0x0000000008004644                get_current_task_id
 .text.get_current_task_info
                0x0000000008004650        0x8 build_fruit_game/task.o
                0x0000000008004650                get_current_task_info
 .text.get_current_active_object
                0x0000000008004658        0x8 build_fruit_game/task.o
                0x0000000008004658                get_current_active_object
 .text.timer_remove_msg
                0x0000000008004660       0x64 build_fruit_game/timer.o
 .text.task_timer_tick
                0x00000000080046c4       0x7c build_fruit_game/timer.o
                0x00000000080046c4                task_timer_tick
 .text.timer_init
                0x0000000008004740       0x6c build_fruit_game/timer.o
                0x0000000008004740                timer_init
 .text.timer_tick
                0x00000000080047ac       0x38 build_fruit_game/timer.o
                0x00000000080047ac                timer_tick
 .text.timer_set
                0x00000000080047e4       0x98 build_fruit_game/timer.o
                0x00000000080047e4                timer_set
 .text.timer_remove_attr
                0x000000000800487c       0x18 build_fruit_game/timer.o
                0x000000000800487c                timer_remove_attr
 .text.free_common_msg
                0x0000000008004894       0x28 build_fruit_game/message.o
 .text.free_pure_msg
                0x00000000080048bc       0x28 build_fruit_game/message.o
 .text.free_dynamic_msg
                0x00000000080048e4       0x30 build_fruit_game/message.o
 .text.msg_init
                0x0000000008004914      0x100 build_fruit_game/message.o
                0x0000000008004914                msg_init
 .text.msg_force_free
                0x0000000008004a14       0x44 build_fruit_game/message.o
                0x0000000008004a14                msg_force_free
 .text.msg_inc_ref_count
                0x0000000008004a58       0x2c build_fruit_game/message.o
                0x0000000008004a58                msg_inc_ref_count
 .text.msg_dec_ref_count
                0x0000000008004a84       0x28 build_fruit_game/message.o
                0x0000000008004a84                msg_dec_ref_count
 .text.msg_free
                0x0000000008004aac       0x58 build_fruit_game/message.o
                0x0000000008004aac                msg_free
 .text.ak_malloc
                0x0000000008004b04       0x50 build_fruit_game/message.o
                0x0000000008004b04                ak_malloc
 .text.ak_free  0x0000000008004b54        0x4 build_fruit_game/message.o
                0x0000000008004b54                ak_free
 .text.get_pure_msg
                0x0000000008004b58       0x5c build_fruit_game/message.o
                0x0000000008004b58                get_pure_msg
 .text.get_common_msg
                0x0000000008004bb4       0x60 build_fruit_game/message.o
                0x0000000008004bb4                get_common_msg
 .text.set_data_common_msg
                0x0000000008004c14       0x4c build_fruit_game/message.o
                0x0000000008004c14                set_data_common_msg
 .text.get_data_common_msg
                0x0000000008004c60       0x28 build_fruit_game/message.o
                0x0000000008004c60                get_data_common_msg
 .text.get_data_len_common_msg
                0x0000000008004c88       0x28 build_fruit_game/message.o
                0x0000000008004c88                get_data_len_common_msg
 .text.get_dynamic_msg
                0x0000000008004cb0       0x64 build_fruit_game/message.o
                0x0000000008004cb0                get_dynamic_msg
 .text.set_data_dynamic_msg
                0x0000000008004d14       0x3c build_fruit_game/message.o
                0x0000000008004d14                set_data_dynamic_msg
 .text.get_data_dynamic_msg
                0x0000000008004d50       0x28 build_fruit_game/message.o
                0x0000000008004d50                get_data_dynamic_msg
 .text.get_data_len_dynamic_msg
                0x0000000008004d78        0x4 build_fruit_game/message.o
                0x0000000008004d78                get_data_len_dynamic_msg
 .text.log_queue_init
                0x0000000008004d7c       0x2e build_fruit_game/log_queue.o
                0x0000000008004d7c                log_queue_init
 .text.log_queue_len
                0x0000000008004daa        0x4 build_fruit_game/log_queue.o
                0x0000000008004daa                log_queue_len
 .text.log_queue_put
                0x0000000008004dae       0x5c build_fruit_game/log_queue.o
                0x0000000008004dae                log_queue_put
 .text.log_queue_get
                0x0000000008004e0a       0x30 build_fruit_game/log_queue.o
                0x0000000008004e0a                log_queue_get
 .text.fifo_init
                0x0000000008004e3a       0x12 build_fruit_game/fifo.o
                0x0000000008004e3a                fifo_init
 .text.fifo_availble
                0x0000000008004e4c        0x4 build_fruit_game/fifo.o
                0x0000000008004e4c                fifo_availble
 .text.fifo_is_full
                0x0000000008004e50        0xc build_fruit_game/fifo.o
                0x0000000008004e50                fifo_is_full
 .text.fifo_put
                0x0000000008004e5c       0x54 build_fruit_game/fifo.o
                0x0000000008004e5c                fifo_put
 .text.fifo_get
                0x0000000008004eb0       0x50 build_fruit_game/fifo.o
                0x0000000008004eb0                fifo_get
 .text.ring_buffer_char_init
                0x0000000008004f00        0xc build_fruit_game/ring_buffer.o
                0x0000000008004f00                ring_buffer_char_init
 .text.ring_buffer_char_is_empty
                0x0000000008004f0c        0xa build_fruit_game/ring_buffer.o
                0x0000000008004f0c                ring_buffer_char_is_empty
 .text.ring_buffer_char_put
                0x0000000008004f16       0x36 build_fruit_game/ring_buffer.o
                0x0000000008004f16                ring_buffer_char_put
 .text.ring_buffer_char_get
                0x0000000008004f4c       0x26 build_fruit_game/ring_buffer.o
                0x0000000008004f4c                ring_buffer_char_get
 .text.mem_read
                0x0000000008004f72       0x18 build_fruit_game/utils.o
                0x0000000008004f72                mem_read
 .text.mem_write
                0x0000000008004f8a       0x1a build_fruit_game/utils.o
                0x0000000008004f8a                mem_write
 *fill*         0x0000000008004fa4        0x4 
 .text.ilog10   0x0000000008004fa8       0xd8 build_fruit_game/xprintf.o
 .text.i10x     0x0000000008005080       0x78 build_fruit_game/xprintf.o
 .text.xfputc   0x00000000080050f8       0x30 build_fruit_game/xprintf.o
                0x00000000080050f8                xfputc
 .text.xputc    0x0000000008005128       0x10 build_fruit_game/xprintf.o
                0x0000000008005128                xputc
 .text.xvfprintf
                0x0000000008005138      0x580 build_fruit_game/xprintf.o
 .text.xprintf  0x00000000080056b8       0x24 build_fruit_game/xprintf.o
                0x00000000080056b8                xprintf
 .text.cmd_line_parser
                0x00000000080056dc       0x7c build_fruit_game/cmd_line.o
                0x00000000080056dc                cmd_line_parser
 .text.button_init
                0x0000000008005758       0x34 build_fruit_game/button.o
                0x0000000008005758                button_init
 .text.button_enable
                0x000000000800578c        0x6 build_fruit_game/button.o
                0x000000000800578c                button_enable
 .text.button_timer_polling
                0x0000000008005792       0x76 build_fruit_game/button.o
                0x0000000008005792                button_timer_polling
 .text.flash_wait_to_idle
                0x0000000008005808       0x32 build_fruit_game/flash.o
 .text.flash_set_write_enable.constprop.0
                0x000000000800583a       0x14 build_fruit_game/flash.o
 .text.flash_is_connected
                0x000000000800584e       0x22 build_fruit_game/flash.o
                0x000000000800584e                flash_is_connected
 .text.flash_read
                0x0000000008005870       0x5e build_fruit_game/flash.o
                0x0000000008005870                flash_read
 .text.flash_write
                0x00000000080058ce       0x6c build_fruit_game/flash.o
                0x00000000080058ce                flash_write
 .text.flash_erase_sector
                0x000000000800593a       0x48 build_fruit_game/flash.o
                0x000000000800593a                flash_erase_sector
 .text.flash_erase_block_64k
                0x0000000008005982       0x46 build_fruit_game/flash.o
                0x0000000008005982                flash_erase_block_64k
 .text.led_init
                0x00000000080059c8       0x20 build_fruit_game/led.o
                0x00000000080059c8                led_init
 .text.led_on   0x00000000080059e8        0xc build_fruit_game/led.o
                0x00000000080059e8                led_on
 .text.led_off  0x00000000080059f4        0xc build_fruit_game/led.o
                0x00000000080059f4                led_off
 .text.led_toggle
                0x0000000008005a00       0x12 build_fruit_game/led.o
                0x0000000008005a00                led_toggle
 *fill*         0x0000000008005a12        0x2 
 .text.BUZZER_Init
                0x0000000008005a14       0xe0 build_fruit_game/buzzer.o
                0x0000000008005a14                BUZZER_Init
 .text.BUZZER_Disable
                0x0000000008005af4       0x38 build_fruit_game/buzzer.o
                0x0000000008005af4                BUZZER_Disable
 .text.BUZZER_Enable
                0x0000000008005b2c       0x84 build_fruit_game/buzzer.o
                0x0000000008005b2c                BUZZER_Enable
 .text.buzzer_irq
                0x0000000008005bb0       0x98 build_fruit_game/buzzer.o
                0x0000000008005bb0                buzzer_irq
 .text.BUZZER_PlaySound
                0x0000000008005c48       0x44 build_fruit_game/buzzer.o
                0x0000000008005c48                BUZZER_PlaySound
 .text.BUZZER_Sleep
                0x0000000008005c8c       0x14 build_fruit_game/buzzer.o
                0x0000000008005c8c                BUZZER_Sleep
 .text.sys_dbg_cpu_dump
                0x0000000008005ca0       0x4c build_fruit_game/sys_dbg.o
                0x0000000008005ca0                sys_dbg_cpu_dump
 .text.sys_dbg_stack_space_dump
                0x0000000008005cec       0x30 build_fruit_game/sys_dbg.o
                0x0000000008005cec                sys_dbg_stack_space_dump
 .text.sys_dbg_fatal
                0x0000000008005d1c      0x3cc build_fruit_game/sys_dbg.o
                0x0000000008005d1c                sys_dbg_fatal
 .text.sys_boot_init
                0x00000000080060e8       0x14 build_fruit_game/sys_boot.o
                0x00000000080060e8                sys_boot_init
 .text.sys_boot_get
                0x00000000080060fc        0xc build_fruit_game/sys_boot.o
                0x00000000080060fc                sys_boot_get
 .text.sys_boot_set
                0x0000000008006108       0x34 build_fruit_game/sys_boot.o
                0x0000000008006108                sys_boot_set
 .text.GPIO_Init
                0x000000000800613c       0x78 build_fruit_game/stm32l1xx_gpio.o
                0x000000000800613c                GPIO_Init
 .text.GPIO_ReadInputDataBit
                0x00000000080061b4        0xc build_fruit_game/stm32l1xx_gpio.o
                0x00000000080061b4                GPIO_ReadInputDataBit
 .text.GPIO_SetBits
                0x00000000080061c0        0x4 build_fruit_game/stm32l1xx_gpio.o
                0x00000000080061c0                GPIO_SetBits
 .text.GPIO_ResetBits
                0x00000000080061c4        0x4 build_fruit_game/stm32l1xx_gpio.o
                0x00000000080061c4                GPIO_ResetBits
 .text.GPIO_PinAFConfig
                0x00000000080061c8       0x24 build_fruit_game/stm32l1xx_gpio.o
                0x00000000080061c8                GPIO_PinAFConfig
 .text.RCC_HSICmd
                0x00000000080061ec        0xc build_fruit_game/stm32l1xx_rcc.o
                0x00000000080061ec                RCC_HSICmd
 .text.RCC_GetClocksFreq
                0x00000000080061f8       0x9c build_fruit_game/stm32l1xx_rcc.o
                0x00000000080061f8                RCC_GetClocksFreq
 .text.RCC_AHBPeriphClockCmd
                0x0000000008006294       0x18 build_fruit_game/stm32l1xx_rcc.o
                0x0000000008006294                RCC_AHBPeriphClockCmd
 .text.RCC_APB2PeriphClockCmd
                0x00000000080062ac       0x18 build_fruit_game/stm32l1xx_rcc.o
                0x00000000080062ac                RCC_APB2PeriphClockCmd
 .text.RCC_APB1PeriphClockCmd
                0x00000000080062c4       0x18 build_fruit_game/stm32l1xx_rcc.o
                0x00000000080062c4                RCC_APB1PeriphClockCmd
 .text.RCC_APB2PeriphResetCmd
                0x00000000080062dc       0x18 build_fruit_game/stm32l1xx_rcc.o
                0x00000000080062dc                RCC_APB2PeriphResetCmd
 .text.RCC_APB1PeriphResetCmd
                0x00000000080062f4       0x18 build_fruit_game/stm32l1xx_rcc.o
                0x00000000080062f4                RCC_APB1PeriphResetCmd
 .text.RCC_GetFlagStatus
                0x000000000800630c       0x20 build_fruit_game/stm32l1xx_rcc.o
                0x000000000800630c                RCC_GetFlagStatus
 .text.USART_Init
                0x000000000800632c       0xa4 build_fruit_game/stm32l1xx_usart.o
                0x000000000800632c                USART_Init
 .text.USART_Cmd
                0x00000000080063d0       0x18 build_fruit_game/stm32l1xx_usart.o
                0x00000000080063d0                USART_Cmd
 .text.USART_SendData
                0x00000000080063e8        0x8 build_fruit_game/stm32l1xx_usart.o
                0x00000000080063e8                USART_SendData
 .text.USART_ReceiveData
                0x00000000080063f0        0x8 build_fruit_game/stm32l1xx_usart.o
                0x00000000080063f0                USART_ReceiveData
 .text.USART_ITConfig
                0x00000000080063f8       0x30 build_fruit_game/stm32l1xx_usart.o
                0x00000000080063f8                USART_ITConfig
 .text.USART_GetFlagStatus
                0x0000000008006428        0xc build_fruit_game/stm32l1xx_usart.o
                0x0000000008006428                USART_GetFlagStatus
 .text.USART_GetITStatus
                0x0000000008006434       0x3e build_fruit_game/stm32l1xx_usart.o
                0x0000000008006434                USART_GetITStatus
 .text.USART_ClearITPendingBit
                0x0000000008006472        0xe build_fruit_game/stm32l1xx_usart.o
                0x0000000008006472                USART_ClearITPendingBit
 .text.SPI_I2S_DeInit
                0x0000000008006480       0x64 build_fruit_game/stm32l1xx_spi.o
                0x0000000008006480                SPI_I2S_DeInit
 .text.SPI_Init
                0x00000000080064e4       0x3e build_fruit_game/stm32l1xx_spi.o
                0x00000000080064e4                SPI_Init
 .text.SPI_Cmd  0x0000000008006522       0x18 build_fruit_game/stm32l1xx_spi.o
                0x0000000008006522                SPI_Cmd
 .text.SPI_I2S_ReceiveData
                0x000000000800653a        0x6 build_fruit_game/stm32l1xx_spi.o
                0x000000000800653a                SPI_I2S_ReceiveData
 .text.SPI_I2S_SendData
                0x0000000008006540        0x4 build_fruit_game/stm32l1xx_spi.o
                0x0000000008006540                SPI_I2S_SendData
 .text.SPI_I2S_GetFlagStatus
                0x0000000008006544        0xc build_fruit_game/stm32l1xx_spi.o
                0x0000000008006544                SPI_I2S_GetFlagStatus
 .text.NVIC_PriorityGroupConfig
                0x0000000008006550       0x14 build_fruit_game/misc.o
                0x0000000008006550                NVIC_PriorityGroupConfig
 .text.NVIC_Init
                0x0000000008006564       0x58 build_fruit_game/misc.o
                0x0000000008006564                NVIC_Init
 .text.EXTI_GetFlagStatus
                0x00000000080065bc       0x14 build_fruit_game/stm32l1xx_exti.o
                0x00000000080065bc                EXTI_GetFlagStatus
 .text.EXTI_GetITStatus
                0x00000000080065d0        0x4 build_fruit_game/stm32l1xx_exti.o
                0x00000000080065d0                EXTI_GetITStatus
 .text.EXTI_ClearITPendingBit
                0x00000000080065d4        0xc build_fruit_game/stm32l1xx_exti.o
                0x00000000080065d4                EXTI_ClearITPendingBit
 .text.TIM_DeInit
                0x00000000080065e0       0xe4 build_fruit_game/stm32l1xx_tim.o
                0x00000000080065e0                TIM_DeInit
 .text.TIM_TimeBaseInit
                0x00000000080066c4       0x58 build_fruit_game/stm32l1xx_tim.o
                0x00000000080066c4                TIM_TimeBaseInit
 .text.TIM_ARRPreloadConfig
                0x000000000800671c       0x18 build_fruit_game/stm32l1xx_tim.o
                0x000000000800671c                TIM_ARRPreloadConfig
 .text.TIM_Cmd  0x0000000008006734       0x18 build_fruit_game/stm32l1xx_tim.o
                0x0000000008006734                TIM_Cmd
 .text.TIM_OC3Init
                0x000000000800674c       0x3c build_fruit_game/stm32l1xx_tim.o
                0x000000000800674c                TIM_OC3Init
 .text.TIM_OC3PreloadConfig
                0x0000000008006788       0x10 build_fruit_game/stm32l1xx_tim.o
                0x0000000008006788                TIM_OC3PreloadConfig
 .text.TIM_ITConfig
                0x0000000008006798       0x12 build_fruit_game/stm32l1xx_tim.o
                0x0000000008006798                TIM_ITConfig
 .text.TIM_GetITStatus
                0x00000000080067aa       0x16 build_fruit_game/stm32l1xx_tim.o
                0x00000000080067aa                TIM_GetITStatus
 .text.TIM_ClearITPendingBit
                0x00000000080067c0        0x8 build_fruit_game/stm32l1xx_tim.o
                0x00000000080067c0                TIM_ClearITPendingBit
 .text.ADC_Init
                0x00000000080067c8       0x4c build_fruit_game/stm32l1xx_adc.o
                0x00000000080067c8                ADC_Init
 .text.ADC_Cmd  0x0000000008006814       0x12 build_fruit_game/stm32l1xx_adc.o
                0x0000000008006814                ADC_Cmd
 *fill*         0x0000000008006826        0x2 
 .text.ADC_TempSensorVrefintCmd
                0x0000000008006828       0x18 build_fruit_game/stm32l1xx_adc.o
                0x0000000008006828                ADC_TempSensorVrefintCmd
 .text.ADC_RegularChannelConfig
                0x0000000008006840      0x104 build_fruit_game/stm32l1xx_adc.o
                0x0000000008006840                ADC_RegularChannelConfig
 .text.ADC_SoftwareStartConv
                0x0000000008006944        0xa build_fruit_game/stm32l1xx_adc.o
                0x0000000008006944                ADC_SoftwareStartConv
 .text.ADC_GetConversionValue
                0x000000000800694e        0x6 build_fruit_game/stm32l1xx_adc.o
                0x000000000800694e                ADC_GetConversionValue
 .text.ADC_GetFlagStatus
                0x0000000008006954        0xc build_fruit_game/stm32l1xx_adc.o
                0x0000000008006954                ADC_GetFlagStatus
 .text.PWR_UltraLowPowerCmd
                0x0000000008006960        0xc build_fruit_game/stm32l1xx_pwr.o
                0x0000000008006960                PWR_UltraLowPowerCmd
 .text.PWR_EnterSTOPMode
                0x000000000800696c       0x34 build_fruit_game/stm32l1xx_pwr.o
                0x000000000800696c                PWR_EnterSTOPMode
 .text.FLASH_Lock
                0x00000000080069a0       0x10 build_fruit_game/stm32l1xx_flash.o
                0x00000000080069a0                FLASH_Lock
 .text.DATA_EEPROM_Unlock
                0x00000000080069b0       0x20 build_fruit_game/stm32l1xx_flash.o
                0x00000000080069b0                DATA_EEPROM_Unlock
 .text.FLASH_Unlock
                0x00000000080069d0       0x2c build_fruit_game/stm32l1xx_flash.o
                0x00000000080069d0                FLASH_Unlock
 .text.DATA_EEPROM_Lock
                0x00000000080069fc       0x10 build_fruit_game/stm32l1xx_flash.o
                0x00000000080069fc                DATA_EEPROM_Lock
 .text.FLASH_OB_Unlock
                0x0000000008006a0c       0x2c build_fruit_game/stm32l1xx_flash.o
                0x0000000008006a0c                FLASH_OB_Unlock
 .text.FLASH_OB_Launch
                0x0000000008006a38       0x10 build_fruit_game/stm32l1xx_flash.o
                0x0000000008006a38                FLASH_OB_Launch
 .text.FLASH_OB_GetBOR
                0x0000000008006a48       0x10 build_fruit_game/stm32l1xx_flash.o
                0x0000000008006a48                FLASH_OB_GetBOR
 .text.FLASH_ClearFlag
                0x0000000008006a58        0xc build_fruit_game/stm32l1xx_flash.o
                0x0000000008006a58                FLASH_ClearFlag
 .text.FLASH_GetStatus
                0x0000000008006a64       0x28 build_fruit_game/stm32l1xx_flash.o
                0x0000000008006a64                FLASH_GetStatus
 .text.FLASH_WaitForLastOperation
                0x0000000008006a8c       0x3c build_fruit_game/stm32l1xx_flash.o
                0x0000000008006a8c                FLASH_WaitForLastOperation
 .text.FLASH_ErasePage
                0x0000000008006ac8       0x44 build_fruit_game/stm32l1xx_flash.o
                0x0000000008006ac8                FLASH_ErasePage
 .text.FLASH_FastProgramWord
                0x0000000008006b0c       0x22 build_fruit_game/stm32l1xx_flash.o
                0x0000000008006b0c                FLASH_FastProgramWord
 .text.DATA_EEPROM_EraseWord
                0x0000000008006b2e       0x16 build_fruit_game/stm32l1xx_flash.o
                0x0000000008006b2e                DATA_EEPROM_EraseWord
 .text.DATA_EEPROM_FastProgramWord
                0x0000000008006b44       0x30 build_fruit_game/stm32l1xx_flash.o
                0x0000000008006b44                DATA_EEPROM_FastProgramWord
 .text.DATA_EEPROM_ProgramByte
                0x0000000008006b74       0x4c build_fruit_game/stm32l1xx_flash.o
                0x0000000008006b74                DATA_EEPROM_ProgramByte
 .text.FLASH_OB_BORConfig
                0x0000000008006bc0       0x3c build_fruit_game/stm32l1xx_flash.o
                0x0000000008006bc0                FLASH_OB_BORConfig
 .text.IWDG_WriteAccessCmd
                0x0000000008006bfc        0xc build_fruit_game/stm32l1xx_iwdg.o
                0x0000000008006bfc                IWDG_WriteAccessCmd
 .text.IWDG_SetPrescaler
                0x0000000008006c08        0xc build_fruit_game/stm32l1xx_iwdg.o
                0x0000000008006c08                IWDG_SetPrescaler
 .text.IWDG_SetReload
                0x0000000008006c14        0xc build_fruit_game/stm32l1xx_iwdg.o
                0x0000000008006c14                IWDG_SetReload
 .text.IWDG_ReloadCounter
                0x0000000008006c20       0x10 build_fruit_game/stm32l1xx_iwdg.o
                0x0000000008006c20                IWDG_ReloadCounter
 .text.IWDG_Enable
                0x0000000008006c30       0x10 build_fruit_game/stm32l1xx_iwdg.o
                0x0000000008006c30                IWDG_Enable
 .text.I2C_SendData
                0x0000000008006c40        0x4 build_fruit_game/stm32l1xx_i2c.o
                0x0000000008006c40                I2C_SendData
 .text.I2C_CheckEvent
                0x0000000008006c44       0x18 build_fruit_game/stm32l1xx_i2c.o
                0x0000000008006c44                I2C_CheckEvent
 .text.disable_interrupts
                0x0000000008006c5c       0x10 build_fruit_game/platform.o
                0x0000000008006c5c                disable_interrupts
 .text.entry_critical
                0x0000000008006c6c       0x14 build_fruit_game/platform.o
                0x0000000008006c6c                entry_critical
 .text.exit_critical
                0x0000000008006c80       0x30 build_fruit_game/platform.o
                0x0000000008006c80                exit_critical
 .text.default_handler
                0x0000000008006cb0       0x1c build_fruit_game/system.o
                0x0000000008006cb0                svc_handler
                0x0000000008006cb0                default_handler
                0x0000000008006cb0                dg_monitor_handler
                0x0000000008006cb0                pendsv_handler
 .text.nmi_handler
                0x0000000008006ccc       0x1c build_fruit_game/system.o
                0x0000000008006ccc                nmi_handler
 .text.hard_fault_handler
                0x0000000008006ce8       0x1c build_fruit_game/system.o
                0x0000000008006ce8                hard_fault_handler
 .text.mem_manage_handler
                0x0000000008006d04       0x1c build_fruit_game/system.o
                0x0000000008006d04                mem_manage_handler
 .text.bus_fault_handler
                0x0000000008006d20       0x1c build_fruit_game/system.o
                0x0000000008006d20                bus_fault_handler
 .text.usage_fault_handler
                0x0000000008006d3c       0x1c build_fruit_game/system.o
                0x0000000008006d3c                usage_fault_handler
 .text.systick_handler
                0x0000000008006d58       0x40 build_fruit_game/system.o
                0x0000000008006d58                systick_handler
 .text.uart1_irq
                0x0000000008006d98       0x64 build_fruit_game/system.o
                0x0000000008006d98                uart1_irq
 .text.exti_line1_irq
                0x0000000008006dfc       0x1c build_fruit_game/system.o
                0x0000000008006dfc                exti_line1_irq
 .text.timer7_irq
                0x0000000008006e18       0x24 build_fruit_game/system.o
                0x0000000008006e18                timer7_irq
 .text.sys_ctrl_delay
                0x0000000008006e3c        0xc build_fruit_game/system.o
                0x0000000008006e3c                sys_ctrl_delay
 .text.sys_ctrl_millis
                0x0000000008006e48       0x1c build_fruit_game/system.o
                0x0000000008006e48                sys_ctrl_millis
 .text._init    0x0000000008006e64        0x2 build_fruit_game/system.o
                0x0000000008006e64                _init
 .text._fini    0x0000000008006e66        0x2 build_fruit_game/system.o
                0x0000000008006e66                _fini
 .text.sys_stack_count_init
                0x0000000008006e68       0x3c build_fruit_game/system.o
                0x0000000008006e68                sys_stack_count_init
 .text.reset_handler
                0x0000000008006ea4       0xc8 build_fruit_game/system.o
                0x0000000008006ea4                reset_handler
 .text.sys_stack_usage
                0x0000000008006f6c       0x20 build_fruit_game/system.o
                0x0000000008006f6c                sys_stack_usage
 .text.sys_stack_get_size
                0x0000000008006f8c        0xc build_fruit_game/system.o
                0x0000000008006f8c                sys_stack_get_size
 .text.sys_ctrl_shell_put_char_block
                0x0000000008006f98       0x2c build_fruit_game/sys_cfg.o
                0x0000000008006f98                sys_ctrl_shell_put_char_block
 .text.sys_cfg_clock
                0x0000000008006fc4       0x22 build_fruit_game/sys_cfg.o
                0x0000000008006fc4                sys_cfg_clock
 *fill*         0x0000000008006fe6        0x2 
 .text.sys_cfg_tick
                0x0000000008006fe8       0x50 build_fruit_game/sys_cfg.o
                0x0000000008006fe8                sys_cfg_tick
 .text.sys_cfg_svc
                0x0000000008007038       0x30 build_fruit_game/sys_cfg.o
                0x0000000008007038                sys_cfg_svc
 .text.sys_cfg_pendsv
                0x0000000008007068       0x34 build_fruit_game/sys_cfg.o
                0x0000000008007068                sys_cfg_pendsv
 .text.sys_cfg_update_info
                0x000000000800709c      0x108 build_fruit_game/sys_cfg.o
                0x000000000800709c                sys_cfg_update_info
 .text.sys_ctrl_shell_sw_to_block
                0x00000000080071a4       0x38 build_fruit_game/sys_cfg.o
                0x00000000080071a4                sys_ctrl_shell_sw_to_block
 .text.sys_cfg_console
                0x00000000080071dc       0xd8 build_fruit_game/sys_cfg.o
                0x00000000080071dc                sys_cfg_console
 .text.sys_ctrl_shell_get_char
                0x00000000080072b4       0x34 build_fruit_game/sys_cfg.o
                0x00000000080072b4                sys_ctrl_shell_get_char
 .text.sys_ctrl_reset
                0x00000000080072e8       0x20 build_fruit_game/sys_cfg.o
                0x00000000080072e8                sys_ctrl_reset
 .text.sys_ctrl_delay_us
                0x0000000008007308       0x58 build_fruit_game/sys_cfg.o
                0x0000000008007308                sys_ctrl_delay_us
 .text.sys_ctrl_delay_ms
                0x0000000008007360       0x1e build_fruit_game/sys_cfg.o
                0x0000000008007360                sys_ctrl_delay_ms
 *fill*         0x000000000800737e        0x2 
 .text.sys_ctr_stop_mcu
                0x0000000008007380       0xa8 build_fruit_game/sys_cfg.o
                0x0000000008007380                sys_ctr_stop_mcu
 .text.sys_ctrl_independent_watchdog_init
                0x0000000008007428       0x24 build_fruit_game/sys_cfg.o
                0x0000000008007428                sys_ctrl_independent_watchdog_init
 .text.sys_ctrl_independent_watchdog_reset
                0x000000000800744c       0x12 build_fruit_game/sys_cfg.o
                0x000000000800744c                sys_ctrl_independent_watchdog_reset
 *fill*         0x000000000800745e        0x2 
 .text.sys_ctrl_soft_watchdog_init
                0x0000000008007460       0x68 build_fruit_game/sys_cfg.o
                0x0000000008007460                sys_ctrl_soft_watchdog_init
 .text.sys_ctrl_soft_watchdog_reset
                0x00000000080074c8       0x18 build_fruit_game/sys_cfg.o
                0x00000000080074c8                sys_ctrl_soft_watchdog_reset
 .text.sys_ctrl_soft_watchdog_increase_counter
                0x00000000080074e0       0x40 build_fruit_game/sys_cfg.o
                0x00000000080074e0                sys_ctrl_soft_watchdog_increase_counter
 .text.sys_ctrl_get_firmware_info
                0x0000000008007520       0x40 build_fruit_game/sys_cfg.o
                0x0000000008007520                sys_ctrl_get_firmware_info
 .text.task_irq_io_entry_trigger
                0x0000000008007560        0x2 build_fruit_game/sys_cfg.o
                0x0000000008007560                task_irq_io_entry_trigger
 .text.task_irq_io_exit_trigger
                0x0000000008007562        0x2 build_fruit_game/sys_cfg.o
                0x0000000008007562                task_irq_io_exit_trigger
 .text.io_button_mode_init
                0x0000000008007564       0x28 build_fruit_game/io_cfg.o
                0x0000000008007564                io_button_mode_init
 .text.io_button_up_init
                0x000000000800758c       0x28 build_fruit_game/io_cfg.o
                0x000000000800758c                io_button_up_init
 .text.io_button_down_init
                0x00000000080075b4       0x28 build_fruit_game/io_cfg.o
                0x00000000080075b4                io_button_down_init
 .text.io_button_mode_read
                0x00000000080075dc        0xc build_fruit_game/io_cfg.o
                0x00000000080075dc                io_button_mode_read
 .text.io_button_up_read
                0x00000000080075e8       0x10 build_fruit_game/io_cfg.o
                0x00000000080075e8                io_button_up_read
 .text.io_button_down_read
                0x00000000080075f8        0xc build_fruit_game/io_cfg.o
                0x00000000080075f8                io_button_down_read
 .text.led_life_init
                0x0000000008007604       0x28 build_fruit_game/io_cfg.o
                0x0000000008007604                led_life_init
 .text.led_life_on
                0x000000000800762c       0x10 build_fruit_game/io_cfg.o
                0x000000000800762c                led_life_on
 .text.led_life_off
                0x000000000800763c       0x10 build_fruit_game/io_cfg.o
                0x000000000800763c                led_life_off
 .text.flash_io_ctrl_init
                0x000000000800764c       0x28 build_fruit_game/io_cfg.o
                0x000000000800764c                flash_io_ctrl_init
 .text.flash_cs_low
                0x0000000008007674       0x10 build_fruit_game/io_cfg.o
                0x0000000008007674                flash_cs_low
 .text.flash_cs_high
                0x0000000008007684       0x10 build_fruit_game/io_cfg.o
                0x0000000008007684                flash_cs_high
 .text.flash_transfer
                0x0000000008007694       0x98 build_fruit_game/io_cfg.o
                0x0000000008007694                flash_transfer
 .text.io_cfg_adc1
                0x000000000800772c       0x48 build_fruit_game/io_cfg.o
                0x000000000800772c                io_cfg_adc1
 .text.adc_bat_io_cfg
                0x0000000008007774       0x2c build_fruit_game/io_cfg.o
                0x0000000008007774                adc_bat_io_cfg
 .text.sys_ctr_get_vbat_voltage
                0x00000000080077a0       0x90 build_fruit_game/io_cfg.o
                0x00000000080077a0                sys_ctr_get_vbat_voltage
 .text.sys_ctr_get_mcu_temperature
                0x0000000008007830       0x6c build_fruit_game/io_cfg.o
                0x0000000008007830                sys_ctr_get_mcu_temperature
 .text.oled_clk_input_mode
                0x000000000800789c       0x28 build_fruit_game/io_cfg.o
                0x000000000800789c                oled_clk_input_mode
 .text.oled_clk_output_mode
                0x00000000080078c4       0x28 build_fruit_game/io_cfg.o
                0x00000000080078c4                oled_clk_output_mode
 .text.oled_clk_digital_write_low
                0x00000000080078ec       0x10 build_fruit_game/io_cfg.o
                0x00000000080078ec                oled_clk_digital_write_low
 .text.oled_clk_digital_write_high
                0x00000000080078fc       0x10 build_fruit_game/io_cfg.o
                0x00000000080078fc                oled_clk_digital_write_high
 .text.oled_data_input_mode
                0x000000000800790c       0x28 build_fruit_game/io_cfg.o
                0x000000000800790c                oled_data_input_mode
 .text.oled_data_output_mode
                0x0000000008007934       0x28 build_fruit_game/io_cfg.o
                0x0000000008007934                oled_data_output_mode
 .text.oled_data_digital_write_low
                0x000000000800795c       0x10 build_fruit_game/io_cfg.o
                0x000000000800795c                oled_data_digital_write_low
 .text.oled_data_digital_write_high
                0x000000000800796c       0x10 build_fruit_game/io_cfg.o
                0x000000000800796c                oled_data_digital_write_high
 .text.oled_res_input_mode
                0x000000000800797c       0x28 build_fruit_game/io_cfg.o
                0x000000000800797c                oled_res_input_mode
 .text.oled_res_output_mode
                0x00000000080079a4       0x28 build_fruit_game/io_cfg.o
                0x00000000080079a4                oled_res_output_mode
 .text.oled_res_digital_write_low
                0x00000000080079cc       0x10 build_fruit_game/io_cfg.o
                0x00000000080079cc                oled_res_digital_write_low
 .text.oled_res_digital_write_high
                0x00000000080079dc       0x10 build_fruit_game/io_cfg.o
                0x00000000080079dc                oled_res_digital_write_high
 .text.io_eeprom_read
                0x00000000080079ec       0x34 build_fruit_game/io_cfg.o
                0x00000000080079ec                io_eeprom_read
 .text.io_eeprom_write
                0x0000000008007a20       0x48 build_fruit_game/io_cfg.o
                0x0000000008007a20                io_eeprom_write
 .text.io_eeprom_erase
                0x0000000008007a68       0x4c build_fruit_game/io_cfg.o
                0x0000000008007a68                io_eeprom_erase
 .text.internal_flash_unlock
                0x0000000008007ab4       0x12 build_fruit_game/io_cfg.o
                0x0000000008007ab4                internal_flash_unlock
 .text.internal_flash_lock
                0x0000000008007ac6        0x4 build_fruit_game/io_cfg.o
                0x0000000008007ac6                internal_flash_lock
 .text.internal_flash_erase_pages_cal
                0x0000000008007aca       0x24 build_fruit_game/io_cfg.o
                0x0000000008007aca                internal_flash_erase_pages_cal
 .text.internal_flash_write_cal
                0x0000000008007aee       0x48 build_fruit_game/io_cfg.o
                0x0000000008007aee                internal_flash_write_cal
 *fill*         0x0000000008007b36        0x2 
 .text.io_uart2_cfg
                0x0000000008007b38       0xbc build_fruit_game/io_cfg.o
                0x0000000008007b38                io_uart2_cfg
 .text.SystemInit
                0x0000000008007bf4      0x114 build_fruit_game/system_stm32l1xx.o
                0x0000000008007bf4                SystemInit
 .text.SystemCoreClockUpdate
                0x0000000008007d08       0x88 build_fruit_game/system_stm32l1xx.o
                0x0000000008007d08                SystemCoreClockUpdate
 .text._ZL13view_scr_idlev
                0x0000000008007d90       0x34 build_fruit_game/scr_idle.o
 .text._ZL22scr_idle_return_screenv
                0x0000000008007dc4       0x24 build_fruit_game/scr_idle.o
 .text._ZN4ballC2Ev
                0x0000000008007de8       0x66 build_fruit_game/scr_idle.o
                0x0000000008007de8                ball::ball()
                0x0000000008007de8                ball::ball()
 *fill*         0x0000000008007e4e        0x2 
 .text._Z26scr_idle_set_return_screenPFvP8ak_msg_tEP13view_screen_t
                0x0000000008007e50       0x18 build_fruit_game/scr_idle.o
                0x0000000008007e50                scr_idle_set_return_screen(void (*)(ak_msg_t*), view_screen_t*)
 .text._ZNSt6vectorI4ballSaIS0_EE17_M_realloc_insertIJRKS0_EEEvN9__gnu_cxx17__normal_iteratorIPS0_S2_EEDpOT_
                0x0000000008007e68      0x110 build_fruit_game/scr_idle.o
                0x0000000008007e68                void std::vector<ball, std::allocator<ball> >::_M_realloc_insert<ball const&>(__gnu_cxx::__normal_iterator<ball*, std::vector<ball, std::allocator<ball> > >, ball const&)
 .text._ZNSt6vectorI4ballSaIS0_EE9push_backERKS0_
                0x0000000008007f78       0x2c build_fruit_game/scr_idle.o
                0x0000000008007f78                std::vector<ball, std::allocator<ball> >::push_back(ball const&)
 .text._Z15scr_idle_handleP8ak_msg_t
                0x0000000008007fa4      0x1a8 build_fruit_game/scr_idle.o
                0x0000000008007fa4                scr_idle_handle(ak_msg_t*)
 .text.startup._GLOBAL__sub_I_dyn_view_idle
                0x000000000800814c       0x10 build_fruit_game/scr_idle.o
 .text.exit._GLOBAL__sub_D_dyn_view_idle
                0x000000000800815c       0x10 build_fruit_game/scr_idle.o
 .text._ZL18view_scr_menu_gamev
                0x000000000800816c       0xb4 build_fruit_game/scr_menu_game.o
 .text._Z20scr_menu_game_handleP8ak_msg_t
                0x0000000008008220       0xc8 build_fruit_game/scr_menu_game.o
                0x0000000008008220                scr_menu_game_handle(ak_msg_t*)
 .text._ZL21view_scr_game_settingv
                0x00000000080082e8       0xd8 build_fruit_game/scr_game_setting.o
 .text._Z23scr_game_setting_handleP8ak_msg_t
                0x00000000080083c0       0xd4 build_fruit_game/scr_game_setting.o
                0x00000000080083c0                scr_game_setting_handle(ak_msg_t*)
 .text._ZL16view_scr_startupv
                0x0000000008008494      0x164 build_fruit_game/scr_startup.o
 .text._Z18scr_startup_handleP8ak_msg_t
                0x00000000080085f8      0x14c build_fruit_game/scr_startup.o
                0x00000000080085f8                scr_startup_handle(ak_msg_t*)
 .text._ZL20view_scr_charts_gamev
                0x0000000008008744      0x100 build_fruit_game/scr_charts_game.o
 .text._Z22scr_charts_game_handleP8ak_msg_t
                0x0000000008008844       0xb8 build_fruit_game/scr_charts_game.o
                0x0000000008008844                scr_charts_game_handle(ak_msg_t*)
 .text._Z23fruit_game_is_overlap_xssss
                0x00000000080088fc       0x16 build_fruit_game/scr_fruit_game.o
                0x00000000080088fc                fruit_game_is_overlap_x(short, short, short, short)
 *fill*         0x0000000008008912        0x2 
 .text._ZL19view_scr_fruit_gamev
                0x0000000008008914      0x19c build_fruit_game/scr_fruit_game.o
 .text._Z21scr_fruit_game_handleP8ak_msg_t
                0x0000000008008ab0      0x1bc build_fruit_game/scr_fruit_game.o
                0x0000000008008ab0                scr_fruit_game_handle(ak_msg_t*)
 .text._Z11basket_initv
                0x0000000008008c6c        0xc build_fruit_game/basket.o
                0x0000000008008c6c                basket_init()
 .text._Z11basket_leftv
                0x0000000008008c78       0x18 build_fruit_game/basket.o
                0x0000000008008c78                basket_left()
 .text._Z12basket_rightv
                0x0000000008008c90       0x18 build_fruit_game/basket.o
                0x0000000008008c90                basket_right()
 .text._Z12basket_get_xv
                0x0000000008008ca8        0xc build_fruit_game/basket.o
                0x0000000008008ca8                basket_get_x()
 .text._ZL12fruits_spawnv
                0x0000000008008cb4       0x30 build_fruit_game/fruits.o
 .text._Z11fruits_initv
                0x0000000008008ce4        0x4 build_fruit_game/fruits.o
                0x0000000008008ce4                fruits_init()
 .text._Z10fruits_getv
                0x0000000008008ce8        0x8 build_fruit_game/fruits.o
                0x0000000008008ce8                fruits_get()
 .text._Z17fruits_bitmap_geth
                0x0000000008008cf0        0xc build_fruit_game/fruits.o
                0x0000000008008cf0                fruits_bitmap_get(unsigned char)
 .text._Z13fruits_updatev
                0x0000000008008cfc       0xa8 build_fruit_game/fruits.o
                0x0000000008008cfc                fruits_update()
 .text._Z11task_systemP8ak_msg_t
                0x0000000008008da4       0x44 build_fruit_game/task_system.o
                0x0000000008008da4                task_system(ak_msg_t*)
 .text.ar_game_score_read
                0x0000000008008de8       0x54 build_fruit_game/app_eeprom.o
                0x0000000008008de8                ar_game_score_read
 .text.ar_game_score_write
                0x0000000008008e3c       0x40 build_fruit_game/app_eeprom.o
                0x0000000008008e3c                ar_game_score_write
 .text._Z27ar_game_setting_set_defaultP17ar_game_setting_t
                0x0000000008008e7c       0x12 build_fruit_game/app_eeprom.o
                0x0000000008008e7c                ar_game_setting_set_default(ar_game_setting_t*)
 *fill*         0x0000000008008e8e        0x2 
 .text.ar_game_setting_read
                0x0000000008008e90       0x54 build_fruit_game/app_eeprom.o
                0x0000000008008e90                ar_game_setting_read
 .text.ar_game_setting_write
                0x0000000008008ee4       0x44 build_fruit_game/app_eeprom.o
                0x0000000008008ee4                ar_game_setting_write
 .text.main_app
                0x0000000008008f28      0x1b0 build_fruit_game/app.o
                0x0000000008008f28                main_app
 .text._Z20task_polling_consolev
                0x00000000080090d8       0xd8 build_fruit_game/app.o
                0x00000000080090d8                task_polling_console()
 .text.sys_irq_timer_10ms
                0x00000000080091b0       0x24 build_fruit_game/app.o
                0x00000000080091b0                sys_irq_timer_10ms
 .text._Z17btn_mode_callbackPv
                0x00000000080091d4       0x70 build_fruit_game/app_bsp.o
                0x00000000080091d4                btn_mode_callback(void*)
 .text._Z15btn_up_callbackPv
                0x0000000008009244       0x70 build_fruit_game/app_bsp.o
                0x0000000008009244                btn_up_callback(void*)
 .text._Z17btn_down_callbackPv
                0x00000000080092b4       0x70 build_fruit_game/app_bsp.o
                0x00000000080092b4                btn_down_callback(void*)
 .text._ZL19str_parser_get_attrh
                0x0000000008009324       0x1c build_fruit_game/shell.o
 .text._Z9shell_psvPh
                0x0000000008009340       0x14 build_fruit_game/shell.o
                0x0000000008009340                shell_psv(unsigned char*)
 .text._Z11shell_resetPh
                0x0000000008009354       0x10 build_fruit_game/shell.o
                0x0000000008009354                shell_reset(unsigned char*)
 .text._Z10shell_helpPh
                0x0000000008009364       0x30 build_fruit_game/shell.o
                0x0000000008009364                shell_help(unsigned char*)
 .text._Z9shell_verPh
                0x0000000008009394      0x118 build_fruit_game/shell.o
                0x0000000008009394                shell_ver(unsigned char*)
 .text._Z12shell_rebootPh
                0x00000000080094ac       0x10 build_fruit_game/shell.o
                0x00000000080094ac                shell_reboot(unsigned char*)
 .text._ZL10str_parserPc
                0x00000000080094bc       0x60 build_fruit_game/shell.o
 .text._Z11shell_fatalPh
                0x000000000800951c      0x360 build_fruit_game/shell.o
                0x000000000800951c                shell_fatal(unsigned char*)
 .text._Z11shell_flashPh
                0x000000000800987c      0x170 build_fruit_game/shell.o
                0x000000000800987c                shell_flash(unsigned char*)
 .text._Z9shell_epsPh
                0x00000000080099ec       0xf0 build_fruit_game/shell.o
                0x00000000080099ec                shell_eps(unsigned char*)
 .text._Z9shell_dbgPh
                0x0000000008009adc       0x74 build_fruit_game/shell.o
                0x0000000008009adc                shell_dbg(unsigned char*)
 .text._Z9shell_ramPh
                0x0000000008009b50      0x240 build_fruit_game/shell.o
                0x0000000008009b50                shell_ram(unsigned char*)
 .text._Z10shell_bootPh
                0x0000000008009d90      0x104 build_fruit_game/shell.o
                0x0000000008009d90                shell_boot(unsigned char*)
 .text._Z9shell_fwuPh
                0x0000000008009e94       0x34 build_fruit_game/shell.o
                0x0000000008009e94                shell_fwu(unsigned char*)
 .text._Z12shell_buzzerPh
                0x0000000008009ec8      0x14c build_fruit_game/shell.o
                0x0000000008009ec8                shell_buzzer(unsigned char*)
 .text._Z9shell_lcdPh
                0x000000000800a014      0x21c build_fruit_game/shell.o
                0x000000000800a014                shell_lcd(unsigned char*)
 .text.sys_irq_shell
                0x000000000800a230       0x2c build_fruit_game/task_shell.o
                0x000000000800a230                sys_irq_shell
 .text._Z10task_shellP8ak_msg_t
                0x000000000800a25c       0x7c build_fruit_game/task_shell.o
                0x000000000800a25c                task_shell(ak_msg_t*)
 .text._Z9task_lifeP8ak_msg_t
                0x000000000800a2d8       0x20 build_fruit_game/task_life.o
                0x000000000800a2d8                task_life(ak_msg_t*)
 .text._Z7task_fwP8ak_msg_t
                0x000000000800a2f8      0x490 build_fruit_game/task_fw.o
                0x000000000800a2f8                task_fw(ak_msg_t*)
 .text._Z12task_displayP8ak_msg_t
                0x000000000800a788        0x4 build_fruit_game/task_display.o
                0x000000000800a788                task_display(ak_msg_t*)
 .text._Z7task_ifP8ak_msg_t
                0x000000000800a78c       0x98 build_fruit_game/task_if.o
                0x000000000800a78c                task_if(ak_msg_t*)
 .text._Z12task_uart_ifP8ak_msg_t
                0x000000000800a824       0xc0 build_fruit_game/task_uart_if.o
                0x000000000800a824                task_uart_if(ak_msg_t*)
 .text._ZL19view_render_dynamicPv
                0x000000000800a8e4        0xa build_fruit_game/view_render.o
 *fill*         0x000000000800a8ee        0x2 
 .text._Z22view_render_display_onv
                0x000000000800a8f0        0xc build_fruit_game/view_render.o
                0x000000000800a8f0                view_render_display_on()
 .text.startup._GLOBAL__sub_I_view_render
                0x000000000800a8fc        0xc build_fruit_game/view_render.o
 .text.exit._GLOBAL__sub_D_view_render
                0x000000000800a908        0xc build_fruit_game/view_render.o
 .text._Z18view_render_screenP13view_screen_t
                0x000000000800a914       0x68 build_fruit_game/view_render.o
                0x000000000800a914                view_render_screen(view_screen_t*)
 .text._ZL21view_render_rectanglePv
                0x000000000800a97c       0xe8 build_fruit_game/view_render.o
 .text._ZL21scr_mng_render_screenv
                0x000000000800aa64       0x44 build_fruit_game/screen_manager.o
 .text._Z12scr_mng_ctorP9scr_mng_tPFvP8ak_msg_tEP13view_screen_t
                0x000000000800aaa8       0x20 build_fruit_game/screen_manager.o
                0x000000000800aaa8                scr_mng_ctor(scr_mng_t*, void (*)(ak_msg_t*), view_screen_t*)
 .text._Z16scr_mng_dispatchP8ak_msg_t
                0x000000000800aac8       0x30 build_fruit_game/screen_manager.o
                0x000000000800aac8                scr_mng_dispatch(ak_msg_t*)
 .text._Z12scr_mng_tranPFvP8ak_msg_tEP13view_screen_t
                0x000000000800aaf8       0x40 build_fruit_game/screen_manager.o
                0x000000000800aaf8                scr_mng_tran(void (*)(ak_msg_t*), view_screen_t*)
 .text._ZN12Adafruit_GFX8drawLineEsssst
                0x000000000800ab38       0xbe build_fruit_game/Adafruit_GFX.o
                0x000000000800ab38                Adafruit_GFX::drawLine(short, short, short, short, unsigned short)
 .text._ZN12Adafruit_GFX8drawRectEsssst
                0x000000000800abf6       0x68 build_fruit_game/Adafruit_GFX.o
                0x000000000800abf6                Adafruit_GFX::drawRect(short, short, short, short, unsigned short)
 .text._ZN12Adafruit_GFX13drawFastVLineEssst
                0x000000000800ac5e       0x1c build_fruit_game/Adafruit_GFX.o
                0x000000000800ac5e                Adafruit_GFX::drawFastVLine(short, short, short, unsigned short)
 .text._ZN12Adafruit_GFX13drawFastHLineEssst
                0x000000000800ac7a       0x1a build_fruit_game/Adafruit_GFX.o
                0x000000000800ac7a                Adafruit_GFX::drawFastHLine(short, short, short, unsigned short)
 .text._ZN12Adafruit_GFX8fillRectEsssst
                0x000000000800ac94       0x38 build_fruit_game/Adafruit_GFX.o
                0x000000000800ac94                Adafruit_GFX::fillRect(short, short, short, short, unsigned short)
 .text._ZN12Adafruit_GFX10fillScreenEt
                0x000000000800accc       0x1c build_fruit_game/Adafruit_GFX.o
                0x000000000800accc                Adafruit_GFX::fillScreen(unsigned short)
 .text._ZN12Adafruit_GFXC2Ess
                0x000000000800ace8       0x28 build_fruit_game/Adafruit_GFX.o
                0x000000000800ace8                Adafruit_GFX::Adafruit_GFX(short, short)
                0x000000000800ace8                Adafruit_GFX::Adafruit_GFX(short, short)
 .text._ZN12Adafruit_GFX10drawCircleEssst
                0x000000000800ad10      0x172 build_fruit_game/Adafruit_GFX.o
                0x000000000800ad10                Adafruit_GFX::drawCircle(short, short, short, unsigned short)
 .text._ZN12Adafruit_GFX16fillCircleHelperEssshst
                0x000000000800ae82      0x124 build_fruit_game/Adafruit_GFX.o
                0x000000000800ae82                Adafruit_GFX::fillCircleHelper(short, short, short, unsigned char, short, unsigned short)
 .text._ZN12Adafruit_GFX13fillRoundRectEssssst
                0x000000000800afa6       0x88 build_fruit_game/Adafruit_GFX.o
                0x000000000800afa6                Adafruit_GFX::fillRoundRect(short, short, short, short, short, unsigned short)
 .text._ZN12Adafruit_GFX10drawBitmapEssPKhsst
                0x000000000800b02e       0x92 build_fruit_game/Adafruit_GFX.o
                0x000000000800b02e                Adafruit_GFX::drawBitmap(short, short, unsigned char const*, short, short, unsigned short)
 .text._ZN12Adafruit_GFX8drawCharEsshtth
                0x000000000800b0c0      0x108 build_fruit_game/Adafruit_GFX.o
                0x000000000800b0c0                Adafruit_GFX::drawChar(short, short, unsigned char, unsigned short, unsigned short, unsigned char)
 .text._ZN12Adafruit_GFX5writeEh
                0x000000000800b1c8       0x64 build_fruit_game/Adafruit_GFX.o
                0x000000000800b1c8                Adafruit_GFX::write(unsigned char)
 .text._ZN12Adafruit_GFX9setCursorEss
                0x000000000800b22c        0x6 build_fruit_game/Adafruit_GFX.o
                0x000000000800b22c                Adafruit_GFX::setCursor(short, short)
 .text._ZN12Adafruit_GFX11setTextSizeEh
                0x000000000800b232        0xa build_fruit_game/Adafruit_GFX.o
                0x000000000800b232                Adafruit_GFX::setTextSize(unsigned char)
 .text._ZN12Adafruit_GFX12setTextColorEt
                0x000000000800b23c        0x6 build_fruit_game/Adafruit_GFX.o
                0x000000000800b23c                Adafruit_GFX::setTextColor(unsigned short)
 .text._ZN12Adafruit_GFX5widthEv
                0x000000000800b242        0x6 build_fruit_game/Adafruit_GFX.o
                0x000000000800b242                Adafruit_GFX::width()
 .text._ZN12Adafruit_GFX6heightEv
                0x000000000800b248        0x6 build_fruit_game/Adafruit_GFX.o
                0x000000000800b248                Adafruit_GFX::height()
 .text._ZN17Adafruit_oled_drv9updateRowEii
                0x000000000800b24e       0x1e build_fruit_game/Adafruit_oled_drv.o
                0x000000000800b24e                Adafruit_oled_drv::updateRow(int, int)
 .text._ZN17Adafruit_oled_drv9drawPixelEsst
                0x000000000800b26c       0x52 build_fruit_game/Adafruit_oled_drv.o
                0x000000000800b26c                Adafruit_oled_drv::drawPixel(short, short, unsigned short)
 *fill*         0x000000000800b2be        0x2 
 .text._ZN17Adafruit_oled_drvC2Ev
                0x000000000800b2c0       0x28 build_fruit_game/Adafruit_oled_drv.o
                0x000000000800b2c0                Adafruit_oled_drv::Adafruit_oled_drv()
                0x000000000800b2c0                Adafruit_oled_drv::Adafruit_oled_drv()
 .text._ZN17Adafruit_oled_drvD2Ev
                0x000000000800b2e8        0x2 build_fruit_game/Adafruit_oled_drv.o
                0x000000000800b2e8                Adafruit_oled_drv::~Adafruit_oled_drv()
                0x000000000800b2e8                Adafruit_oled_drv::~Adafruit_oled_drv()
 .text._ZN17Adafruit_oled_drv5clearEb
                0x000000000800b2ea       0x22 build_fruit_game/Adafruit_oled_drv.o
                0x000000000800b2ea                Adafruit_oled_drv::clear(bool)
 .text._ZNK17Adafruit_oled_drv14getFrameBufferEv
                0x000000000800b30c        0x4 build_fruit_game/Adafruit_oled_drv.o
                0x000000000800b30c                Adafruit_oled_drv::getFrameBuffer() const
 .text._ZNK17Adafruit_oled_drv18getFrameBufferSizeEv
                0x000000000800b310        0x6 build_fruit_game/Adafruit_oled_drv.o
                0x000000000800b310                Adafruit_oled_drv::getFrameBufferSize() const
 .text._ZN17Adafruit_oled_drv9writeByteEh
                0x000000000800b316       0x54 build_fruit_game/Adafruit_oled_drv.o
                0x000000000800b316                Adafruit_oled_drv::writeByte(unsigned char)
 .text._ZN17Adafruit_oled_drv8startIICEv
                0x000000000800b36a       0x2c build_fruit_game/Adafruit_oled_drv.o
                0x000000000800b36a                Adafruit_oled_drv::startIIC()
 .text._ZN17Adafruit_oled_drv7stopIICEv
                0x000000000800b396       0x2c build_fruit_game/Adafruit_oled_drv.o
                0x000000000800b396                Adafruit_oled_drv::stopIIC()
 .text._ZN17Adafruit_oled_drv12writeCommandEh
                0x000000000800b3c2       0x2c build_fruit_game/Adafruit_oled_drv.o
                0x000000000800b3c2                Adafruit_oled_drv::writeCommand(unsigned char)
 *fill*         0x000000000800b3ee        0x2 
 .text._ZN17Adafruit_oled_drv10initializeEv
                0x000000000800b3f0      0x120 build_fruit_game/Adafruit_oled_drv.o
                0x000000000800b3f0                Adafruit_oled_drv::initialize()
 .text._ZN17Adafruit_oled_drv10display_onEv
                0x000000000800b510        0x6 build_fruit_game/Adafruit_oled_drv.o
                0x000000000800b510                Adafruit_oled_drv::display_on()
 .text._ZN17Adafruit_oled_drv11display_offEv
                0x000000000800b516        0x6 build_fruit_game/Adafruit_oled_drv.o
                0x000000000800b516                Adafruit_oled_drv::display_off()
 .text._ZN17Adafruit_oled_drv17startDataSequenceEv
                0x000000000800b51c       0x1c build_fruit_game/Adafruit_oled_drv.o
                0x000000000800b51c                Adafruit_oled_drv::startDataSequence()
 .text._ZN17Adafruit_oled_drv6updateEv
                0x000000000800b538       0x70 build_fruit_game/Adafruit_oled_drv.o
                0x000000000800b538                Adafruit_oled_drv::update()
 .text._ZN17Adafruit_oled_drv9updateRowEi
                0x000000000800b5a8       0x6c build_fruit_game/Adafruit_oled_drv.o
                0x000000000800b5a8                Adafruit_oled_drv::updateRow(int)
 .text.eeprom_read
                0x000000000800b614        0x4 build_fruit_game/eeprom.o
                0x000000000800b614                eeprom_read
 .text.eeprom_write
                0x000000000800b618        0x4 build_fruit_game/eeprom.o
                0x000000000800b618                eeprom_write
 .text.eeprom_erase
                0x000000000800b61c        0x4 build_fruit_game/eeprom.o
                0x000000000800b61c                eeprom_erase
 .text._ZL19link_hal_write_byteh
                0x000000000800b620        0x2 build_fruit_game/link_hal.o
 .text._ZL17link_hal_rev_byteh
                0x000000000800b622        0x4 build_fruit_game/link_hal.o
 *fill*         0x000000000800b626        0x2 
 .text._Z23link_hal_reg_write_bytePFhhE
                0x000000000800b628       0x28 build_fruit_game/link_hal.o
                0x000000000800b628                link_hal_reg_write_byte(unsigned char (*)(unsigned char))
 .text._Z21link_hal_reg_rev_bytePFhhE
                0x000000000800b650       0x28 build_fruit_game/link_hal.o
                0x000000000800b650                link_hal_reg_rev_byte(unsigned char (*)(unsigned char))
 .text._ZL21fsm_link_state_handleP8ak_msg_t
                0x000000000800b678      0x2b0 build_fruit_game/link.o
 .text._ZL19fsm_link_state_initP8ak_msg_t
                0x000000000800b928       0x80 build_fruit_game/link.o
 .text._Z9task_linkP8ak_msg_t
                0x000000000800b9a8        0xc build_fruit_game/link.o
                0x000000000800b9a8                task_link(ak_msg_t*)
 .text._Z23link_init_state_machinev
                0x000000000800b9b4       0x2c build_fruit_game/link.o
                0x000000000800b9b4                link_init_state_machine()
 .text._ZL23link_mac_frame_send_reqv
                0x000000000800b9e0       0x3c build_fruit_game/link_mac.o
 .text._ZL23link_mac_frame_send_endv
                0x000000000800ba1c       0x34 build_fruit_game/link_mac.o
 .text._ZL28link_mac_frame_cals_checksumP16link_mac_frame_t.constprop.0
                0x000000000800ba50       0x38 build_fruit_game/link_mac.o
 .text._Z25fsm_link_mac_state_handleP8ak_msg_t
                0x000000000800ba88      0x2b8 build_fruit_game/link_mac.o
                0x000000000800ba88                fsm_link_mac_state_handle(ak_msg_t*)
 .text._Z13task_link_macP8ak_msg_t
                0x000000000800bd40        0xc build_fruit_game/link_mac.o
                0x000000000800bd40                task_link_mac(ak_msg_t*)
 .text._Z23fsm_link_mac_state_initP8ak_msg_t
                0x000000000800bd4c       0x88 build_fruit_game/link_mac.o
                0x000000000800bd4c                fsm_link_mac_state_init(ak_msg_t*)
 .text._ZL26link_phy_frame_write_blockPhm
                0x000000000800bdd4       0x1c build_fruit_game/link_phy.o
 .text._ZL20link_phy_frame_writeP16link_phy_frame_t
                0x000000000800bdf0       0x1c build_fruit_game/link_phy.o
 .text._ZL28link_phy_frame_cals_checksumP16link_phy_frame_t
                0x000000000800be0c       0x38 build_fruit_game/link_phy.o
 .text._ZL25link_phy_frame_write_byteh
                0x000000000800be44        0xc build_fruit_game/link_phy.o
 .text._ZL26ac_link_phy_frame_rev_byteh
                0x000000000800be50      0x100 build_fruit_game/link_phy.o
 .text._ZL19link_phy_frame_sendv
                0x000000000800bf50       0x2c build_fruit_game/link_phy.o
 .text._Z25fsm_link_phy_state_handleP8ak_msg_t
                0x000000000800bf7c      0x1f0 build_fruit_game/link_phy.o
                0x000000000800bf7c                fsm_link_phy_state_handle(ak_msg_t*)
 .text._Z13task_link_phyP8ak_msg_t
                0x000000000800c16c        0xc build_fruit_game/link_phy.o
                0x000000000800c16c                task_link_phy(ak_msg_t*)
 .text._Z23fsm_link_phy_state_initP8ak_msg_t
                0x000000000800c178       0x90 build_fruit_game/link_phy.o
                0x000000000800c178                fsm_link_phy_state_init(ak_msg_t*)
 .text._Z26link_phy_get_send_frame_tov
                0x000000000800c208       0x10 build_fruit_game/link_phy.o
                0x000000000800c208                link_phy_get_send_frame_to()
 .text._Z13link_pdu_initv
                0x000000000800c218       0x54 build_fruit_game/link_data.o
                0x000000000800c218                link_pdu_init()
 .text._Z15link_pdu_mallocv
                0x000000000800c26c       0x24 build_fruit_game/link_data.o
                0x000000000800c26c                link_pdu_malloc()
 .text._Z12link_pdu_getm
                0x000000000800c290       0x3c build_fruit_game/link_data.o
                0x000000000800c290                link_pdu_get(unsigned long)
 .text._Z13link_pdu_freem
                0x000000000800c2cc       0x4c build_fruit_game/link_data.o
                0x000000000800c2cc                link_pdu_free(unsigned long)
 .text._Z17link_get_src_addrv
                0x000000000800c318       0x18 build_fruit_game/link_data.o
                0x000000000800c318                link_get_src_addr()
 .text._Z17link_get_des_addrv
                0x000000000800c330       0x18 build_fruit_game/link_data.o
                0x000000000800c330                link_get_des_addr()
 .text._Z7pinModehh
                0x000000000800c348       0x84 build_fruit_game/wiring_digital.o
                0x000000000800c348                pinMode(unsigned char, unsigned char)
 .text._Z12digitalWritehh
                0x000000000800c3cc       0x78 build_fruit_game/wiring_digital.o
                0x000000000800c3cc                digitalWrite(unsigned char, unsigned char)
 .text._ZN5Print5writeEPKhj
                0x000000000800c444       0x22 build_fruit_game/Print.o
                0x000000000800c444                Print::write(unsigned char const*, unsigned int)
 .text._ZN5Print5writeEPKc
                0x000000000800c466       0x20 build_fruit_game/Print.o
                0x000000000800c466                Print::write(char const*)
 .text._ZN5Print5printEPKc
                0x000000000800c486        0x8 build_fruit_game/Print.o
                0x000000000800c486                Print::print(char const*)
 .text._ZN5Print5printEc
                0x000000000800c48e        0x6 build_fruit_game/Print.o
                0x000000000800c48e                Print::print(char)
 .text._ZN5Print11printNumberEmh
                0x000000000800c494       0x3a build_fruit_game/Print.o
                0x000000000800c494                Print::printNumber(unsigned long, unsigned char)
 .text._ZN5Print5printEli.part.0
                0x000000000800c4ce       0x28 build_fruit_game/Print.o
 .text._ZN5Print5printEli
                0x000000000800c4f6       0x20 build_fruit_game/Print.o
                0x000000000800c4f6                Print::print(long, int)
 .text._ZN5Print5printEii
                0x000000000800c516        0x4 build_fruit_game/Print.o
                0x000000000800c516                Print::print(int, int)
 .text._ZN5Print5printEmi
                0x000000000800c51a       0x16 build_fruit_game/Print.o
                0x000000000800c51a                Print::print(unsigned long, int)
 .text._ZN5Print5printEhi
                0x000000000800c530        0x4 build_fruit_game/Print.o
                0x000000000800c530                Print::print(unsigned char, int)
 .text._ZN14HardwareSerial9availableEv
                0x000000000800c534        0xa build_fruit_game/HardwareSerial.o
                0x000000000800c534                HardwareSerial::available()
 .text._ZN14HardwareSerial4peekEv
                0x000000000800c53e       0x14 build_fruit_game/HardwareSerial.o
                0x000000000800c53e                HardwareSerial::peek()
 .text._ZN14HardwareSerial4readEv
                0x000000000800c552       0x20 build_fruit_game/HardwareSerial.o
                0x000000000800c552                HardwareSerial::read()
 .text._ZN14HardwareSerial5flushEv
                0x000000000800c572        0x2 build_fruit_game/HardwareSerial.o
                0x000000000800c572                HardwareSerial::flush()
 .text._ZN14HardwareSerial17availableForWriteEv
                0x000000000800c574       0x26 build_fruit_game/HardwareSerial.o
                0x000000000800c574                HardwareSerial::availableForWrite()
 .text._ZN14HardwareSerial5writeEh
                0x000000000800c59a       0x30 build_fruit_game/HardwareSerial.o
                0x000000000800c59a                HardwareSerial::write(unsigned char)
 *fill*         0x000000000800c5ca        0x2 
 .text._ZL20serial2_trigger_putcv
                0x000000000800c5cc       0x10 build_fruit_game/HardwareSerial2.o
 .text.startup._GLOBAL__sub_I_Serial2
                0x000000000800c5dc       0x34 build_fruit_game/HardwareSerial2.o
 .text._ZN8SPIClass9io_configEv
                0x000000000800c610       0x68 build_fruit_game/SPI.o
                0x000000000800c610                SPIClass::io_config()
 .text._ZN8SPIClass5beginEv
                0x000000000800c678       0xd0 build_fruit_game/SPI.o
                0x000000000800c678                SPIClass::begin()
 .text.startup._GLOBAL__sub_I__ZN8SPIClassC2Ev
                0x000000000800c748       0x14 build_fruit_game/SPI.o
 .text._ZN7TwoWire9availableEv
                0x000000000800c75c       0x14 build_fruit_game/Wire.o
                0x000000000800c75c                TwoWire::available()
 .text._ZN7TwoWire4readEv
                0x000000000800c770       0x28 build_fruit_game/Wire.o
                0x000000000800c770                TwoWire::read()
 .text._ZN7TwoWire4peekEv
                0x000000000800c798       0x24 build_fruit_game/Wire.o
                0x000000000800c798                TwoWire::peek()
 .text._ZN7TwoWire5flushEv
                0x000000000800c7bc        0x2 build_fruit_game/Wire.o
                0x000000000800c7bc                TwoWire::flush()
 *fill*         0x000000000800c7be        0x2 
 .text._ZN7TwoWire5writeEh
                0x000000000800c7c0       0x54 build_fruit_game/Wire.o
                0x000000000800c7c0                TwoWire::write(unsigned char)
 .text._ZN7TwoWire5writeEPKhj
                0x000000000800c814       0x34 build_fruit_game/Wire.o
                0x000000000800c814                TwoWire::write(unsigned char const*, unsigned int)
 .text.startup._GLOBAL__sub_I__ZN7TwoWire8rxBufferE
                0x000000000800c848       0x1c build_fruit_game/Wire.o
 .text._Z12twi_transmitPKhh
                0x000000000800c864       0x44 build_fruit_game/twi.o
                0x000000000800c864                twi_transmit(unsigned char const*, unsigned char)
 .text.__cxa_pure_virtual
                0x000000000800c8a8       0x1c build_fruit_game/mini_cpp.o
                0x000000000800c8a8                __cxa_pure_virtual
 .text._Znwj    0x000000000800c8c4        0x4 build_fruit_game/mini_cpp.o
                0x000000000800c8c4                operator new(unsigned int)
 .text._ZdlPv   0x000000000800c8c8        0x4 build_fruit_game/mini_cpp.o
                0x000000000800c8c8                operator delete(void*)
 .text._sbrk    0x000000000800c8cc       0x1c build_fruit_game/mini_cpp.o
                0x000000000800c8cc                _sbrk
 .text.malloc   0x000000000800c8e8       0x10 /home/josef/tools/gcc-arm-none-eabi-10.3-2021.10/arm-none-eabi/lib/thumb/v7-m/nofp/libc.a(lib_a-malloc.o)
                0x000000000800c8e8                malloc
 .text.free     0x000000000800c8f8       0x10 /home/josef/tools/gcc-arm-none-eabi-10.3-2021.10/arm-none-eabi/lib/thumb/v7-m/nofp/libc.a(lib_a-malloc.o)
                0x000000000800c8f8                free
 .text._malloc_r
                0x000000000800c908      0x558 /home/josef/tools/gcc-arm-none-eabi-10.3-2021.10/arm-none-eabi/lib/thumb/v7-m/nofp/libc.a(lib_a-mallocr.o)
                0x000000000800c908                _malloc_r
 .text.memcmp   0x000000000800ce60       0x68 /home/josef/tools/gcc-arm-none-eabi-10.3-2021.10/arm-none-eabi/lib/thumb/v7-m/nofp/libc.a(lib_a-memcmp.o)
                0x000000000800ce60                memcmp
 .text.memset   0x000000000800cec8       0xa4 /home/josef/tools/gcc-arm-none-eabi-10.3-2021.10/arm-none-eabi/lib/thumb/v7-m/nofp/libc.a(lib_a-memset.o)
                0x000000000800cec8                memset
 .text.__malloc_lock
                0x000000000800cf6c        0xc /home/josef/tools/gcc-arm-none-eabi-10.3-2021.10/arm-none-eabi/lib/thumb/v7-m/nofp/libc.a(lib_a-mlock.o)
                0x000000000800cf6c                __malloc_lock
 .text.__malloc_unlock
                0x000000000800cf78        0xc /home/josef/tools/gcc-arm-none-eabi-10.3-2021.10/arm-none-eabi/lib/thumb/v7-m/nofp/libc.a(lib_a-mlock.o)
                0x000000000800cf78                __malloc_unlock
 .text.rand     0x000000000800cf84       0x38 /home/josef/tools/gcc-arm-none-eabi-10.3-2021.10/arm-none-eabi/lib/thumb/v7-m/nofp/libc.a(lib_a-rand.o)
                0x000000000800cf84                rand
 .text._sbrk_r  0x000000000800cfbc       0x24 /home/josef/tools/gcc-arm-none-eabi-10.3-2021.10/arm-none-eabi/lib/thumb/v7-m/nofp/libc.a(lib_a-sbrkr.o)
                0x000000000800cfbc                _sbrk_r
 .text.strcpy   0x000000000800cfe0       0xbc /home/josef/tools/gcc-arm-none-eabi-10.3-2021.10/arm-none-eabi/lib/thumb/v7-m/nofp/libc.a(lib_a-strcpy.o)
                0x000000000800cfe0                strcpy
 .text.strlen   0x000000000800d09c       0x5c /home/josef/tools/gcc-arm-none-eabi-10.3-2021.10/arm-none-eabi/lib/thumb/v7-m/nofp/libc.a(lib_a-strlen-stub.o)
                0x000000000800d09c                strlen
 .text._strtol_l.part.0
                0x000000000800d0f8      0x120 /home/josef/tools/gcc-arm-none-eabi-10.3-2021.10/arm-none-eabi/lib/thumb/v7-m/nofp/libc.a(lib_a-strtol.o)
 .text.strtol   0x000000000800d218       0x2c /home/josef/tools/gcc-arm-none-eabi-10.3-2021.10/arm-none-eabi/lib/thumb/v7-m/nofp/libc.a(lib_a-strtol.o)
                0x000000000800d218                strtol
 .text.__errno  0x000000000800d244        0xc /home/josef/tools/gcc-arm-none-eabi-10.3-2021.10/arm-none-eabi/lib/thumb/v7-m/nofp/libc.a(lib_a-errno.o)
                0x000000000800d244                __errno
 .text._malloc_trim_r
                0x000000000800d250       0xa0 /home/josef/tools/gcc-arm-none-eabi-10.3-2021.10/arm-none-eabi/lib/thumb/v7-m/nofp/libc.a(lib_a-freer.o)
                0x000000000800d250                _malloc_trim_r
 .text._free_r  0x000000000800d2f0      0x200 /home/josef/tools/gcc-arm-none-eabi-10.3-2021.10/arm-none-eabi/lib/thumb/v7-m/nofp/libc.a(lib_a-freer.o)
                0x000000000800d2f0                _free_r
 .text.__retarget_lock_acquire_recursive
                0x000000000800d4f0        0x4 /home/josef/tools/gcc-arm-none-eabi-10.3-2021.10/arm-none-eabi/lib/thumb/v7-m/nofp/libc.a(lib_a-lock.o)
                0x000000000800d4f0                __retarget_lock_acquire_recursive
 .text.__retarget_lock_release_recursive
                0x000000000800d4f4        0x4 /home/josef/tools/gcc-arm-none-eabi-10.3-2021.10/arm-none-eabi/lib/thumb/v7-m/nofp/libc.a(lib_a-lock.o)
                0x000000000800d4f4                __retarget_lock_release_recursive
 .text.abort    0x000000000800d4f8       0x10 /home/josef/tools/gcc-arm-none-eabi-10.3-2021.10/arm-none-eabi/lib/thumb/v7-m/nofp/libc.a(lib_a-abort.o)
                0x000000000800d4f8                abort
 .text.raise    0x000000000800d508       0x5c /home/josef/tools/gcc-arm-none-eabi-10.3-2021.10/arm-none-eabi/lib/thumb/v7-m/nofp/libc.a(lib_a-signal.o)
                0x000000000800d508                raise
 .text._kill_r  0x000000000800d564       0x28 /home/josef/tools/gcc-arm-none-eabi-10.3-2021.10/arm-none-eabi/lib/thumb/v7-m/nofp/libc.a(lib_a-signalr.o)
                0x000000000800d564                _kill_r
 .text._getpid_r
                0x000000000800d58c        0x4 /home/josef/tools/gcc-arm-none-eabi-10.3-2021.10/arm-none-eabi/lib/thumb/v7-m/nofp/libc.a(lib_a-signalr.o)
                0x000000000800d58c                _getpid_r
 .text.atan     0x000000000800d590      0x31c /home/josef/tools/gcc-arm-none-eabi-10.3-2021.10/arm-none-eabi/lib/thumb/v7-m/nofp/libm.a(lib_a-s_atan.o)
                0x000000000800d590                atan
 .text.fabs     0x000000000800d8ac        0x8 /home/josef/tools/gcc-arm-none-eabi-10.3-2021.10/arm-none-eabi/lib/thumb/v7-m/nofp/libm.a(lib_a-s_fabs.o)
                0x000000000800d8ac                fabs
 .text.unlikely._ZSt20__throw_length_errorPKc
                0x000000000800d8b4        0x6 /home/josef/tools/gcc-arm-none-eabi-10.3-2021.10/arm-none-eabi/lib/thumb/v7-m/nofp/libstdc++_nano.a(functexcept.o)
                0x000000000800d8b4                std::__throw_length_error(char const*)
 *fill*         0x000000000800d8ba        0x2 
 .text._getpid  0x000000000800d8bc        0x4 /home/josef/tools/gcc-arm-none-eabi-10.3-2021.10/arm-none-eabi/lib/thumb/v7-m/nofp/librdpmon.a(syscalls.o)
                0x000000000800d8bc                _getpid
 .text._exit    0x000000000800d8c0       0x14 /home/josef/tools/gcc-arm-none-eabi-10.3-2021.10/arm-none-eabi/lib/thumb/v7-m/nofp/librdpmon.a(_exit.o)
                0x000000000800d8c0                _exit
 .text._kill    0x000000000800d8d4        0x4 /home/josef/tools/gcc-arm-none-eabi-10.3-2021.10/arm-none-eabi/lib/thumb/v7-m/nofp/librdpmon.a(_kill.o)
                0x000000000800d8d4                _kill
 .text._kill_shared
                0x000000000800d8d8        0x4 /home/josef/tools/gcc-arm-none-eabi-10.3-2021.10/arm-none-eabi/lib/thumb/v7-m/nofp/librdpmon.a(_kill.o)
                0x000000000800d8d8                _kill_shared
 *(.rodata)
 *(.rodata*)
 .rodata.task_create.str1.1
                0x000000000800d8dc        0x3 build_fruit_game/task.o
 .rodata.task_run.str1.1
                0x000000000800d8df       0x67 build_fruit_game/task.o
 .rodata.timer_set.str1.1
                0x000000000800d946        0x3 build_fruit_game/timer.o
 .rodata.msg_force_free.str1.1
                0x000000000800d949        0x3 build_fruit_game/message.o
 .rodata.ak_malloc.str1.1
                0x000000000800d94c        0xa build_fruit_game/message.o
 .rodata.fifo_put.str1.1
                0x000000000800d956        0x5 build_fruit_game/fifo.o
 .rodata.xvfprintf.str1.1
                0x000000000800d95b        0xb build_fruit_game/xprintf.o
                                          0xc (size before relaxing)
 *fill*         0x000000000800d966        0x2 
 .rodata.buzzer_music_table
                0x000000000800d968       0x90 build_fruit_game/buzzer.o
 .rodata.tones_3beep
                0x000000000800d9f8       0x18 build_fruit_game/buzzer_music.o
                0x000000000800d9f8                tones_3beep
 .rodata.tones_bang
                0x000000000800da10        0xc build_fruit_game/buzzer_music.o
                0x000000000800da10                tones_bang
 .rodata.tones_click
                0x000000000800da1c        0x8 build_fruit_game/buzzer_music.o
                0x000000000800da1c                tones_click
 .rodata.tones_goodbye
                0x000000000800da24       0x14 build_fruit_game/buzzer_music.o
                0x000000000800da24                tones_goodbye
 .rodata.tones_highscore
                0x000000000800da38       0x20 build_fruit_game/buzzer_music.o
                0x000000000800da38                tones_highscore
 .rodata.tones_jingle_bells
                0x000000000800da58      0x11c build_fruit_game/buzzer_music.o
                0x000000000800da58                tones_jingle_bells
 .rodata.tones_lets_go
                0x000000000800db74       0x28 build_fruit_game/buzzer_music.o
                0x000000000800db74                tones_lets_go
 .rodata.tones_lowscore
                0x000000000800db9c       0x14 build_fruit_game/buzzer_music.o
                0x000000000800db9c                tones_lowscore
 .rodata.tones_mario_kart
                0x000000000800dbb0      0x110 build_fruit_game/buzzer_music.o
                0x000000000800dbb0                tones_mario_kart
 .rodata.tones_pirates
                0x000000000800dcc0      0x17c build_fruit_game/buzzer_music.o
                0x000000000800dcc0                tones_pirates
 .rodata.tones_smb
                0x000000000800de3c      0x104 build_fruit_game/buzzer_music.o
                0x000000000800de3c                tones_smb
 .rodata.tones_startup
                0x000000000800df40       0x28 build_fruit_game/buzzer_music.o
                0x000000000800df40                tones_startup
 .rodata.tones_usb_connected
                0x000000000800df68       0x10 build_fruit_game/buzzer_music.o
                0x000000000800df68                tones_usb_connected
 .rodata.tones_usb_disconnected
                0x000000000800df78       0x10 build_fruit_game/buzzer_music.o
                0x000000000800df78                tones_usb_disconnected
 .rodata.tones_we_will_rock_you
                0x000000000800df88       0x68 build_fruit_game/buzzer_music.o
                0x000000000800df88                tones_we_will_rock_you
 .rodata.tones_welcome
                0x000000000800dff0       0x14 build_fruit_game/buzzer_music.o
                0x000000000800dff0                tones_welcome
 .rodata.tones_wheels_on_the_bus
                0x000000000800e004       0x70 build_fruit_game/buzzer_music.o
                0x000000000800e004                tones_wheels_on_the_bus
 .rodata.sys_dbg_cpu_dump.str1.1
                0x000000000800e074       0x5f build_fruit_game/sys_dbg.o
 .rodata.sys_dbg_stack_space_dump.str1.1
                0x000000000800e0d3       0x2f build_fruit_game/sys_dbg.o
 .rodata.sys_dbg_fatal.str1.1
                0x000000000800e102      0x25f build_fruit_game/sys_dbg.o
                                        0x261 (size before relaxing)
 .rodata.exit_critical.str1.1
                0x000000000800e361        0x4 build_fruit_game/platform.o
 .rodata.default_handler.str1.1
                0x000000000800e365        0x3 build_fruit_game/system.o
 .rodata.sys_cfg_update_info.str1.1
                0x000000000800e368       0x62 build_fruit_game/sys_cfg.o
                                         0x64 (size before relaxing)
 .rodata.sys_ctrl_soft_watchdog_increase_counter.str1.1
                0x000000000800e3ca        0x5 build_fruit_game/sys_cfg.o
 .rodata.flash_transfer.str1.1
                0x000000000800e3cf        0x4 build_fruit_game/io_cfg.o
 .rodata._ZNSt6vectorI4ballSaIS0_EE17_M_realloc_insertIJRKS0_EEEvN9__gnu_cxx17__normal_iteratorIPS0_S2_EEDpOT_.str1.1
                0x000000000800e3d3       0x1a build_fruit_game/scr_idle.o
 .rodata._Z15scr_idle_handleP8ak_msg_t.str1.1
                0x000000000800e3ed       0x8b build_fruit_game/scr_idle.o
 .rodata._ZL18view_scr_menu_gamev.str1.1
                0x000000000800e478        0x5 build_fruit_game/scr_menu_game.o
 .rodata._Z20scr_menu_game_handleP8ak_msg_t.str1.1
                0x000000000800e47d       0x8b build_fruit_game/scr_menu_game.o
 .rodata.str1.1
                0x000000000800e47d       0x14 build_fruit_game/scr_menu_game.o
 *fill*         0x000000000800e491        0x3 
 .rodata._ZL10menu_items
                0x000000000800e494        0xc build_fruit_game/scr_menu_game.o
 .rodata._ZL21view_scr_game_settingv.str1.1
                0x000000000800e4a0       0x2d build_fruit_game/scr_game_setting.o
 .rodata._Z23scr_game_setting_handleP8ak_msg_t.str1.1
                0x000000000800e4cd       0x8b build_fruit_game/scr_game_setting.o
 .rodata._ZL16view_scr_startupv.str1.1
                0x000000000800e4cd       0x53 build_fruit_game/scr_startup.o
 .rodata._Z18scr_startup_handleP8ak_msg_t.str1.1
                0x000000000800e520       0x76 build_fruit_game/scr_startup.o
                                         0x9e (size before relaxing)
 .rodata._ZL20view_scr_charts_gamev.str1.1
                0x000000000800e596       0x12 build_fruit_game/scr_charts_game.o
 .rodata._Z22scr_charts_game_handleP8ak_msg_t.str1.1
                0x000000000800e5a8       0x47 build_fruit_game/scr_charts_game.o
                                         0x5c (size before relaxing)
 .rodata.bitmap_fruit_bad_1
                0x000000000800e5ef        0x8 build_fruit_game/screens_bitmap.o
                0x000000000800e5ef                bitmap_fruit_bad_1
 .rodata.bitmap_fruit_bad_2
                0x000000000800e5f7        0x8 build_fruit_game/screens_bitmap.o
                0x000000000800e5f7                bitmap_fruit_bad_2
 .rodata.bitmap_fruit_bad_3
                0x000000000800e5ff        0x8 build_fruit_game/screens_bitmap.o
                0x000000000800e5ff                bitmap_fruit_bad_3
 .rodata.bitmap_fruit_basket
                0x000000000800e607       0x10 build_fruit_game/screens_bitmap.o
                0x000000000800e607                bitmap_fruit_basket
 .rodata.bitmap_fruit_good_1
                0x000000000800e617        0x8 build_fruit_game/screens_bitmap.o
                0x000000000800e617                bitmap_fruit_good_1
 .rodata.bitmap_fruit_good_2
                0x000000000800e61f        0x8 build_fruit_game/screens_bitmap.o
                0x000000000800e61f                bitmap_fruit_good_2
 .rodata.bitmap_fruit_good_3
                0x000000000800e627        0x8 build_fruit_game/screens_bitmap.o
                0x000000000800e627                bitmap_fruit_good_3
 .rodata.bitmap_icon_charts
                0x000000000800e62f       0xa0 build_fruit_game/screens_bitmap.o
                0x000000000800e62f                bitmap_icon_charts
 .rodata._ZL19view_scr_fruit_gamev.str1.1
                0x000000000800e6cf       0x40 build_fruit_game/scr_fruit_game.o
 *fill*         0x000000000800e70f        0x1 
 .rodata._ZL18fruit_bitmap_table
                0x000000000800e710       0x18 build_fruit_game/fruits.o
 .rodata._Z11task_systemP8ak_msg_t.str1.1
                0x000000000800e728       0x23 build_fruit_game/task_system.o
 .rodata.main_app.str1.1
                0x000000000800e74b       0x3a build_fruit_game/app.o
 .rodata._Z20task_polling_consolev.str1.1
                0x000000000800e785       0x31 build_fruit_game/app.o
 *fill*         0x000000000800e7b6        0x2 
 .rodata.app_info
                0x000000000800e7b8        0x8 build_fruit_game/app.o
                0x000000000800e7b8                app_info
 .rodata._Z17btn_mode_callbackPv.str1.1
                0x000000000800e7c0       0x84 build_fruit_game/app_bsp.o
 .rodata._Z15btn_up_callbackPv.str1.1
                0x000000000800e844       0x10 build_fruit_game/app_bsp.o
 .rodata._Z17btn_down_callbackPv.str1.1
                0x000000000800e854       0x12 build_fruit_game/app_bsp.o
 .rodata._Z11shell_resetPh.str1.1
                0x000000000800e866        0x6 build_fruit_game/shell.o
 .rodata._Z10shell_helpPh.str1.1
                0x000000000800e86c       0x24 build_fruit_game/shell.o
 .rodata._Z9shell_verPh.str1.1
                0x000000000800e890      0x15d build_fruit_game/shell.o
                                        0x180 (size before relaxing)
 .rodata._Z11shell_fatalPh.str1.1
                0x000000000800e9ed      0x183 build_fruit_game/shell.o
                                        0x347 (size before relaxing)